Error handling registered!
16:15:03 [INFO ] GuiBase: ##########################################
16:15:03 [INFO ] GuiBase: APP: Forge v.2.0.14-SNAPSHOT-08.08
16:15:03 [INFO ] GuiBase: Java: 21.0.9 (Oracle Corporation)
16:15:03 [INFO ] GuiBase: OS: Mac OS X 26.3 aarch64
16:15:03 [INFO ] GuiBase: RAM: 4096 MB max, 8 CPUs
16:15:03 [INFO ] GuiBase: ##########################################
Language 'en-US' loaded successfully.
(ThreadUtil first call): Running with priority 5
Read cards: 33617 archived files in 1 ms (25 parts) using thread pool
Upcoming set Star Trek (TRK) dated in the future. All `upcoming` cards will be added to this set with unknown rarity.
The card A-Alrund's Epiphany was not assigned to any set. Adding it to UNKNOWN set... to fix see res/editions/ folder. 
The card A-Baba Lysaga, Night Witch was not assigned to any set. Adding it to UNKNOWN set... to fix see res/editions/ folder. 
The card A-Divide by Zero was not assigned to any set. Adding it to UNKNOWN set... to fix see res/editions/ folder. 
The card A-Esika's Chariot was not assigned to any set. Adding it to UNKNOWN set... to fix see res/editions/ folder. 
The card A-Faceless Haven was not assigned to any set. Adding it to UNKNOWN set... to fix see res/editions/ folder. 
The card A-Fires of Invention was not assigned to any set. Adding it to UNKNOWN set... to fix see res/editions/ folder. 
The card A-Goldspan Dragon was not assigned to any set. Adding it to UNKNOWN set... to fix see res/editions/ folder. 
The card A-Hullbreaker Horror was not assigned to any set. Adding it to UNKNOWN set... to fix see res/editions/ folder. 
The card A-Kumano Faces Kakkazan was not assigned to any set. Adding it to UNKNOWN set... to fix see res/editions/ folder. 
The card A-Luminarch Aspirant was not assigned to any set. Adding it to UNKNOWN set... to fix see res/editions/ folder. 
The card A-Monster Manual was not assigned to any set. Adding it to UNKNOWN set... to fix see res/editions/ folder. 
The card A-Omnath, Locus of Creation was not assigned to any set. Adding it to UNKNOWN set... to fix see res/editions/ folder. 
The card A-The Meathook Massacre was not assigned to any set. Adding it to UNKNOWN set... to fix see res/editions/ folder. 
The card A-Unholy Heat was not assigned to any set. Adding it to UNKNOWN set... to fix see res/editions/ folder. 
The card Blinding Radiance was not assigned to any set. Adding it to UNKNOWN set... to fix see res/editions/ folder. 
The card Goblin Bruiser was not assigned to any set. Adding it to UNKNOWN set... to fix see res/editions/ folder. 
The card Ogre Painbringer was not assigned to any set. Adding it to UNKNOWN set... to fix see res/editions/ folder. 
The card Titanic Pelagosaur was not assigned to any set. Adding it to UNKNOWN set... to fix see res/editions/ folder. 
The card Treetop Recluse was not assigned to any set. Adding it to UNKNOWN set... to fix see res/editions/ folder. 
Upcoming set Star Trek (TRK) dated in the future. All `upcoming` cards will be added to this set with unknown rarity.
Read cards: 836 files in 0 ms (8 parts) using thread pool
Simulation mode
Ai(1)-mm-talrand-spells [Experimental] vs Ai(2)-mm-abaddon [Experimental] vs Ai(3)-mm-baylen-tokens [Experimental] vs Ai(4)-mm-muldrotha-value [Experimental] - two games of Commander seed 249713557
Warning: default (ie. inherited from base class) implementation of confirmAction is used by Baylen, the Haymaker for forge.ai.ability.PermanentCreatureAi. Consider declaring an overloaded method
Warning: default (ie. inherited from base class) implementation of confirmAction is used by Abaddon the Despoiler for forge.ai.ability.PermanentCreatureAi. Consider declaring an overloaded method
Warning: default (ie. inherited from base class) implementation of chkAIDrawback is used by Jeska's Will for forge.ai.ability.ManaAi. Consider declaring an overloaded method
Warning: default (ie. inherited from base class) implementation of chkAIDrawback is used by Jeska's Will for forge.ai.ability.ManaAi. Consider declaring an overloaded method
Warning: default (ie. inherited from base class) implementation of confirmAction is used by Abaddon the Despoiler for forge.ai.ability.PermanentCreatureAi. Consider declaring an overloaded method
Mulligan: Ai(2)-mm-abaddon has mulliganed down to 7 cards.
Mulligan: Ai(4)-mm-muldrotha-value has mulliganed down to 7 cards.
Mulligan: Ai(2)-mm-abaddon has mulliganed down to 6 cards.
Mulligan: Ai(1)-mm-talrand-spells has kept a hand of 7 cards
Mulligan: Ai(2)-mm-abaddon has kept a hand of 6 cards
Mulligan: Ai(3)-mm-baylen-tokens has kept a hand of 7 cards
Mulligan: Ai(4)-mm-muldrotha-value has kept a hand of 7 cards
Turn: Turn 1 (Ai(1)-mm-talrand-spells)
Phase: Ai(1)-mm-talrand-spells' Untap step
Phase: Ai(1)-mm-talrand-spells' Upkeep step
Phase: Ai(1)-mm-talrand-spells' Draw step
Phase: Ai(1)-mm-talrand-spells' Main phase, precombat
Land: Ai(1)-mm-talrand-spells played Island (44)
Phase: Ai(1)-mm-talrand-spells' Beginning of Combat Step
Phase: Ai(1)-mm-talrand-spells' Declare Attackers Step
Phase: Ai(1)-mm-talrand-spells' Declare Blockers Step
Phase: Ai(1)-mm-talrand-spells' First Strike Damage Step
Phase: Ai(1)-mm-talrand-spells' Combat Damage Step
Phase: Ai(1)-mm-talrand-spells' End of Combat Step
Phase: Ai(1)-mm-talrand-spells' Main phase, postcombat
Phase: Ai(1)-mm-talrand-spells' End step
Phase: Ai(1)-mm-talrand-spells' Cleanup step
Turn: Turn 2 (Ai(2)-mm-abaddon)
Phase: Ai(2)-mm-abaddon's Untap step
Phase: Ai(2)-mm-abaddon's Upkeep step
Phase: Ai(2)-mm-abaddon's Draw step
Phase: Ai(2)-mm-abaddon's Main phase, precombat
Land: Ai(2)-mm-abaddon played Mountain (184)
Phase: Ai(2)-mm-abaddon's Beginning of Combat Step
Phase: Ai(2)-mm-abaddon's Declare Attackers Step
Phase: Ai(2)-mm-abaddon's Declare Blockers Step
Phase: Ai(2)-mm-abaddon's First Strike Damage Step
Phase: Ai(2)-mm-abaddon's Combat Damage Step
Phase: Ai(2)-mm-abaddon's End of Combat Step
Phase: Ai(2)-mm-abaddon's Main phase, postcombat
Mana: Island (44) - {T}: Add {U}.
Add To Stack: Ai(1)-mm-talrand-spells cast Brainstorm
Resolve Stack: Brainstorm (89) - Ai(1)-mm-talrand-spells draws three cards, then puts two cards from their hand on top of their library in any order.
Phase: Ai(2)-mm-abaddon's End step
Phase: Ai(2)-mm-abaddon's Cleanup step
Turn: Turn 3 (Ai(3)-mm-baylen-tokens)
Phase: Ai(3)-mm-baylen-tokens' Untap step
Phase: Ai(3)-mm-baylen-tokens' Upkeep step
Phase: Ai(3)-mm-baylen-tokens' Draw step
Phase: Ai(3)-mm-baylen-tokens' Main phase, precombat
Replacement Effect: Jetmir's Garden enters tapped.
Land: Ai(3)-mm-baylen-tokens played Jetmir's Garden (222)
Phase: Ai(3)-mm-baylen-tokens' Beginning of Combat Step
Phase: Ai(3)-mm-baylen-tokens' Declare Attackers Step
Phase: Ai(3)-mm-baylen-tokens' Declare Blockers Step
Phase: Ai(3)-mm-baylen-tokens' First Strike Damage Step
Phase: Ai(3)-mm-baylen-tokens' Combat Damage Step
Phase: Ai(3)-mm-baylen-tokens' End of Combat Step
Phase: Ai(3)-mm-baylen-tokens' Main phase, postcombat
Phase: Ai(3)-mm-baylen-tokens' End step
Phase: Ai(3)-mm-baylen-tokens' Cleanup step
Turn: Turn 4 (Ai(4)-mm-muldrotha-value)
Phase: Ai(4)-mm-muldrotha-value's Untap step
Phase: Ai(4)-mm-muldrotha-value's Upkeep step
Phase: Ai(4)-mm-muldrotha-value's Draw step
Phase: Ai(4)-mm-muldrotha-value's Main phase, precombat
Replacement Effect: Sunken Hollow enters tapped unless you control two or more basic lands.
Land: Ai(4)-mm-muldrotha-value played Sunken Hollow (331)
Phase: Ai(4)-mm-muldrotha-value's Beginning of Combat Step
Phase: Ai(4)-mm-muldrotha-value's Declare Attackers Step
Phase: Ai(4)-mm-muldrotha-value's Declare Blockers Step
Phase: Ai(4)-mm-muldrotha-value's First Strike Damage Step
Phase: Ai(4)-mm-muldrotha-value's Combat Damage Step
Phase: Ai(4)-mm-muldrotha-value's End of Combat Step
Phase: Ai(4)-mm-muldrotha-value's Main phase, postcombat
Phase: Ai(4)-mm-muldrotha-value's End step
Phase: Ai(4)-mm-muldrotha-value's Cleanup step
Turn: Turn 5 (Ai(1)-mm-talrand-spells)
Phase: Ai(1)-mm-talrand-spells' Untap step
Phase: Ai(1)-mm-talrand-spells' Upkeep step
Phase: Ai(1)-mm-talrand-spells' Draw step
Phase: Ai(1)-mm-talrand-spells' Main phase, precombat
Land: Ai(1)-mm-talrand-spells played Island (49)
Phase: Ai(1)-mm-talrand-spells' Beginning of Combat Step
Phase: Ai(1)-mm-talrand-spells' Declare Attackers Step
Phase: Ai(1)-mm-talrand-spells' Declare Blockers Step
Phase: Ai(1)-mm-talrand-spells' First Strike Damage Step
Phase: Ai(1)-mm-talrand-spells' Combat Damage Step
Phase: Ai(1)-mm-talrand-spells' End of Combat Step
Phase: Ai(1)-mm-talrand-spells' Main phase, postcombat
Mana: Island (44) - {T}: Add {U}.
Mana: Island (49) - {T}: Add {U}.
Add To Stack: Ai(1)-mm-talrand-spells cast Think Twice
Resolve Stack: Think Twice (71) - Ai(1)-mm-talrand-spells draws a card.
Phase: Ai(1)-mm-talrand-spells' End step
Phase: Ai(1)-mm-talrand-spells' Cleanup step
Turn: Turn 6 (Ai(2)-mm-abaddon)
Phase: Ai(2)-mm-abaddon's Untap step
Phase: Ai(2)-mm-abaddon's Upkeep step
Phase: Ai(2)-mm-abaddon's Draw step
Phase: Ai(2)-mm-abaddon's Main phase, precombat
Replacement Effect: As Watery Grave enters, you may pay 2 life. If you don't, it enters tapped.
Land: Ai(2)-mm-abaddon played Watery Grave (124)
Phase: Ai(2)-mm-abaddon's Beginning of Combat Step
Phase: Ai(2)-mm-abaddon's Declare Attackers Step
Phase: Ai(2)-mm-abaddon's Declare Blockers Step
Phase: Ai(2)-mm-abaddon's First Strike Damage Step
Phase: Ai(2)-mm-abaddon's Combat Damage Step
Phase: Ai(2)-mm-abaddon's End of Combat Step
Phase: Ai(2)-mm-abaddon's Main phase, postcombat
Phase: Ai(2)-mm-abaddon's End step
Phase: Ai(2)-mm-abaddon's Cleanup step
Turn: Turn 7 (Ai(3)-mm-baylen-tokens)
Phase: Ai(3)-mm-baylen-tokens' Untap step
Phase: Ai(3)-mm-baylen-tokens' Upkeep step
Phase: Ai(3)-mm-baylen-tokens' Draw step
Phase: Ai(3)-mm-baylen-tokens' Main phase, precombat
Land: Ai(3)-mm-baylen-tokens played Forest (227)
Mana: Forest (227) - {T}: Add {G}.
Mana: Jetmir's Garden (222) - {T}: Add {G}.
Add To Stack: Ai(3)-mm-baylen-tokens cast Three Visits
Replacement Effect: Cinder Glade enters tapped unless you control two or more basic lands.
Resolve Stack: Three Visits (232) - Ai(3)-mm-baylen-tokens searches their library for a Forest card, puts it onto the battlefield, then shuffles.
Phase: Ai(3)-mm-baylen-tokens' Beginning of Combat Step
Phase: Ai(3)-mm-baylen-tokens' Declare Attackers Step
Phase: Ai(3)-mm-baylen-tokens' Declare Blockers Step
Phase: Ai(3)-mm-baylen-tokens' First Strike Damage Step
Phase: Ai(3)-mm-baylen-tokens' Combat Damage Step
Phase: Ai(3)-mm-baylen-tokens' End of Combat Step
Phase: Ai(3)-mm-baylen-tokens' Main phase, postcombat
Phase: Ai(3)-mm-baylen-tokens' End step
Phase: Ai(3)-mm-baylen-tokens' Cleanup step
Turn: Turn 8 (Ai(4)-mm-muldrotha-value)
Phase: Ai(4)-mm-muldrotha-value's Untap step
Phase: Ai(4)-mm-muldrotha-value's Upkeep step
Phase: Ai(4)-mm-muldrotha-value's Draw step
Phase: Ai(4)-mm-muldrotha-value's Main phase, precombat
Replacement Effect: Undergrowth Stadium enters tapped unless you have two or more opponents.
Land: Ai(4)-mm-muldrotha-value played Undergrowth Stadium (395)
Phase: Ai(4)-mm-muldrotha-value's Beginning of Combat Step
Phase: Ai(4)-mm-muldrotha-value's Declare Attackers Step
Phase: Ai(4)-mm-muldrotha-value's Declare Blockers Step
Phase: Ai(4)-mm-muldrotha-value's First Strike Damage Step
Phase: Ai(4)-mm-muldrotha-value's Combat Damage Step
Phase: Ai(4)-mm-muldrotha-value's End of Combat Step
Phase: Ai(4)-mm-muldrotha-value's Main phase, postcombat
Mana: Undergrowth Stadium (395) - {T}: Add {B} or {G}.
Mana: Sunken Hollow (331) - {T}: Add {B}.
Add To Stack: Ai(4)-mm-muldrotha-value cast Aftermath Analyst
Resolve Stack: Aftermath Analyst - Creature 1 / 3
Add To Stack: Ai(4)-mm-muldrotha-value triggered Aftermath Analyst
Zone Change: Ai(4)-mm-muldrotha-value milled Woodland Cemetery (393), Misty Rainforest (314) and Secrets of the Dead (400).
Resolve Stack: When Aftermath Analyst enters, mill three cards. [Zone Changer: Aftermath Analyst (332)]
Phase: Ai(4)-mm-muldrotha-value's End step
Phase: Ai(4)-mm-muldrotha-value's Cleanup step
Turn: Turn 9 (Ai(1)-mm-talrand-spells)
Phase: Ai(1)-mm-talrand-spells' Untap step
Phase: Ai(1)-mm-talrand-spells' Upkeep step
Phase: Ai(1)-mm-talrand-spells' Draw step
Phase: Ai(1)-mm-talrand-spells' Main phase, precombat
Land: Ai(1)-mm-talrand-spells played Island (43)
Phase: Ai(1)-mm-talrand-spells' Beginning of Combat Step
Phase: Ai(1)-mm-talrand-spells' Declare Attackers Step
Phase: Ai(1)-mm-talrand-spells' Declare Blockers Step
Phase: Ai(1)-mm-talrand-spells' First Strike Damage Step
Phase: Ai(1)-mm-talrand-spells' Combat Damage Step
Phase: Ai(1)-mm-talrand-spells' End of Combat Step
Phase: Ai(1)-mm-talrand-spells' Main phase, postcombat
Phase: Ai(1)-mm-talrand-spells' End step
Phase: Ai(1)-mm-talrand-spells' Cleanup step
Turn: Turn 10 (Ai(2)-mm-abaddon)
Phase: Ai(2)-mm-abaddon's Untap step
Phase: Ai(2)-mm-abaddon's Upkeep step
Phase: Ai(2)-mm-abaddon's Draw step
Phase: Ai(2)-mm-abaddon's Main phase, precombat
Land: Ai(2)-mm-abaddon played Terramorphic Expanse (200)
Zone Change: Terramorphic Expanse (200) was put into Graveyard from Battlefield.
Add To Stack: Ai(2)-mm-abaddon activated Terramorphic Expanse
Resolve Stack: Terramorphic Expanse (200) - Ai(2)-mm-abaddon searches their library for a basic land card, puts it onto the battlefield tapped, then shuffles.
Phase: Ai(2)-mm-abaddon's Beginning of Combat Step
Phase: Ai(2)-mm-abaddon's Declare Attackers Step
Phase: Ai(2)-mm-abaddon's Declare Blockers Step
Phase: Ai(2)-mm-abaddon's First Strike Damage Step
Phase: Ai(2)-mm-abaddon's Combat Damage Step
Phase: Ai(2)-mm-abaddon's End of Combat Step
Phase: Ai(2)-mm-abaddon's Main phase, postcombat
Mana: Island (44) - {T}: Add {U}.
Mana: Island (49) - {T}: Add {U}.
Mana: Island (43) - {T}: Add {U}.
Add To Stack: Ai(1)-mm-talrand-spells cast Think Twice
Resolve Stack: Think Twice (71) - Ai(1)-mm-talrand-spells draws a card.
Replacement Effect: Flashback {2}{U} (You may cast this card from your graveyard for its flashback cost. Then exile it.)
Phase: Ai(2)-mm-abaddon's End step
Phase: Ai(2)-mm-abaddon's Cleanup step
Turn: Turn 11 (Ai(3)-mm-baylen-tokens)
Phase: Ai(3)-mm-baylen-tokens' Untap step
Phase: Ai(3)-mm-baylen-tokens' Upkeep step
Phase: Ai(3)-mm-baylen-tokens' Draw step
Phase: Ai(3)-mm-baylen-tokens' Main phase, precombat
Land: Ai(3)-mm-baylen-tokens played Plains (287)
Mana: Forest (227) - {T}: Add {G}.
Mana: Plains (287) - {T}: Add {W}.
Add To Stack: Ai(3)-mm-baylen-tokens cast Rampant Growth
Resolve Stack: Rampant Growth (278) - Search your library for a basic land card, put that card onto the battlefield tapped, then shuffle.
Mana: Cinder Glade (213) - {T}: Add {G}.
Mana: Jetmir's Garden (222) - {T}: Add {G}.
Add To Stack: Ai(3)-mm-baylen-tokens cast Farseek
Replacement Effect: As Stomping Ground enters, you may pay 2 life. If you don't, it enters tapped.
Resolve Stack: Farseek (272) - Ai(3)-mm-baylen-tokens searches their library for a Plains, Island, Swamp or Mountain card, puts it onto the battlefield tapped, then shuffles.
Phase: Ai(3)-mm-baylen-tokens' Beginning of Combat Step
Phase: Ai(3)-mm-baylen-tokens' Declare Attackers Step
Phase: Ai(3)-mm-baylen-tokens' Declare Blockers Step
Phase: Ai(3)-mm-baylen-tokens' First Strike Damage Step
Phase: Ai(3)-mm-baylen-tokens' Combat Damage Step
Phase: Ai(3)-mm-baylen-tokens' End of Combat Step
Phase: Ai(3)-mm-baylen-tokens' Main phase, postcombat
Phase: Ai(3)-mm-baylen-tokens' End step
Phase: Ai(3)-mm-baylen-tokens' Cleanup step
Turn: Turn 12 (Ai(4)-mm-muldrotha-value)
Phase: Ai(4)-mm-muldrotha-value's Untap step
Phase: Ai(4)-mm-muldrotha-value's Upkeep step
Phase: Ai(4)-mm-muldrotha-value's Draw step
Phase: Ai(4)-mm-muldrotha-value's Main phase, precombat
Land: Ai(4)-mm-muldrotha-value played Forest (344)
Phase: Ai(4)-mm-muldrotha-value's Beginning of Combat Step
Phase: Ai(4)-mm-muldrotha-value's Declare Attackers Step
Combat: Ai(4)-mm-muldrotha-value assigned Aftermath Analyst (332) to attack Ai(1)-mm-talrand-spells.
Phase: Ai(4)-mm-muldrotha-value's Declare Blockers Step
Combat: Ai(1)-mm-talrand-spells didn't block Aftermath Analyst (332).
Phase: Ai(4)-mm-muldrotha-value's First Strike Damage Step
Phase: Ai(4)-mm-muldrotha-value's Combat Damage Step
Damage: Aftermath Analyst (332) deals 1 combat damage to Ai(1)-mm-talrand-spells.
Life: Life: Ai(1)-mm-talrand-spells 40 > 39
Phase: Ai(4)-mm-muldrotha-value's End of Combat Step
Phase: Ai(4)-mm-muldrotha-value's Main phase, postcombat
Mana: Forest (344) - {T}: Add {G}.
Mana: Undergrowth Stadium (395) - {T}: Add {B} or {G}.
Add To Stack: Ai(4)-mm-muldrotha-value cast Sakura-Tribe Elder
Resolve Stack: Sakura-Tribe Elder - Creature 1 / 1
Zone Change: Sakura-Tribe Elder (387) was put into Graveyard from Battlefield.
Add To Stack: Ai(4)-mm-muldrotha-value activated Sakura-Tribe Elder
Resolve Stack: Sakura-Tribe Elder (387) - Ai(4)-mm-muldrotha-value searches their library for a basic land card, puts it onto the battlefield tapped, then shuffles.
Phase: Ai(4)-mm-muldrotha-value's End step
Phase: Ai(4)-mm-muldrotha-value's Cleanup step
Turn: Turn 13 (Ai(1)-mm-talrand-spells)
Phase: Ai(1)-mm-talrand-spells' Untap step
Phase: Ai(1)-mm-talrand-spells' Upkeep step
Phase: Ai(1)-mm-talrand-spells' Draw step
Phase: Ai(1)-mm-talrand-spells' Main phase, precombat
Land: Ai(1)-mm-talrand-spells played Riptide Laboratory (9)
Phase: Ai(1)-mm-talrand-spells' Beginning of Combat Step
Phase: Ai(1)-mm-talrand-spells' Declare Attackers Step
Phase: Ai(1)-mm-talrand-spells' Declare Blockers Step
Phase: Ai(1)-mm-talrand-spells' First Strike Damage Step
Phase: Ai(1)-mm-talrand-spells' Combat Damage Step
Phase: Ai(1)-mm-talrand-spells' End of Combat Step
Phase: Ai(1)-mm-talrand-spells' Main phase, postcombat
Mana: Island (44) - {T}: Add {U}.
Mana: Island (49) - {T}: Add {U}.
Mana: Island (43) - {T}: Add {U}.
Mana: Riptide Laboratory (9) - {T}: Add {C}.
Add To Stack: Ai(1)-mm-talrand-spells cast Talrand, Sky Summoner
Resolve Stack: Talrand, Sky Summoner - Creature 2 / 2
Phase: Ai(1)-mm-talrand-spells' End step
Phase: Ai(1)-mm-talrand-spells' Cleanup step
Discard: Ai(1)-mm-talrand-spells discards Island (51).
Turn: Turn 14 (Ai(2)-mm-abaddon)
Phase: Ai(2)-mm-abaddon's Untap step
Phase: Ai(2)-mm-abaddon's Upkeep step
Phase: Ai(2)-mm-abaddon's Draw step
Phase: Ai(2)-mm-abaddon's Main phase, precombat
Land: Ai(2)-mm-abaddon played Exotic Orchard (136)
Phase: Ai(2)-mm-abaddon's Beginning of Combat Step
Phase: Ai(2)-mm-abaddon's Declare Attackers Step
Phase: Ai(2)-mm-abaddon's Declare Blockers Step
Phase: Ai(2)-mm-abaddon's First Strike Damage Step
Phase: Ai(2)-mm-abaddon's Combat Damage Step
Phase: Ai(2)-mm-abaddon's End of Combat Step
Phase: Ai(2)-mm-abaddon's Main phase, postcombat
Mana: Exotic Orchard (136) - {T}: Add one mana of any color that a land an opponent controls could produce.
Mana: Mountain (184) - {T}: Add {R}.
Mana: Island (125) - {T}: Add {U}.
Add To Stack: Ai(2)-mm-abaddon cast Loyal Subordinate
Resolve Stack: Loyal Subordinate - Creature 3 / 1
Phase: Ai(2)-mm-abaddon's End step
Phase: Ai(2)-mm-abaddon's Cleanup step
Turn: Turn 15 (Ai(3)-mm-baylen-tokens)
Phase: Ai(3)-mm-baylen-tokens' Untap step
Phase: Ai(3)-mm-baylen-tokens' Upkeep step
Phase: Ai(3)-mm-baylen-tokens' Draw step
Phase: Ai(3)-mm-baylen-tokens' Main phase, precombat
Land: Ai(3)-mm-baylen-tokens played Arid Mesa (236)
Life: Life: Ai(3)-mm-baylen-tokens 40 > 39
Zone Change: Arid Mesa (236) was put into Graveyard from Battlefield.
Add To Stack: Ai(3)-mm-baylen-tokens activated Arid Mesa
Replacement Effect: As Sacred Foundry enters, you may pay 2 life. If you don't, it enters tapped.
Resolve Stack: Arid Mesa (236) - Ai(3)-mm-baylen-tokens searches their library for a Mountain or Plains card, puts it onto the battlefield, then shuffles.
Phase: Ai(3)-mm-baylen-tokens' Beginning of Combat Step
Phase: Ai(3)-mm-baylen-tokens' Declare Attackers Step
Phase: Ai(3)-mm-baylen-tokens' Declare Blockers Step
Phase: Ai(3)-mm-baylen-tokens' First Strike Damage Step
Phase: Ai(3)-mm-baylen-tokens' Combat Damage Step
Phase: Ai(3)-mm-baylen-tokens' End of Combat Step
Phase: Ai(3)-mm-baylen-tokens' Main phase, postcombat
Mana: Plains (287) - {T}: Add {W}.
Mana: Cinder Glade (213) - {T}: Add {R}.
Mana: Forest (227) - {T}: Add {G}.
Add To Stack: Ai(3)-mm-baylen-tokens cast Baylen, the Haymaker
Resolve Stack: Baylen, the Haymaker - Creature 4 / 3
Mana: Plains (288) - {T}: Add {W}.
Mana: Stomping Ground (224) - {T}: Add {G}.
Add To Stack: Ai(3)-mm-baylen-tokens cast Hare Apparent
Resolve Stack: Hare Apparent - Creature 2 / 2
Add To Stack: Ai(3)-mm-baylen-tokens triggered Hare Apparent
Resolve Stack: When this creature enters, create a number of 1/1 white Rabbit creature tokens equal to the number of other creatures you control named Hare Apparent. [Zone Changer: Hare Apparent (244)]
Phase: Ai(3)-mm-baylen-tokens' End step
Phase: Ai(3)-mm-baylen-tokens' Cleanup step
Turn: Turn 16 (Ai(4)-mm-muldrotha-value)
Phase: Ai(4)-mm-muldrotha-value's Untap step
Phase: Ai(4)-mm-muldrotha-value's Upkeep step
Phase: Ai(4)-mm-muldrotha-value's Draw step
Phase: Ai(4)-mm-muldrotha-value's Main phase, precombat
Replacement Effect: Drowned Catacomb enters tapped unless you control an Island or a Swamp.
Land: Ai(4)-mm-muldrotha-value played Drowned Catacomb (389)
Phase: Ai(4)-mm-muldrotha-value's Beginning of Combat Step
Phase: Ai(4)-mm-muldrotha-value's Declare Attackers Step
Phase: Ai(4)-mm-muldrotha-value's Declare Blockers Step
Phase: Ai(4)-mm-muldrotha-value's First Strike Damage Step
Phase: Ai(4)-mm-muldrotha-value's Combat Damage Step
Phase: Ai(4)-mm-muldrotha-value's End of Combat Step
Phase: Ai(4)-mm-muldrotha-value's Main phase, postcombat
Mana: Island (339) - {T}: Add {U}.
Mana: Drowned Catacomb (389) - {T}: Add {U} or {B}.
Add To Stack: Ai(4)-mm-muldrotha-value cast Baleful Strix
Resolve Stack: Baleful Strix - Creature 1 / 1
Add To Stack: Ai(4)-mm-muldrotha-value triggered Baleful Strix
Resolve Stack: When Baleful Strix enters, draw a card. [Zone Changer: Baleful Strix (323)]
Mana: Undergrowth Stadium (395) - {T}: Add {B} or {G}.
Mana: Forest (344) - {T}: Add {G}.
Add To Stack: Ai(4)-mm-muldrotha-value cast Ripples of Undeath
Resolve Stack: Ripples of Undeath
Phase: Ai(4)-mm-muldrotha-value's End step
Phase: Ai(4)-mm-muldrotha-value's Cleanup step
Turn: Turn 17 (Ai(1)-mm-talrand-spells)
Phase: Ai(1)-mm-talrand-spells' Untap step
Phase: Ai(1)-mm-talrand-spells' Upkeep step
Phase: Ai(1)-mm-talrand-spells' Draw step
Phase: Ai(1)-mm-talrand-spells' Main phase, precombat
Land: Ai(1)-mm-talrand-spells played Island (47)
Mana: Island (44) - {T}: Add {U}.
Mana: Island (49) - {T}: Add {U}.
Mana: Island (43) - {T}: Add {U}.
Add To Stack: Ai(1)-mm-talrand-spells cast Heraldic Banner
Replacement Effect: As Heraldic Banner enters, choose a color.
Resolve Stack: Heraldic Banner
Phase: Ai(1)-mm-talrand-spells' Beginning of Combat Step
Phase: Ai(1)-mm-talrand-spells' Declare Attackers Step
Phase: Ai(1)-mm-talrand-spells' Declare Blockers Step
Phase: Ai(1)-mm-talrand-spells' First Strike Damage Step
Phase: Ai(1)-mm-talrand-spells' Combat Damage Step
Phase: Ai(1)-mm-talrand-spells' End of Combat Step
Phase: Ai(1)-mm-talrand-spells' Main phase, postcombat
Mana: Island (47) - {T}: Add {U}.
Mana: Heraldic Banner (5) - {T}: Add one mana of the chosen color.
Mana: Riptide Laboratory (9) - {T}: Add {C}.
Add To Stack: Ai(1)-mm-talrand-spells cast Winged Words
Add To Stack: Ai(1)-mm-talrand-spells triggered Talrand, Sky Summoner
Resolve Stack: Whenever you cast an instant or sorcery spell, create a 2/2 blue Drake creature token with flying. [Card: Winged Words (93), Activator: Ai(1)-mm-talrand-spells, SpellAbility: Draw two cards.]
Resolve Stack: Winged Words (93) - Ai(1)-mm-talrand-spells draws two cards.
Phase: Ai(1)-mm-talrand-spells' End step
Phase: Ai(1)-mm-talrand-spells' Cleanup step
Turn: Turn 18 (Ai(2)-mm-abaddon)
Phase: Ai(2)-mm-abaddon's Untap step
Phase: Ai(2)-mm-abaddon's Upkeep step
Phase: Ai(2)-mm-abaddon's Draw step
Phase: Ai(2)-mm-abaddon's Main phase, precombat
Phase: Ai(2)-mm-abaddon's Beginning of Combat Step
Phase: Ai(2)-mm-abaddon's Declare Attackers Step
Phase: Ai(2)-mm-abaddon's Declare Blockers Step
Phase: Ai(2)-mm-abaddon's First Strike Damage Step
Phase: Ai(2)-mm-abaddon's Combat Damage Step
Phase: Ai(2)-mm-abaddon's End of Combat Step
Phase: Ai(2)-mm-abaddon's Main phase, postcombat
Mana: Exotic Orchard (136) - {T}: Add one mana of any color that a land an opponent controls could produce.
Mana: Watery Grave (124) - {T}: Add {B}.
Mana: Island (125) - {T}: Add {U}.
Mana: Mountain (184) - {T}: Add {R}.
Add To Stack: Ai(2)-mm-abaddon cast Court of Ambition
Resolve Stack: Court of Ambition
Add To Stack: Ai(2)-mm-abaddon triggered Court of Ambition
Resolve Stack: When Court of Ambition enters, you become the monarch. [Zone Changer: Court of Ambition (178)]
Phase: Ai(2)-mm-abaddon's End step
Add To Stack: Ai(2)-mm-abaddon triggered The Monarch
Resolve Stack: At the beginning of your end step, draw a card. [Phase: Ai(2)-mm-abaddon]
Phase: Ai(2)-mm-abaddon's Cleanup step
Turn: Turn 19 (Ai(3)-mm-baylen-tokens)
Phase: Ai(3)-mm-baylen-tokens' Untap step
Phase: Ai(3)-mm-baylen-tokens' Upkeep step
Phase: Ai(3)-mm-baylen-tokens' Draw step
Phase: Ai(3)-mm-baylen-tokens' Main phase, precombat
Land: Ai(3)-mm-baylen-tokens played Command Tower (212)
Mana: Plains (287) - {T}: Add {W}.
Mana: Forest (227) - {T}: Add {G}.
Add To Stack: Ai(3)-mm-baylen-tokens cast Hare Apparent
Resolve Stack: Hare Apparent - Creature 2 / 2
Add To Stack: Ai(3)-mm-baylen-tokens triggered Hare Apparent
Resolve Stack: When this creature enters, create a number of 1/1 white Rabbit creature tokens equal to the number of other creatures you control named Hare Apparent. [Zone Changer: Hare Apparent (262)]
Mana: Plains (288) - {T}: Add {W}.
Mana: Cinder Glade (213) - {T}: Add {G}.
Add To Stack: Ai(3)-mm-baylen-tokens cast Swiftfoot Boots
Resolve Stack: Swiftfoot Boots
Mana: Stomping Ground (224) - {T}: Add {G}.
Add To Stack: Ai(3)-mm-baylen-tokens activated Swiftfoot Boots targeting [Baylen, the Haymaker (302)]
Resolve Stack: Swiftfoot Boots (238) -  Attach to Baylen, the Haymaker (302)
Phase: Ai(3)-mm-baylen-tokens' Beginning of Combat Step
Phase: Ai(3)-mm-baylen-tokens' Declare Attackers Step
Combat: Ai(3)-mm-baylen-tokens assigned Baylen, the Haymaker (302) and Hare Apparent (244) to attack Ai(1)-mm-talrand-spells.
Phase: Ai(3)-mm-baylen-tokens' Declare Blockers Step
Combat: Ai(1)-mm-talrand-spells assigned Drake Token (413) to block Baylen, the Haymaker (302).
Ai(1)-mm-talrand-spells didn't block Hare Apparent (244).
Phase: Ai(3)-mm-baylen-tokens' First Strike Damage Step
Phase: Ai(3)-mm-baylen-tokens' Combat Damage Step
Damage: Baylen, the Haymaker (302) deals 4 damage to Drake Token (413).
Damage: Hare Apparent (244) deals 2 combat damage to Ai(1)-mm-talrand-spells.
Damage: Drake Token (413) deals 3 damage to Baylen, the Haymaker (302).
Life: Life: Ai(1)-mm-talrand-spells 39 > 37
Zone Change: Baylen, the Haymaker (302) was put into Graveyard from Battlefield.
Zone Change: Drake Token (413) was put into Graveyard from Battlefield.
Phase: Ai(3)-mm-baylen-tokens' End of Combat Step
Phase: Ai(3)-mm-baylen-tokens' Main phase, postcombat
Mana: Sacred Foundry (237) - {T}: Add {W}.
Mana: Command Tower (212) - {T}: Add one mana of any color in your commander's color identity.
Mana: Jetmir's Garden (222) - {T}: Add {G}.
Add To Stack: Ai(3)-mm-baylen-tokens cast Caretaker's Talent
Resolve Stack: Caretaker's Talent
Phase: Ai(3)-mm-baylen-tokens' End step
Phase: Ai(3)-mm-baylen-tokens' Cleanup step
Turn: Turn 20 (Ai(4)-mm-muldrotha-value)
Phase: Ai(4)-mm-muldrotha-value's Untap step
Phase: Ai(4)-mm-muldrotha-value's Upkeep step
Phase: Ai(4)-mm-muldrotha-value's Draw step
Phase: Ai(4)-mm-muldrotha-value's Main phase, precombat
Add To Stack: Ai(4)-mm-muldrotha-value triggered Ripples of Undeath
Zone Change: Ai(4)-mm-muldrotha-value milled Kaya's Ghostform (394), Forest (346) and Swamp (369).
Resolve Stack: At the beginning of your first main phase, mill three cards. Then you may pay {1} and 3 life. If you do, put a card from among those cards into your hand. [Phase: Ai(4)-mm-muldrotha-value]
Land: Ai(4)-mm-muldrotha-value played Evolving Wilds (340)
Zone Change: Evolving Wilds (340) was put into Graveyard from Battlefield.
Add To Stack: Ai(4)-mm-muldrotha-value activated Evolving Wilds
Resolve Stack: Evolving Wilds (340) - Ai(4)-mm-muldrotha-value searches their library for a basic land card, puts it onto the battlefield tapped, then shuffles.
Mana: Undergrowth Stadium (395) - {T}: Add {B} or {G}.
Mana: Forest (344) - {T}: Add {G}.
Add To Stack: Ai(4)-mm-muldrotha-value cast Animate Dead targeting [Sakura-Tribe Elder (387)]
Resolve Stack: Animate Dead (307) -  Attach to Sakura-Tribe Elder (387)
Add To Stack: Ai(4)-mm-muldrotha-value triggered Animate Dead
Resolve Stack: When Animate Dead enters, if it's on the battlefield, it loses "enchant creature card in a graveyard" and gains "enchant creature put onto the battlefield with Animate Dead." Return enchanted creature card to the battlefield under your control and attach Animate Dead to it. When Animate Dead leaves the battlefield, that creature's controller sacrifices it. [Zone Changer: Animate Dead (307)]
Zone Change: Sakura-Tribe Elder (387) was put into Graveyard from Battlefield.
Add To Stack: Ai(4)-mm-muldrotha-value activated Sakura-Tribe Elder
Zone Change: Animate Dead (307) was put into Graveyard from Battlefield.
Add To Stack: Ai(4)-mm-muldrotha-value triggered Animate Dead
Resolve Stack: When Animate Dead leaves the battlefield, that creature's controller sacrifices it. ([Sakura-Tribe Elder (387)]) [Zone Changer: Animate Dead (307)]
Resolve Stack: Sakura-Tribe Elder (387) - Ai(4)-mm-muldrotha-value searches their library for a basic land card, puts it onto the battlefield tapped, then shuffles.
Phase: Ai(4)-mm-muldrotha-value's Beginning of Combat Step
Phase: Ai(4)-mm-muldrotha-value's Declare Attackers Step
Combat: Ai(4)-mm-muldrotha-value assigned Baleful Strix (323) to attack Ai(3)-mm-baylen-tokens.
Phase: Ai(4)-mm-muldrotha-value's Declare Blockers Step
Combat: Ai(3)-mm-baylen-tokens didn't block Baleful Strix (323).
Phase: Ai(4)-mm-muldrotha-value's First Strike Damage Step
Phase: Ai(4)-mm-muldrotha-value's Combat Damage Step
Damage: Baleful Strix (323) deals 1 combat damage to Ai(3)-mm-baylen-tokens.
Life: Life: Ai(3)-mm-baylen-tokens 39 > 38
Phase: Ai(4)-mm-muldrotha-value's End of Combat Step
Phase: Ai(4)-mm-muldrotha-value's Main phase, postcombat
Phase: Ai(4)-mm-muldrotha-value's End step
Phase: Ai(4)-mm-muldrotha-value's Cleanup step
Turn: Turn 21 (Ai(1)-mm-talrand-spells)
Phase: Ai(1)-mm-talrand-spells' Untap step
Phase: Ai(1)-mm-talrand-spells' Upkeep step
Phase: Ai(1)-mm-talrand-spells' Draw step
Phase: Ai(1)-mm-talrand-spells' Main phase, precombat
Land: Ai(1)-mm-talrand-spells played Island (48)
Phase: Ai(1)-mm-talrand-spells' Beginning of Combat Step
Phase: Ai(1)-mm-talrand-spells' Declare Attackers Step
Phase: Ai(1)-mm-talrand-spells' Declare Blockers Step
Phase: Ai(1)-mm-talrand-spells' First Strike Damage Step
Phase: Ai(1)-mm-talrand-spells' Combat Damage Step
Phase: Ai(1)-mm-talrand-spells' End of Combat Step
Phase: Ai(1)-mm-talrand-spells' Main phase, postcombat
Phase: Ai(1)-mm-talrand-spells' End step
Phase: Ai(1)-mm-talrand-spells' Cleanup step
Turn: Turn 22 (Ai(2)-mm-abaddon)
Phase: Ai(2)-mm-abaddon's Untap step
Phase: Ai(2)-mm-abaddon's Upkeep step
Add To Stack: Ai(2)-mm-abaddon triggered Court of Ambition
Life: Life: Ai(3)-mm-baylen-tokens 38 > 32
Discard: Ai(4)-mm-muldrotha-value discards Exotic Orchard (352).
Discard: Ai(4)-mm-muldrotha-value discards Bojuka Bog (358).
Discard: Ai(1)-mm-talrand-spells discards Island (42).
Discard: Ai(1)-mm-talrand-spells discards Island (31).
Resolve Stack: At the beginning of your upkeep, each opponent loses 3 life unless they discard a card. If you're the monarch, instead each opponent loses 6 life unless they discard two cards. [Phase: Ai(2)-mm-abaddon]
Mana: Mountain (184) - {T}: Add {R}.
Mana: Exotic Orchard (136) - {T}: Add one mana of any color that a land an opponent controls could produce.
Mana: Island (125) - {T}: Add {U}.
Add To Stack: Ai(2)-mm-abaddon cast Delayed Blast Fireball
Mana: Island (44) - {T}: Add {U}.
Add To Stack: Ai(1)-mm-talrand-spells cast Swan Song targeting [Delayed Blast Fireball deals 2 damage to each opponent and each creature they control. If this spell was cast from exile, it deals 5 damage to each opponent and each creature they control instead.]
Add To Stack: Ai(1)-mm-talrand-spells triggered Talrand, Sky Summoner
Resolve Stack: Whenever you cast an instant or sorcery spell, create a 2/2 blue Drake creature token with flying. [Card: Swan Song (67), Activator: Ai(1)-mm-talrand-spells, SpellAbility: Counter target enchantment, instant or sorcery spell. Its controller creates a 2/2 blue Bird creature token with flying. ]
Zone Change: Send countered spell to Graveyard
Resolve Stack: Swan Song (67) - Counter Delayed Blast Fireball (174). 
Phase: Ai(2)-mm-abaddon's Draw step
Phase: Ai(2)-mm-abaddon's Main phase, precombat
Land: Ai(2)-mm-abaddon played Bloodstained Mire (152)
Life: Life: Ai(2)-mm-abaddon 40 > 39
Zone Change: Bloodstained Mire (152) was put into Graveyard from Battlefield.
Add To Stack: Ai(2)-mm-abaddon activated Bloodstained Mire
Replacement Effect: Xander's Lounge enters tapped.
Resolve Stack: Bloodstained Mire (152) - Ai(2)-mm-abaddon searches their library for a Swamp or Mountain card, puts it onto the battlefield, then shuffles.
Phase: Ai(2)-mm-abaddon's Beginning of Combat Step
Phase: Ai(2)-mm-abaddon's Declare Attackers Step
Phase: Ai(2)-mm-abaddon's Declare Blockers Step
Phase: Ai(2)-mm-abaddon's First Strike Damage Step
Phase: Ai(2)-mm-abaddon's Combat Damage Step
Phase: Ai(2)-mm-abaddon's End of Combat Step
Phase: Ai(2)-mm-abaddon's Main phase, postcombat
Mana: Watery Grave (124) - {T}: Add {B}.
Add To Stack: Ai(2)-mm-abaddon cast Sol Ring
Resolve Stack: Sol Ring
Mana: Sol Ring (113) - {T}: Add {C}{C}.
Add To Stack: Ai(2)-mm-abaddon cast Arcane Signet
Mana: Island (49) - {T}: Add {U}.
Mana: Island (43) - {T}: Add {U}.
Add To Stack: Ai(1)-mm-talrand-spells cast Counterspell targeting [Arcane Signet]
Add To Stack: Ai(1)-mm-talrand-spells triggered Talrand, Sky Summoner
Resolve Stack: Whenever you cast an instant or sorcery spell, create a 2/2 blue Drake creature token with flying. [Card: Counterspell (20), Activator: Ai(1)-mm-talrand-spells, SpellAbility: Counter target spell.]
Zone Change: Send countered spell to Graveyard
Resolve Stack: Counterspell (20) - Counter Arcane Signet (195).
Phase: Ai(2)-mm-abaddon's End step
Add To Stack: Ai(2)-mm-abaddon triggered The Monarch
Resolve Stack: At the beginning of your end step, draw a card. [Phase: Ai(2)-mm-abaddon]
Phase: Ai(2)-mm-abaddon's Cleanup step
Turn: Turn 23 (Ai(3)-mm-baylen-tokens)
Phase: Ai(3)-mm-baylen-tokens' Untap step
Phase: Ai(3)-mm-baylen-tokens' Upkeep step
Phase: Ai(3)-mm-baylen-tokens' Draw step
Phase: Ai(3)-mm-baylen-tokens' Main phase, precombat
Mana: Plains (287) - {T}: Add {W}.
Mana: Sacred Foundry (237) - {T}: Add {R}.
Mana: Forest (227) - {T}: Add {G}.
Mana: Plains (288) - {T}: Add {W}.
Mana: Cinder Glade (213) - {T}: Add {G}.
Add To Stack: Ai(3)-mm-baylen-tokens cast Baylen, the Haymaker
Resolve Stack: Baylen, the Haymaker - Creature 4 / 3
Mana: Command Tower (212) - {T}: Add one mana of any color in your commander's color identity.
Mana: Stomping Ground (224) - {T}: Add {G}.
Add To Stack: Ai(3)-mm-baylen-tokens cast Hare Apparent
Resolve Stack: Hare Apparent - Creature 2 / 2
Add To Stack: Ai(3)-mm-baylen-tokens triggered Hare Apparent
Resolve Stack: When this creature enters, create a number of 1/1 white Rabbit creature tokens equal to the number of other creatures you control named Hare Apparent. [Zone Changer: Hare Apparent (249)]
Add To Stack: Ai(3)-mm-baylen-tokens triggered Caretaker's Talent
Resolve Stack: Whenever one or more tokens you control enter, draw a card. This ability triggers only once each turn. [Amount: 2]
Mana: Jetmir's Garden (222) - {T}: Add {G}.
Add To Stack: Ai(3)-mm-baylen-tokens activated Swiftfoot Boots targeting [Baylen, the Haymaker (302)]
Resolve Stack: Swiftfoot Boots (238) -  Attach to Baylen, the Haymaker (302)
Mana: Baylen, the Haymaker (302) - Tap two untapped tokens you control: Add one mana of any color.
Add To Stack: Ai(3)-mm-baylen-tokens activated Caretaker's Talent
Resolve Stack: Caretaker's Talent (206) - Level 2
Add To Stack: Ai(3)-mm-baylen-tokens triggered Caretaker's Talent targeting [Rabbit Token (431)]
Resolve Stack: When this Class becomes level 2, create a token that's a copy of target token you control. (Targeting: [[Rabbit Token (431)]]) [Class Level: 2]
Phase: Ai(3)-mm-baylen-tokens' Beginning of Combat Step
Phase: Ai(3)-mm-baylen-tokens' Declare Attackers Step
Combat: Ai(3)-mm-baylen-tokens assigned Baylen, the Haymaker (302), Hare Apparent (244) and Hare Apparent (262) to attack Ai(2)-mm-abaddon.
Mana: Island (47) - {T}: Add {U}.
Mana: Heraldic Banner (5) - {T}: Add one mana of the chosen color.
Mana: Island (48) - {T}: Add {U}.
Mana: Riptide Laboratory (9) - {T}: Add {C}.
Add To Stack: Ai(1)-mm-talrand-spells cast Aetherize
Add To Stack: Ai(1)-mm-talrand-spells triggered Talrand, Sky Summoner
Resolve Stack: Whenever you cast an instant or sorcery spell, create a 2/2 blue Drake creature token with flying. [Card: Aetherize (1), Activator: Ai(1)-mm-talrand-spells, SpellAbility: Return all attacking creatures to their owner's hand.]
Resolve Stack: Aetherize (1) - Return all attacking creatures to their owner's hand.
Phase: Ai(3)-mm-baylen-tokens' Declare Blockers Step
Phase: Ai(3)-mm-baylen-tokens' First Strike Damage Step
Phase: Ai(3)-mm-baylen-tokens' Combat Damage Step
Phase: Ai(3)-mm-baylen-tokens' End of Combat Step
Phase: Ai(3)-mm-baylen-tokens' Main phase, postcombat
Phase: Ai(3)-mm-baylen-tokens' End step
Phase: Ai(3)-mm-baylen-tokens' Cleanup step
Turn: Turn 24 (Ai(4)-mm-muldrotha-value)
Phase: Ai(4)-mm-muldrotha-value's Untap step
Phase: Ai(4)-mm-muldrotha-value's Upkeep step
Phase: Ai(4)-mm-muldrotha-value's Draw step
Mana: Forest (344) - {T}: Add {G}.
Mana: Island (339) - {T}: Add {U}.
Mana: Island (337) - {T}: Add {U}.
Mana: Swamp (367) - {T}: Add {B}.
Zone Change: Aftermath Analyst (332) was put into Graveyard from Battlefield.
Add To Stack: Ai(4)-mm-muldrotha-value activated Aftermath Analyst
Replacement Effect: Woodland Cemetery enters tapped unless you control a Swamp or a Forest.
Replacement Effect: Bojuka Bog enters tapped.
Resolve Stack: Aftermath Analyst (332) -  Return all land cards from your graveyard to the battlefield tapped.
Add To Stack: Ai(4)-mm-muldrotha-value triggered Bojuka Bog targeting [Ai(1)-mm-talrand-spells]
Resolve Stack: When Bojuka Bog enters, exile all cards from target player's graveyard. (Targeting: [[Ai(1)-mm-talrand-spells]]) [Zone Changer: Bojuka Bog (358)]
Phase: Ai(4)-mm-muldrotha-value's Main phase, precombat
Add To Stack: Ai(4)-mm-muldrotha-value triggered Ripples of Undeath
Zone Change: Ai(4)-mm-muldrotha-value milled Siren Stormtamer (305), Skull Prophet (384) and Cultivate (351).
Resolve Stack: At the beginning of your first main phase, mill three cards. Then you may pay {1} and 3 life. If you do, put a card from among those cards into your hand. [Phase: Ai(4)-mm-muldrotha-value]
Phase: Ai(4)-mm-muldrotha-value's Beginning of Combat Step
Phase: Ai(4)-mm-muldrotha-value's Declare Attackers Step
Phase: Ai(4)-mm-muldrotha-value's Declare Blockers Step
Phase: Ai(4)-mm-muldrotha-value's First Strike Damage Step
Phase: Ai(4)-mm-muldrotha-value's Combat Damage Step
Phase: Ai(4)-mm-muldrotha-value's End of Combat Step
Phase: Ai(4)-mm-muldrotha-value's Main phase, postcombat
Replacement Effect: As Overgrown Tomb enters, you may pay 2 life. If you don't, it enters tapped.
Land: Ai(4)-mm-muldrotha-value played Overgrown Tomb (377)
Mana: Undergrowth Stadium (395) - {T}: Add {B} or {G}.
Add To Stack: Ai(4)-mm-muldrotha-value cast Stitcher's Supplier
Resolve Stack: Stitcher's Supplier - Creature 1 / 1
Add To Stack: Ai(4)-mm-muldrotha-value triggered Stitcher's Supplier
Zone Change: Ai(4)-mm-muldrotha-value milled Syr Konrad, the Grim (396), Glen Elendra Archmage (390) and Mulldrifter (363).
Resolve Stack: When Stitcher's Supplier enters or dies, mill three cards. [Zone Changer: Stitcher's Supplier (388)]
Phase: Ai(4)-mm-muldrotha-value's End step
Phase: Ai(4)-mm-muldrotha-value's Cleanup step
Turn: Turn 25 (Ai(1)-mm-talrand-spells)
Phase: Ai(1)-mm-talrand-spells' Untap step
Phase: Ai(1)-mm-talrand-spells' Upkeep step
Phase: Ai(1)-mm-talrand-spells' Draw step
Phase: Ai(1)-mm-talrand-spells' Main phase, precombat
Phase: Ai(1)-mm-talrand-spells' Beginning of Combat Step
Phase: Ai(1)-mm-talrand-spells' Declare Attackers Step
Combat: Ai(1)-mm-talrand-spells assigned Drake Token (421), Drake Token (426) and Drake Token (436) to attack Ai(3)-mm-baylen-tokens.
Phase: Ai(1)-mm-talrand-spells' Declare Blockers Step
Combat: Ai(3)-mm-baylen-tokens didn't block Drake Token (421).
Ai(3)-mm-baylen-tokens didn't block Drake Token (426).
Ai(3)-mm-baylen-tokens didn't block Drake Token (436).
Phase: Ai(1)-mm-talrand-spells' First Strike Damage Step
Phase: Ai(1)-mm-talrand-spells' Combat Damage Step
Damage: Drake Token (421) deals 3 combat damage to Ai(3)-mm-baylen-tokens.
Damage: Drake Token (426) deals 3 combat damage to Ai(3)-mm-baylen-tokens.
Damage: Drake Token (436) deals 3 combat damage to Ai(3)-mm-baylen-tokens.
Life: Life: Ai(3)-mm-baylen-tokens 32 > 23
Phase: Ai(1)-mm-talrand-spells' End of Combat Step
Phase: Ai(1)-mm-talrand-spells' Main phase, postcombat
Mana: Island (44) - {T}: Add {U}.
Add To Stack: Ai(1)-mm-talrand-spells cast Serum Visions
Add To Stack: Ai(1)-mm-talrand-spells triggered Talrand, Sky Summoner
Resolve Stack: Whenever you cast an instant or sorcery spell, create a 2/2 blue Drake creature token with flying. [Card: Serum Visions (75), Activator: Ai(1)-mm-talrand-spells, SpellAbility: Draw a card. Scry 2. ]
Resolve Stack: Ai(1)-mm-talrand-spells scried 1 card(s) to the top of the library and 1 card(s) to the bottom of the library
Resolve Stack: Serum Visions (75) - Ai(1)-mm-talrand-spells draws a card. Ai(1)-mm-talrand-spells scries 2.
Mana: Island (49) - {T}: Add {U}.
Mana: Island (43) - {T}: Add {U}.
Mana: Island (47) - {T}: Add {U}.
Mana: Heraldic Banner (5) - {T}: Add one mana of the chosen color.
Add To Stack: Ai(1)-mm-talrand-spells cast Alandra, Sky Dreamer
Resolve Stack: Alandra, Sky Dreamer - Creature 2 / 4
Phase: Ai(1)-mm-talrand-spells' End step
Phase: Ai(1)-mm-talrand-spells' Cleanup step
Turn: Turn 26 (Ai(2)-mm-abaddon)
Phase: Ai(2)-mm-abaddon's Untap step
Phase: Ai(2)-mm-abaddon's Upkeep step
Add To Stack: Ai(2)-mm-abaddon triggered Court of Ambition
Life: Life: Ai(3)-mm-baylen-tokens 23 > 17
Life: Life: Ai(4)-mm-muldrotha-value 40 > 34
Life: Life: Ai(1)-mm-talrand-spells 37 > 31
Resolve Stack: At the beginning of your upkeep, each opponent loses 3 life unless they discard a card. If you're the monarch, instead each opponent loses 6 life unless they discard two cards. [Phase: Ai(2)-mm-abaddon]
Phase: Ai(2)-mm-abaddon's Draw step
Phase: Ai(2)-mm-abaddon's Main phase, precombat
Phase: Ai(2)-mm-abaddon's Beginning of Combat Step
Phase: Ai(2)-mm-abaddon's Declare Attackers Step
Phase: Ai(2)-mm-abaddon's Declare Blockers Step
Phase: Ai(2)-mm-abaddon's First Strike Damage Step
Phase: Ai(2)-mm-abaddon's Combat Damage Step
Phase: Ai(2)-mm-abaddon's End of Combat Step
Phase: Ai(2)-mm-abaddon's Main phase, postcombat
Mana: Exotic Orchard (136) - {T}: Add one mana of any color that a land an opponent controls could produce.
Mana: Mountain (184) - {T}: Add {R}.
Mana: Island (125) - {T}: Add {U}.
Mana: Sol Ring (113) - {T}: Add {C}{C}.
Add To Stack: Ai(2)-mm-abaddon cast Abaddon the Despoiler
Resolve Stack: Abaddon the Despoiler - Creature 5 / 5
Phase: Ai(2)-mm-abaddon's End step
Add To Stack: Ai(2)-mm-abaddon triggered The Monarch
Resolve Stack: At the beginning of your end step, draw a card. [Phase: Ai(2)-mm-abaddon]
Phase: Ai(2)-mm-abaddon's Cleanup step
Turn: Turn 27 (Ai(3)-mm-baylen-tokens)
Phase: Ai(3)-mm-baylen-tokens' Untap step
Phase: Ai(3)-mm-baylen-tokens' Upkeep step
Phase: Ai(3)-mm-baylen-tokens' Draw step
Phase: Ai(3)-mm-baylen-tokens' Main phase, precombat
Mana: Plains (287) - {T}: Add {W}.
Mana: Sacred Foundry (237) - {T}: Add {R}.
Mana: Forest (227) - {T}: Add {G}.
Add To Stack: Ai(3)-mm-baylen-tokens cast Baylen, the Haymaker
Resolve Stack: Baylen, the Haymaker - Creature 4 / 3
Mana: Plains (288) - {T}: Add {W}.
Mana: Cinder Glade (213) - {T}: Add {G}.
Mana: Stomping Ground (224) - {T}: Add {G}.
Mana: Command Tower (212) - {T}: Add one mana of any color in your commander's color identity.
Add To Stack: Ai(3)-mm-baylen-tokens activated Caretaker's Talent
Resolve Stack: Caretaker's Talent (206) - Level 3
Mana: Jetmir's Garden (222) - {T}: Add {W}.
Mana: Baylen, the Haymaker (302) - Tap two untapped tokens you control: Add one mana of any color.
Add To Stack: Ai(3)-mm-baylen-tokens cast Hare Apparent
Resolve Stack: Hare Apparent - Creature 2 / 2
Add To Stack: Ai(3)-mm-baylen-tokens triggered Hare Apparent
Resolve Stack: When this creature enters, create a number of 1/1 white Rabbit creature tokens equal to the number of other creatures you control named Hare Apparent. [Zone Changer: Hare Apparent (244)]
Add To Stack: Ai(3)-mm-baylen-tokens triggered Caretaker's Talent
Resolve Stack: Whenever one or more tokens you control enter, draw a card. This ability triggers only once each turn. [Amount: 1]
Land: Ai(3)-mm-baylen-tokens played Mountain (286)
Mana: Baylen, the Haymaker (302) - Tap two untapped tokens you control: Add one mana of any color.
Mana: Mountain (286) - {T}: Add {R}.
Add To Stack: Ai(3)-mm-baylen-tokens cast Hare Apparent
Resolve Stack: Hare Apparent - Creature 2 / 2
Add To Stack: Ai(3)-mm-baylen-tokens triggered Hare Apparent
Resolve Stack: When this creature enters, create a number of 1/1 white Rabbit creature tokens equal to the number of other creatures you control named Hare Apparent. [Zone Changer: Hare Apparent (262)]
Mana: Baylen, the Haymaker (302) - Tap two untapped tokens you control: Add one mana of any color.
Add To Stack: Ai(3)-mm-baylen-tokens activated Swiftfoot Boots targeting [Baylen, the Haymaker (302)]
Resolve Stack: Swiftfoot Boots (238) -  Attach to Baylen, the Haymaker (302)
Phase: Ai(3)-mm-baylen-tokens' Beginning of Combat Step
Phase: Ai(3)-mm-baylen-tokens' Declare Attackers Step
Phase: Ai(3)-mm-baylen-tokens' Declare Blockers Step
Phase: Ai(3)-mm-baylen-tokens' First Strike Damage Step
Phase: Ai(3)-mm-baylen-tokens' Combat Damage Step
Phase: Ai(3)-mm-baylen-tokens' End of Combat Step
Phase: Ai(3)-mm-baylen-tokens' Main phase, postcombat
Phase: Ai(3)-mm-baylen-tokens' End step
Phase: Ai(3)-mm-baylen-tokens' Cleanup step
Turn: Turn 28 (Ai(4)-mm-muldrotha-value)
Phase: Ai(4)-mm-muldrotha-value's Untap step
Phase: Ai(4)-mm-muldrotha-value's Upkeep step
Life: Life: Ai(4)-mm-muldrotha-value 34 > 33
Zone Change: Misty Rainforest (314) was put into Graveyard from Battlefield.
Add To Stack: Ai(4)-mm-muldrotha-value activated Misty Rainforest
Replacement Effect: As Breeding Pool enters, you may pay 2 life. If you don't, it enters tapped.
Resolve Stack: Misty Rainforest (314) - Ai(4)-mm-muldrotha-value searches their library for a Forest or Island card, puts it onto the battlefield, then shuffles.
Zone Change: Evolving Wilds (340) was put into Graveyard from Battlefield.
Add To Stack: Ai(4)-mm-muldrotha-value activated Evolving Wilds
Resolve Stack: Evolving Wilds (340) - Ai(4)-mm-muldrotha-value searches their library for a basic land card, puts it onto the battlefield tapped, then shuffles.
Phase: Ai(4)-mm-muldrotha-value's Draw step
Phase: Ai(4)-mm-muldrotha-value's Main phase, precombat
Add To Stack: Ai(4)-mm-muldrotha-value triggered Ripples of Undeath
Zone Change: Ai(4)-mm-muldrotha-value milled Sol Ring (320), Teval, the Balanced Scale (398) and Satyr Wayfinder (329).
Resolve Stack: At the beginning of your first main phase, mill three cards. Then you may pay {1} and 3 life. If you do, put a card from among those cards into your hand. [Phase: Ai(4)-mm-muldrotha-value]
Phase: Ai(4)-mm-muldrotha-value's Beginning of Combat Step
Phase: Ai(4)-mm-muldrotha-value's Declare Attackers Step
Combat: Ai(4)-mm-muldrotha-value assigned Baleful Strix (323) to attack Ai(3)-mm-baylen-tokens.
Phase: Ai(4)-mm-muldrotha-value's Declare Blockers Step
Combat: Ai(3)-mm-baylen-tokens didn't block Baleful Strix (323).
Phase: Ai(4)-mm-muldrotha-value's First Strike Damage Step
Phase: Ai(4)-mm-muldrotha-value's Combat Damage Step
Damage: Baleful Strix (323) deals 1 combat damage to Ai(3)-mm-baylen-tokens.
Life: Life: Ai(3)-mm-baylen-tokens 17 > 16
Phase: Ai(4)-mm-muldrotha-value's End of Combat Step
Phase: Ai(4)-mm-muldrotha-value's Main phase, postcombat
Land: Ai(4)-mm-muldrotha-value played Verdant Catacombs (317)
Life: Life: Ai(4)-mm-muldrotha-value 33 > 32
Zone Change: Verdant Catacombs (317) was put into Graveyard from Battlefield.
Add To Stack: Ai(4)-mm-muldrotha-value activated Verdant Catacombs
Replacement Effect: Zagoth Triome enters tapped.
Resolve Stack: Verdant Catacombs (317) - Ai(4)-mm-muldrotha-value searches their library for a Swamp or Forest card, puts it onto the battlefield, then shuffles.
Mana: Island (339) - {T}: Add {U}.
Mana: Exotic Orchard (352) - {T}: Add one mana of any color that a land an opponent controls could produce.
Mana: Swamp (367) - {T}: Add {B}.
Mana: Island (337) - {T}: Add {U}.
Mana: Swamp (369) - {T}: Add {B}.
Mana: Bojuka Bog (358) - {T}: Add {B}.
Add To Stack: Ai(4)-mm-muldrotha-value cast Muldrotha, the Gravetide
Resolve Stack: Muldrotha, the Gravetide - Creature 6 / 6
Mana: Undergrowth Stadium (395) - {T}: Add {B} or {G}.
Mana: Drowned Catacomb (389) - {T}: Add {U} or {B}.
Mana: Forest (344) - {T}: Add {G}.
Mana: Forest (346) - {T}: Add {G}.
Mana: Woodland Cemetery (393) - {T}: Add {B} or {G}.
Add To Stack: Ai(4)-mm-muldrotha-value cast Syr Konrad, the Grim
Resolve Stack: Syr Konrad, the Grim - Creature 5 / 4
Mana: Sunken Hollow (331) - {T}: Add {B}.
Mana: Overgrown Tomb (377) - {T}: Add {G}.
Add To Stack: Ai(4)-mm-muldrotha-value cast Animate Dead targeting [Teval, the Balanced Scale (398)]
Mana: Island (48) - {T}: Add {U}.
Add To Stack: Ai(1)-mm-talrand-spells cast An Offer You Can't Refuse targeting [Animate Dead by Muldrotha, the Gravetide (403) (Enchantment)]
Add To Stack: Ai(1)-mm-talrand-spells triggered Talrand, Sky Summoner
Resolve Stack: Whenever you cast an instant or sorcery spell, create a 2/2 blue Drake creature token with flying. [Card: An Offer You Can't Refuse (92), Activator: Ai(1)-mm-talrand-spells, SpellAbility: Counter target noncreature spell. Its controller creates two Treasure tokens. (They're artifacts with "{T}, Sacrifice this token: Add one mana of any color.")]
Zone Change: Send countered spell to Graveyard
Resolve Stack: An Offer You Can't Refuse (92) - Counter Animate Dead (307). Its controller creates two Treasure tokens.
Zone Change: Treasure Token (455) was put into Graveyard from Battlefield.
Mana: Treasure Token (455) - {T}, Sacrifice this token: Add one mana of any color.
Add To Stack: Ai(4)-mm-muldrotha-value cast Sol Ring
Resolve Stack: Sol Ring
Phase: Ai(4)-mm-muldrotha-value's End step
Phase: Ai(4)-mm-muldrotha-value's Cleanup step
Turn: Turn 29 (Ai(1)-mm-talrand-spells)
Phase: Ai(1)-mm-talrand-spells' Untap step
Phase: Ai(1)-mm-talrand-spells' Upkeep step
Phase: Ai(1)-mm-talrand-spells' Draw step
Phase: Ai(1)-mm-talrand-spells' Main phase, precombat
Replacement Effect: Mystic Sanctuary enters tapped unless you control three or more other Islands.
Land: Ai(1)-mm-talrand-spells played Mystic Sanctuary (59)
Add To Stack: Ai(1)-mm-talrand-spells triggered Mystic Sanctuary targeting [An Offer You Can't Refuse (92)]
Resolve Stack: When Mystic Sanctuary enters untapped, you may put target instant or sorcery card from your graveyard on top of your library. (Targeting: [[An Offer You Can't Refuse (92)]]) [Zone Changer: Mystic Sanctuary (59)]
Phase: Ai(1)-mm-talrand-spells' Beginning of Combat Step
Phase: Ai(1)-mm-talrand-spells' Declare Attackers Step
Combat: Ai(1)-mm-talrand-spells assigned Drake Token (421), Drake Token (426), Drake Token (436), Drake Token (440) and Alandra, Sky Dreamer (2) to attack Ai(3)-mm-baylen-tokens.
Phase: Ai(1)-mm-talrand-spells' Declare Blockers Step
Combat: Ai(3)-mm-baylen-tokens didn't block Drake Token (421).
Ai(3)-mm-baylen-tokens didn't block Drake Token (426).
Ai(3)-mm-baylen-tokens didn't block Drake Token (436).
Ai(3)-mm-baylen-tokens didn't block Drake Token (440).
Ai(3)-mm-baylen-tokens assigned Baylen, the Haymaker (302) to block Alandra, Sky Dreamer (2).
Mana: Island (44) - {T}: Add {U}.
Mana: Island (49) - {T}: Add {U}.
Add To Stack: Ai(1)-mm-talrand-spells activated Riptide Laboratory targeting [Alandra, Sky Dreamer (2)]
Resolve Stack: Riptide Laboratory (9) - Return Alandra, Sky Dreamer (2) to its owner's hand.
Phase: Ai(1)-mm-talrand-spells' First Strike Damage Step
Phase: Ai(1)-mm-talrand-spells' Combat Damage Step
Damage: Drake Token (421) deals 3 combat damage to Ai(3)-mm-baylen-tokens.
Damage: Drake Token (426) deals 3 combat damage to Ai(3)-mm-baylen-tokens.
Damage: Drake Token (436) deals 3 combat damage to Ai(3)-mm-baylen-tokens.
Damage: Drake Token (440) deals 3 combat damage to Ai(3)-mm-baylen-tokens.
Life: Life: Ai(3)-mm-baylen-tokens 16 > 4
Phase: Ai(1)-mm-talrand-spells' End of Combat Step
Phase: Ai(1)-mm-talrand-spells' Main phase, postcombat
Mana: Island (43) - {T}: Add {U}.
Mana: Island (47) - {T}: Add {U}.
Mana: Heraldic Banner (5) - {T}: Add one mana of the chosen color.
Mana: Island (48) - {T}: Add {U}.
Add To Stack: Ai(1)-mm-talrand-spells cast Alandra, Sky Dreamer
Resolve Stack: Alandra, Sky Dreamer - Creature 2 / 4
Phase: Ai(1)-mm-talrand-spells' End step
Phase: Ai(1)-mm-talrand-spells' Cleanup step
Turn: Turn 30 (Ai(2)-mm-abaddon)
Phase: Ai(2)-mm-abaddon's Untap step
Phase: Ai(2)-mm-abaddon's Upkeep step
Add To Stack: Ai(2)-mm-abaddon triggered Court of Ambition
Discard: Ai(3)-mm-baylen-tokens discards Lightning Greaves (293).
Discard: Ai(3)-mm-baylen-tokens discards Doubling Season (235).
Life: Life: Ai(4)-mm-muldrotha-value 32 > 26
Life: Life: Ai(1)-mm-talrand-spells 31 > 25
Resolve Stack: At the beginning of your upkeep, each opponent loses 3 life unless they discard a card. If you're the monarch, instead each opponent loses 6 life unless they discard two cards. [Phase: Ai(2)-mm-abaddon]
Phase: Ai(2)-mm-abaddon's Draw step
Phase: Ai(2)-mm-abaddon's Main phase, precombat
Replacement Effect: Sunken Hollow enters tapped unless you control two or more basic lands.
Land: Ai(2)-mm-abaddon played Sunken Hollow (122)
Phase: Ai(2)-mm-abaddon's Beginning of Combat Step
Add To Stack: Ai(2)-mm-abaddon triggered Loyal Subordinate
Life: Life: Ai(3)-mm-baylen-tokens 4 > 1
Life: Life: Ai(4)-mm-muldrotha-value 26 > 23
Life: Life: Ai(1)-mm-talrand-spells 25 > 22
Resolve Stack: Lieutenant — At the beginning of combat on your turn, if you control your commander, each opponent loses 3 life. [Phase: Ai(2)-mm-abaddon]
Phase: Ai(2)-mm-abaddon's Declare Attackers Step
Combat: Ai(2)-mm-abaddon assigned Abaddon the Despoiler (201), Loyal Subordinate (155) and Bird Token (423) to attack Ai(3)-mm-baylen-tokens.
Phase: Ai(2)-mm-abaddon's Declare Blockers Step
Combat: Ai(3)-mm-baylen-tokens assigned Hare Apparent (249) and Baylen, the Haymaker (302) to block Abaddon the Despoiler (201).
Ai(3)-mm-baylen-tokens didn't block Loyal Subordinate (155).
Ai(3)-mm-baylen-tokens didn't block Bird Token (423).
Phase: Ai(2)-mm-abaddon's First Strike Damage Step
Phase: Ai(2)-mm-abaddon's Combat Damage Step
Damage: Abaddon the Despoiler (201) deals 2 damage to Hare Apparent (249).
Damage: Abaddon the Despoiler (201) deals 3 damage to Baylen, the Haymaker (302).
Damage: Loyal Subordinate (155) deals 3 combat damage to Ai(3)-mm-baylen-tokens.
Damage: Bird Token (423) deals 2 combat damage to Ai(3)-mm-baylen-tokens.
Damage: Hare Apparent (249) deals 2 damage to Abaddon the Despoiler (201).
Damage: Baylen, the Haymaker (302) deals 4 damage to Abaddon the Despoiler (201).
Life: Life: Ai(3)-mm-baylen-tokens 1 > -4
Zone Change: Abaddon the Despoiler (201) was put into Graveyard from Battlefield.
Add To Stack: Ai(4)-mm-muldrotha-value triggered Syr Konrad, the Grim
Damage: Syr Konrad, the Grim (396) deals 1 non-combat damage to Ai(1)-mm-talrand-spells.
Damage: Syr Konrad, the Grim (396) deals 1 non-combat damage to Ai(2)-mm-abaddon.
Life: Life: Ai(1)-mm-talrand-spells 22 > 21
Life: Life: Ai(2)-mm-abaddon 39 > 38
Resolve Stack: Whenever another creature dies, or a creature card is put into a graveyard from anywhere other than the battlefield, or a creature card leaves your graveyard, Syr Konrad, the Grim deals 1 damage to each opponent. [Zone Changer: Abaddon the Despoiler (201)]
Phase: Ai(2)-mm-abaddon's End of Combat Step
Phase: Ai(2)-mm-abaddon's Main phase, postcombat
Mana: Exotic Orchard (136) - {T}: Add one mana of any color that a land an opponent controls could produce.
Mana: Watery Grave (124) - {T}: Add {B}.
Mana: Island (125) - {T}: Add {U}.
Mana: Sol Ring (113) - {T}: Add {C}{C}.
Mana: Mountain (184) - {T}: Add {R}.
Mana: Sunken Hollow (122) - {T}: Add {B}.
Add To Stack: Ai(2)-mm-abaddon cast Abaddon the Despoiler
Resolve Stack: Abaddon the Despoiler - Creature 5 / 5
Phase: Ai(2)-mm-abaddon's End step
Add To Stack: Ai(2)-mm-abaddon triggered The Monarch
Zone Change: Treasure Token (454) was put into Graveyard from Battlefield.
Mana: Treasure Token (454) - {T}, Sacrifice this token: Add one mana of any color.
Mana: Sol Ring (320) - {T}: Add {C}{C}.
Add To Stack: Ai(4)-mm-muldrotha-value activated Syr Konrad, the Grim
Zone Change: Ai(2)-mm-abaddon milled Dark Ritual (117).
Zone Change: Ai(4)-mm-muldrotha-value milled Forest (342).
Zone Change: Ai(1)-mm-talrand-spells milled An Offer You Can't Refuse (92).
Resolve Stack: Syr Konrad, the Grim (396) - Each player mills a card.
Resolve Stack: At the beginning of your end step, draw a card. [Phase: Ai(2)-mm-abaddon]
Phase: Ai(2)-mm-abaddon's Cleanup step
Turn: Turn 31 (Ai(4)-mm-muldrotha-value)
Phase: Ai(4)-mm-muldrotha-value's Untap step
Phase: Ai(4)-mm-muldrotha-value's Upkeep step
Phase: Ai(4)-mm-muldrotha-value's Draw step
Phase: Ai(4)-mm-muldrotha-value's Main phase, precombat
Add To Stack: Ai(4)-mm-muldrotha-value triggered Ripples of Undeath
Zone Change: Ai(4)-mm-muldrotha-value milled Victimize (350), Swiftfoot Boots (360) and Doc Aurlock, Grizzled Genius (326).
Resolve Stack: At the beginning of your first main phase, mill three cards. Then you may pay {1} and 3 life. If you do, put a card from among those cards into your hand. [Phase: Ai(4)-mm-muldrotha-value]
Add To Stack: Ai(4)-mm-muldrotha-value triggered Syr Konrad, the Grim
Damage: Syr Konrad, the Grim (396) deals 1 non-combat damage to Ai(1)-mm-talrand-spells.
Damage: Syr Konrad, the Grim (396) deals 1 non-combat damage to Ai(2)-mm-abaddon.
Life: Life: Ai(1)-mm-talrand-spells 21 > 20
Life: Life: Ai(2)-mm-abaddon 38 > 37
Resolve Stack: Whenever another creature dies, or a creature card is put into a graveyard from anywhere other than the battlefield, or a creature card leaves your graveyard, Syr Konrad, the Grim deals 1 damage to each opponent. [Zone Changer: Doc Aurlock, Grizzled Genius (326)]
Replacement Effect: Hinterland Harbor enters tapped unless you control a Forest or an Island.
Land: Ai(4)-mm-muldrotha-value played Hinterland Harbor (330)
Mana: Swamp (367) - {T}: Add {B}.
Mana: Sol Ring (320) - {T}: Add {C}{C}.
Add To Stack: Ai(4)-mm-muldrotha-value cast Animate Dead targeting [Teval, the Balanced Scale (398)]
Resolve Stack: Animate Dead (307) -  Attach to Teval, the Balanced Scale (398)
Add To Stack: Ai(4)-mm-muldrotha-value triggered Animate Dead
Resolve Stack: When Animate Dead enters, if it's on the battlefield, it loses "enchant creature card in a graveyard" and gains "enchant creature put onto the battlefield with Animate Dead." Return enchanted creature card to the battlefield under your control and attach Animate Dead to it. When Animate Dead leaves the battlefield, that creature's controller sacrifices it. [Zone Changer: Animate Dead (307)]
Add To Stack: Ai(4)-mm-muldrotha-value triggered Syr Konrad, the Grim
Damage: Syr Konrad, the Grim (396) deals 1 non-combat damage to Ai(1)-mm-talrand-spells.
Damage: Syr Konrad, the Grim (396) deals 1 non-combat damage to Ai(2)-mm-abaddon.
Life: Life: Ai(1)-mm-talrand-spells 20 > 19
Life: Life: Ai(2)-mm-abaddon 37 > 36
Resolve Stack: Whenever another creature dies, or a creature card is put into a graveyard from anywhere other than the battlefield, or a creature card leaves your graveyard, Syr Konrad, the Grim deals 1 damage to each opponent. [Zone Changer: Teval, the Balanced Scale (398)]
Mana: Forest (344) - {T}: Add {G}.
Add To Stack: Ai(4)-mm-muldrotha-value cast Swiftfoot Boots
Add To Stack: Ai(4)-mm-muldrotha-value triggered Teval, the Balanced Scale
Resolve Stack: Whenever one or more cards leave your graveyard, create a 2/2 black Zombie Druid creature token. [Amount: 1]
Resolve Stack: Swiftfoot Boots
Mana: Island (339) - {T}: Add {U}.
Mana: Island (337) - {T}: Add {U}.
Mana: Exotic Orchard (352) - {T}: Add one mana of any color that a land an opponent controls could produce.
Mana: Island (338) - {T}: Add {U}.
Mana: Forest (346) - {T}: Add {G}.
Add To Stack: Ai(4)-mm-muldrotha-value cast Mulldrifter
Add To Stack: Ai(4)-mm-muldrotha-value triggered Syr Konrad, the Grim
Add To Stack: Ai(4)-mm-muldrotha-value triggered Teval, the Balanced Scale
Resolve Stack: Whenever one or more cards leave your graveyard, create a 2/2 black Zombie Druid creature token. [Amount: 1]
Damage: Syr Konrad, the Grim (396) deals 1 non-combat damage to Ai(1)-mm-talrand-spells.
Damage: Syr Konrad, the Grim (396) deals 1 non-combat damage to Ai(2)-mm-abaddon.
Life: Life: Ai(1)-mm-talrand-spells 19 > 18
Life: Life: Ai(2)-mm-abaddon 36 > 35
Resolve Stack: Whenever another creature dies, or a creature card is put into a graveyard from anywhere other than the battlefield, or a creature card leaves your graveyard, Syr Konrad, the Grim deals 1 damage to each opponent. [Zone Changer: Mulldrifter (363)]
Resolve Stack: Mulldrifter - Creature 2 / 2
Add To Stack: Ai(4)-mm-muldrotha-value triggered Mulldrifter
Resolve Stack: When Mulldrifter enters, draw two cards. [Zone Changer: Mulldrifter (363)]
Mana: Undergrowth Stadium (395) - {T}: Add {B} or {G}.
Add To Stack: Ai(4)-mm-muldrotha-value cast Birds of Paradise
Resolve Stack: Birds of Paradise - Creature 0 / 1
Mana: Woodland Cemetery (393) - {T}: Add {B} or {G}.
Zone Change: Hinterland Harbor (330) was put into Graveyard from Battlefield.
Add To Stack: Ai(4)-mm-muldrotha-value cast Crop Rotation
Resolve Stack: Crop Rotation (364) - Ai(4)-mm-muldrotha-value searches their library for a land card, puts it onto the battlefield, then shuffles.
Mana: Swamp (369) - {T}: Add {B}.
Add To Stack: Ai(4)-mm-muldrotha-value activated Swiftfoot Boots targeting [Muldrotha, the Gravetide (403)]
Resolve Stack: Swiftfoot Boots (360) -  Attach to Muldrotha, the Gravetide (403)
Phase: Ai(4)-mm-muldrotha-value's Beginning of Combat Step
Phase: Ai(4)-mm-muldrotha-value's Declare Attackers Step
Combat: Ai(4)-mm-muldrotha-value assigned Muldrotha, the Gravetide (403), Syr Konrad, the Grim (396) and Baleful Strix (323) to attack Ai(1)-mm-talrand-spells.
Phase: Ai(4)-mm-muldrotha-value's Declare Blockers Step
Combat: Ai(1)-mm-talrand-spells didn't block Muldrotha, the Gravetide (403).
Ai(1)-mm-talrand-spells assigned Talrand, Sky Summoner (100) and Alandra, Sky Dreamer (2) to block Syr Konrad, the Grim (396).
Ai(1)-mm-talrand-spells didn't block Baleful Strix (323).
Phase: Ai(4)-mm-muldrotha-value's First Strike Damage Step
Phase: Ai(4)-mm-muldrotha-value's Combat Damage Step
Damage: Muldrotha, the Gravetide (403) deals 6 combat damage to Ai(1)-mm-talrand-spells.
Damage: Syr Konrad, the Grim (396) deals 4 damage to Alandra, Sky Dreamer (2).
Damage: Syr Konrad, the Grim (396) deals 1 damage to Talrand, Sky Summoner (100).
Damage: Baleful Strix (323) deals 1 combat damage to Ai(1)-mm-talrand-spells.
Damage: Talrand, Sky Summoner (100) deals 3 damage to Syr Konrad, the Grim (396).
Damage: Alandra, Sky Dreamer (2) deals 3 damage to Syr Konrad, the Grim (396).
Life: Life: Ai(1)-mm-talrand-spells 18 > 11
Zone Change: Syr Konrad, the Grim (396) was put into Graveyard from Battlefield.
Zone Change: Alandra, Sky Dreamer (2) was put into Graveyard from Battlefield.
Add To Stack: Ai(4)-mm-muldrotha-value triggered Syr Konrad, the Grim
Damage: Syr Konrad, the Grim (396) deals 1 non-combat damage to Ai(1)-mm-talrand-spells.
Damage: Syr Konrad, the Grim (396) deals 1 non-combat damage to Ai(2)-mm-abaddon.
Life: Life: Ai(1)-mm-talrand-spells 11 > 10
Life: Life: Ai(2)-mm-abaddon 35 > 34
Resolve Stack: Whenever another creature dies, or a creature card is put into a graveyard from anywhere other than the battlefield, or a creature card leaves your graveyard, Syr Konrad, the Grim deals 1 damage to each opponent. [Zone Changer: Alandra, Sky Dreamer (2)]
Phase: Ai(4)-mm-muldrotha-value's End of Combat Step
Phase: Ai(4)-mm-muldrotha-value's Main phase, postcombat
Phase: Ai(4)-mm-muldrotha-value's End step
Phase: Ai(4)-mm-muldrotha-value's Cleanup step
Turn: Turn 32 (Ai(1)-mm-talrand-spells)
Phase: Ai(1)-mm-talrand-spells' Untap step
Phase: Ai(1)-mm-talrand-spells' Upkeep step
Phase: Ai(1)-mm-talrand-spells' Draw step
Phase: Ai(1)-mm-talrand-spells' Main phase, precombat
Phase: Ai(1)-mm-talrand-spells' Beginning of Combat Step
Phase: Ai(1)-mm-talrand-spells' Declare Attackers Step
Phase: Ai(1)-mm-talrand-spells' Declare Blockers Step
Phase: Ai(1)-mm-talrand-spells' First Strike Damage Step
Phase: Ai(1)-mm-talrand-spells' Combat Damage Step
Phase: Ai(1)-mm-talrand-spells' End of Combat Step
Phase: Ai(1)-mm-talrand-spells' Main phase, postcombat
Mana: Island (44) - {T}: Add {U}.
Mana: Island (49) - {T}: Add {U}.
Mana: Island (43) - {T}: Add {U}.
Mana: Island (47) - {T}: Add {U}.
Add To Stack: Ai(1)-mm-talrand-spells cast Jace's Sanctum
Resolve Stack: Jace's Sanctum
Phase: Ai(1)-mm-talrand-spells' End step
Phase: Ai(1)-mm-talrand-spells' Cleanup step
Turn: Turn 33 (Ai(2)-mm-abaddon)
Phase: Ai(2)-mm-abaddon's Untap step
Phase: Ai(2)-mm-abaddon's Upkeep step
Add To Stack: Ai(2)-mm-abaddon triggered Court of Ambition
Life: Life: Ai(4)-mm-muldrotha-value 23 > 17
Life: Life: Ai(1)-mm-talrand-spells 10 > 4
Resolve Stack: At the beginning of your upkeep, each opponent loses 3 life unless they discard a card. If you're the monarch, instead each opponent loses 6 life unless they discard two cards. [Phase: Ai(2)-mm-abaddon]
Phase: Ai(2)-mm-abaddon's Draw step
Phase: Ai(2)-mm-abaddon's Main phase, precombat
Phase: Ai(2)-mm-abaddon's Beginning of Combat Step
Add To Stack: Ai(2)-mm-abaddon triggered Loyal Subordinate
Life: Life: Ai(4)-mm-muldrotha-value 17 > 14
Life: Life: Ai(1)-mm-talrand-spells 4 > 1
Resolve Stack: Lieutenant — At the beginning of combat on your turn, if you control your commander, each opponent loses 3 life. [Phase: Ai(2)-mm-abaddon]
Phase: Ai(2)-mm-abaddon's Declare Attackers Step
Combat: Ai(2)-mm-abaddon assigned Abaddon the Despoiler (201), Loyal Subordinate (155) and Bird Token (423) to attack Ai(1)-mm-talrand-spells.
Phase: Ai(2)-mm-abaddon's Declare Blockers Step
Combat: Ai(1)-mm-talrand-spells assigned Drake Token (436), Talrand, Sky Summoner (100) and Drake Token (440) to block Abaddon the Despoiler (201).
Ai(1)-mm-talrand-spells didn't block Loyal Subordinate (155).
Ai(1)-mm-talrand-spells assigned Drake Token (421) to block Bird Token (423).
Mana: Exotic Orchard (136) - {T}: Add one mana of any color that a land an opponent controls could produce.
Mana: Island (125) - {T}: Add {U}.
Mana: Sol Ring (113) - {T}: Add {C}{C}.
Mana: Mountain (184) - {T}: Add {R}.
Add To Stack: Ai(2)-mm-abaddon cast Chaos Mutation targeting [Drake Token (421)]
Add To Stack: Ai(2)-mm-abaddon triggered Chaos Mutation
Add To Stack: Ai(2)-mm-abaddon cast Jeska's Will
Resolve Stack: Cascade - Chaos Mutation [Card: Chaos Mutation (146), Activator: Ai(2)-mm-abaddon, SpellAbility: Exile any number of target creatures controlled by different players. For each creature exiled this way, its controller reveals cards from the top of their library until they reveal a creature card, puts that card onto the battlefield, then puts the rest on the bottom of their library in a random order. ]
Resolve Stack: Jeska's Will (103) -  Exile the top three cards of your library. You may play them this turn.  
Mana: Heraldic Banner (5) - {T}: Add one mana of the chosen color.
Add To Stack: Ai(1)-mm-talrand-spells cast Dispel targeting [Exile any number of target creatures controlled by different players. For each creature exiled this way, its controller reveals cards from the top of their library until they reveal a creature card, puts that card onto the battlefield, then puts the rest on the bottom of their library in a random order. ]
Add To Stack: Ai(1)-mm-talrand-spells triggered Jace's Sanctum
Add To Stack: Ai(1)-mm-talrand-spells triggered Talrand, Sky Summoner
Resolve Stack: Whenever you cast an instant or sorcery spell, create a 2/2 blue Drake creature token with flying. [Card: Dispel (13), Activator: Ai(1)-mm-talrand-spells, SpellAbility: Counter target instant spell.]
Resolve Stack: Ai(1)-mm-talrand-spells scried 1 card(s) to the top of the library
Resolve Stack: Whenever you cast a instant or sorcery spell, scry 1. (Look at the top card of your library. You may put that card on the bottom.) [Card: Dispel (13), Activator: Ai(1)-mm-talrand-spells, SpellAbility: Counter target instant spell.]
Zone Change: Send countered spell to Graveyard
Resolve Stack: Dispel (13) - Counter Chaos Mutation (146).
Mana: Island (48) - {T}: Add {U}.
Mana: Mystic Sanctuary (59) - {T}: Add {U}.
Add To Stack: Ai(1)-mm-talrand-spells activated Riptide Laboratory targeting [Talrand, Sky Summoner (100)]
Resolve Stack: Riptide Laboratory (9) - Return Talrand, Sky Summoner (100) to its owner's hand.
Phase: Ai(2)-mm-abaddon's First Strike Damage Step
Phase: Ai(2)-mm-abaddon's Combat Damage Step
Damage: Abaddon the Despoiler (201) deals 1 combat damage to Ai(1)-mm-talrand-spells.
Damage: Abaddon the Despoiler (201) deals 2 damage to Drake Token (436).
Damage: Abaddon the Despoiler (201) deals 2 damage to Drake Token (440).
Damage: Loyal Subordinate (155) deals 3 combat damage to Ai(1)-mm-talrand-spells.
Damage: Bird Token (423) deals 2 damage to Drake Token (421).
Damage: Drake Token (421) deals 3 damage to Bird Token (423).
Damage: Drake Token (436) deals 3 damage to Abaddon the Despoiler (201).
Damage: Drake Token (440) deals 3 damage to Abaddon the Despoiler (201).
Life: Life: Ai(1)-mm-talrand-spells 1 > -3
Zone Change: Bird Token (423) was put into Graveyard from Battlefield.
Zone Change: Abaddon the Despoiler (201) was put into Graveyard from Battlefield.
Phase: Ai(2)-mm-abaddon's End of Combat Step
Phase: Ai(2)-mm-abaddon's Main phase, postcombat
Mana: Watery Grave (124) - {T}: Add {B}.
Mana: Sunken Hollow (122) - {T}: Add {B}.
Mana: Xander's Lounge (161) - {T}: Add {R}.
Add To Stack: Ai(2)-mm-abaddon cast Commander's Sphere
Resolve Stack: Commander's Sphere
Phase: Ai(2)-mm-abaddon's End step
Add To Stack: Ai(2)-mm-abaddon triggered The Monarch
Resolve Stack: At the beginning of your end step, draw a card. [Phase: Ai(2)-mm-abaddon]
Phase: Ai(2)-mm-abaddon's Cleanup step
Turn: Turn 34 (Ai(4)-mm-muldrotha-value)
Phase: Ai(4)-mm-muldrotha-value's Untap step
Phase: Ai(4)-mm-muldrotha-value's Upkeep step
Phase: Ai(4)-mm-muldrotha-value's Draw step
Phase: Ai(4)-mm-muldrotha-value's Main phase, precombat
Add To Stack: Ai(4)-mm-muldrotha-value triggered Ripples of Undeath
Zone Change: Ai(4)-mm-muldrotha-value milled Underrealm Lich (379), Plaguecrafter (304) and Forest (347).
Resolve Stack: At the beginning of your first main phase, mill three cards. Then you may pay {1} and 3 life. If you do, put a card from among those cards into your hand. [Phase: Ai(4)-mm-muldrotha-value]
Mana: Swamp (367) - {T}: Add {B}.
Add To Stack: Ai(4)-mm-muldrotha-value cast Kaya's Ghostform targeting [Muldrotha, the Gravetide (403)]
Add To Stack: Ai(4)-mm-muldrotha-value triggered Teval, the Balanced Scale
Resolve Stack: Whenever one or more cards leave your graveyard, create a 2/2 black Zombie Druid creature token. [Amount: 1]
Resolve Stack: Kaya's Ghostform (394) -  Attach to Muldrotha, the Gravetide (403)
Phase: Ai(4)-mm-muldrotha-value's Beginning of Combat Step
Phase: Ai(4)-mm-muldrotha-value's Declare Attackers Step
Combat: Ai(4)-mm-muldrotha-value assigned Teval, the Balanced Scale (398), Muldrotha, the Gravetide (403), Zombie Druid Token (458), Zombie Druid Token (461), Mulldrifter (363), Baleful Strix (323), Stitcher's Supplier (388) and Birds of Paradise (382) to attack Ai(2)-mm-abaddon.
Add To Stack: Ai(4)-mm-muldrotha-value triggered Teval, the Balanced Scale
Zone Change: Ai(4)-mm-muldrotha-value milled Harrow (386), Tatyova, Benthic Druid (392) and Assassin's Trophy (356).
Resolve Stack: Whenever Teval attacks, mill three cards. Then you may return a land card from your graveyard to the battlefield tapped. [Attacker: Teval, the Balanced Scale (398)]
Add To Stack: Ai(4)-mm-muldrotha-value triggered Teval, the Balanced Scale
Resolve Stack: Whenever one or more cards leave your graveyard, create a 2/2 black Zombie Druid creature token. [Amount: 1]
Phase: Ai(4)-mm-muldrotha-value's Declare Blockers Step
Combat: Ai(2)-mm-abaddon didn't block Teval, the Balanced Scale (398).
Ai(2)-mm-abaddon didn't block Muldrotha, the Gravetide (403).
Ai(2)-mm-abaddon didn't block Zombie Druid Token (458).
Ai(2)-mm-abaddon didn't block Zombie Druid Token (461).
Ai(2)-mm-abaddon didn't block Mulldrifter (363).
Ai(2)-mm-abaddon didn't block Baleful Strix (323).
Ai(2)-mm-abaddon didn't block Stitcher's Supplier (388).
Ai(2)-mm-abaddon didn't block Birds of Paradise (382).
Phase: Ai(4)-mm-muldrotha-value's First Strike Damage Step
Phase: Ai(4)-mm-muldrotha-value's Combat Damage Step
Damage: Teval, the Balanced Scale (398) deals 3 combat damage to Ai(2)-mm-abaddon.
Damage: Muldrotha, the Gravetide (403) deals 6 combat damage to Ai(2)-mm-abaddon.
Damage: Zombie Druid Token (458) deals 2 combat damage to Ai(2)-mm-abaddon.
Damage: Zombie Druid Token (461) deals 2 combat damage to Ai(2)-mm-abaddon.
Damage: Mulldrifter (363) deals 2 combat damage to Ai(2)-mm-abaddon.
Damage: Baleful Strix (323) deals 1 combat damage to Ai(2)-mm-abaddon.
Damage: Stitcher's Supplier (388) deals 1 combat damage to Ai(2)-mm-abaddon.
Life: Life: Ai(2)-mm-abaddon 34 > 17
Add To Stack: Ai(2)-mm-abaddon triggered The Monarch
Add To Stack: Ai(2)-mm-abaddon triggered The Monarch
Add To Stack: Ai(2)-mm-abaddon triggered The Monarch
Add To Stack: Ai(2)-mm-abaddon triggered The Monarch
Add To Stack: Ai(2)-mm-abaddon triggered The Monarch
Add To Stack: Ai(2)-mm-abaddon triggered The Monarch
Add To Stack: Ai(2)-mm-abaddon triggered The Monarch
Resolve Stack: Whenever a creature deals combat damage to you, its controller becomes the monarch. [Damage Source: Stitcher's Supplier (388), Damaged: Ai(2)-mm-abaddon, Amount: 1]
Resolve Stack: Whenever a creature deals combat damage to you, its controller becomes the monarch. [Damage Source: Baleful Strix (323), Damaged: Ai(2)-mm-abaddon, Amount: 1]
Resolve Stack: Whenever a creature deals combat damage to you, its controller becomes the monarch. [Damage Source: Mulldrifter (363), Damaged: Ai(2)-mm-abaddon, Amount: 2]
Resolve Stack: Whenever a creature deals combat damage to you, its controller becomes the monarch. [Damage Source: Zombie Druid Token (461), Damaged: Ai(2)-mm-abaddon, Amount: 2]
Resolve Stack: Whenever a creature deals combat damage to you, its controller becomes the monarch. [Damage Source: Zombie Druid Token (458), Damaged: Ai(2)-mm-abaddon, Amount: 2]
Resolve Stack: Whenever a creature deals combat damage to you, its controller becomes the monarch. [Damage Source: Muldrotha, the Gravetide (403), Damaged: Ai(2)-mm-abaddon, Amount: 6]
Resolve Stack: Whenever a creature deals combat damage to you, its controller becomes the monarch. [Damage Source: Teval, the Balanced Scale (398), Damaged: Ai(2)-mm-abaddon, Amount: 3]
Phase: Ai(4)-mm-muldrotha-value's End of Combat Step
Phase: Ai(4)-mm-muldrotha-value's Main phase, postcombat
Replacement Effect: Opulent Palace enters tapped.
Land: Ai(4)-mm-muldrotha-value played Opulent Palace (380)
Mana: Swamp (369) - {T}: Add {B}.
Mana: Exotic Orchard (352) - {T}: Add one mana of any color that a land an opponent controls could produce.
Mana: Sol Ring (320) - {T}: Add {C}{C}.
Mana: Bojuka Bog (358) - {T}: Add {B}.
Add To Stack: Ai(4)-mm-muldrotha-value cast Syr Konrad, the Grim
Add To Stack: Ai(4)-mm-muldrotha-value triggered Teval, the Balanced Scale
Resolve Stack: Whenever one or more cards leave your graveyard, create a 2/2 black Zombie Druid creature token. [Amount: 1]
Resolve Stack: Syr Konrad, the Grim - Creature 5 / 4
Phase: Ai(4)-mm-muldrotha-value's End step
Add To Stack: Ai(4)-mm-muldrotha-value triggered The Monarch
Resolve Stack: At the beginning of your end step, draw a card. [Phase: Ai(4)-mm-muldrotha-value]
Phase: Ai(4)-mm-muldrotha-value's Cleanup step
Turn: Turn 35 (Ai(2)-mm-abaddon)
Phase: Ai(2)-mm-abaddon's Untap step
Phase: Ai(2)-mm-abaddon's Upkeep step
Add To Stack: Ai(2)-mm-abaddon triggered Court of Ambition
Discard: Ai(4)-mm-muldrotha-value discards Swamp (368).
Resolve Stack: At the beginning of your upkeep, each opponent loses 3 life unless they discard a card. If you're the monarch, instead each opponent loses 6 life unless they discard two cards. [Phase: Ai(2)-mm-abaddon]
Phase: Ai(2)-mm-abaddon's Draw step
Phase: Ai(2)-mm-abaddon's Main phase, precombat
Phase: Ai(2)-mm-abaddon's Beginning of Combat Step
Phase: Ai(2)-mm-abaddon's Declare Attackers Step
Phase: Ai(2)-mm-abaddon's Declare Blockers Step
Phase: Ai(2)-mm-abaddon's First Strike Damage Step
Phase: Ai(2)-mm-abaddon's Combat Damage Step
Phase: Ai(2)-mm-abaddon's End of Combat Step
Phase: Ai(2)-mm-abaddon's Main phase, postcombat
Mana: Exotic Orchard (136) - {T}: Add one mana of any color that a land an opponent controls could produce.
Mana: Watery Grave (124) - {T}: Add {B}.
Mana: Island (125) - {T}: Add {U}.
Mana: Sol Ring (113) - {T}: Add {C}{C}.
Mana: Mountain (184) - {T}: Add {R}.
Mana: Sunken Hollow (122) - {T}: Add {B}.
Mana: Xander's Lounge (161) - {T}: Add {R}.
Mana: Commander's Sphere (112) - {T}: Add one mana of any color in your commander's color identity.
Add To Stack: Ai(2)-mm-abaddon cast Abaddon the Despoiler
Resolve Stack: Abaddon the Despoiler - Creature 5 / 5
Phase: Ai(2)-mm-abaddon's End step
Mana: Undergrowth Stadium (395) - {T}: Add {B} or {G}.
Mana: Forest (344) - {T}: Add {G}.
Add To Stack: Ai(4)-mm-muldrotha-value activated Syr Konrad, the Grim
Zone Change: Ai(2)-mm-abaddon milled Stormfist Crusader (134).
Zone Change: Ai(4)-mm-muldrotha-value milled Forest (345).
Resolve Stack: Syr Konrad, the Grim (396) - Each player mills a card.
Add To Stack: Ai(4)-mm-muldrotha-value triggered Syr Konrad, the Grim
Damage: Syr Konrad, the Grim (396) deals 1 non-combat damage to Ai(2)-mm-abaddon.
Life: Life: Ai(2)-mm-abaddon 17 > 16
Resolve Stack: Whenever another creature dies, or a creature card is put into a graveyard from anywhere other than the battlefield, or a creature card leaves your graveyard, Syr Konrad, the Grim deals 1 damage to each opponent. [Zone Changer: Stormfist Crusader (134)]
Mana: Drowned Catacomb (389) - {T}: Add {U} or {B}.
Mana: Island (339) - {T}: Add {U}.
Add To Stack: Ai(4)-mm-muldrotha-value activated Syr Konrad, the Grim
Zone Change: Ai(2)-mm-abaddon milled Mountain (189).
Zone Change: Ai(4)-mm-muldrotha-value milled Island (336).
Resolve Stack: Syr Konrad, the Grim (396) - Each player mills a card.
Mana: Woodland Cemetery (393) - {T}: Add {B} or {G}.
Mana: Island (337) - {T}: Add {U}.
Add To Stack: Ai(4)-mm-muldrotha-value activated Syr Konrad, the Grim
Zone Change: Ai(2)-mm-abaddon milled Fellwar Stone (172).
Zone Change: Ai(4)-mm-muldrotha-value milled Mesmeric Orb (306).
Resolve Stack: Syr Konrad, the Grim (396) - Each player mills a card.
Mana: Sunken Hollow (331) - {T}: Add {B}.
Mana: Forest (346) - {T}: Add {G}.
Add To Stack: Ai(4)-mm-muldrotha-value activated Syr Konrad, the Grim
Zone Change: Ai(2)-mm-abaddon milled Blood for the Blood God! (109).
Zone Change: Ai(4)-mm-muldrotha-value milled The Gitrog Monster (378).
Resolve Stack: Syr Konrad, the Grim (396) - Each player mills a card.
Add To Stack: Ai(4)-mm-muldrotha-value triggered Syr Konrad, the Grim
Damage: Syr Konrad, the Grim (396) deals 1 non-combat damage to Ai(2)-mm-abaddon.
Life: Life: Ai(2)-mm-abaddon 16 > 15
Resolve Stack: Whenever another creature dies, or a creature card is put into a graveyard from anywhere other than the battlefield, or a creature card leaves your graveyard, Syr Konrad, the Grim deals 1 damage to each opponent. [Zone Changer: The Gitrog Monster (378)]
Mana: Overgrown Tomb (377) - {T}: Add {B}.
Mana: Island (338) - {T}: Add {U}.
Add To Stack: Ai(4)-mm-muldrotha-value activated Syr Konrad, the Grim
Zone Change: Ai(2)-mm-abaddon milled Profane Tutor (105).
Zone Change: Ai(4)-mm-muldrotha-value milled Sidisi, Brood Tyrant (322).
Resolve Stack: Syr Konrad, the Grim (396) - Each player mills a card.
Add To Stack: Ai(4)-mm-muldrotha-value triggered Syr Konrad, the Grim
Damage: Syr Konrad, the Grim (396) deals 1 non-combat damage to Ai(2)-mm-abaddon.
Life: Life: Ai(2)-mm-abaddon 15 > 14
Resolve Stack: Whenever another creature dies, or a creature card is put into a graveyard from anywhere other than the battlefield, or a creature card leaves your graveyard, Syr Konrad, the Grim deals 1 damage to each opponent. [Zone Changer: Sidisi, Brood Tyrant (322)]
Mana: Zagoth Triome (318) - {T}: Add {B}.
Mana: Breeding Pool (371) - {T}: Add {G}.
Add To Stack: Ai(4)-mm-muldrotha-value activated Syr Konrad, the Grim
Zone Change: Ai(2)-mm-abaddon milled Warstorm Surge (106).
Zone Change: Ai(4)-mm-muldrotha-value milled Jace, Wielder of Mysteries (381).
Resolve Stack: Syr Konrad, the Grim (396) - Each player mills a card.
Phase: Ai(2)-mm-abaddon's Cleanup step
Discard: Ai(2)-mm-abaddon discards Call Forth the Tempest (197).
Turn: Turn 36 (Ai(4)-mm-muldrotha-value)
Phase: Ai(4)-mm-muldrotha-value's Untap step
Phase: Ai(4)-mm-muldrotha-value's Upkeep step
Life: Life: Ai(4)-mm-muldrotha-value 14 > 13
Zone Change: Misty Rainforest (314) was put into Graveyard from Battlefield.
Add To Stack: Ai(4)-mm-muldrotha-value activated Misty Rainforest
Replacement Effect: As Watery Grave enters, you may pay 2 life. If you don't, it enters tapped.
Resolve Stack: Misty Rainforest (314) - Ai(4)-mm-muldrotha-value searches their library for a Forest or Island card, puts it onto the battlefield, then shuffles.
Phase: Ai(4)-mm-muldrotha-value's Draw step
Phase: Ai(4)-mm-muldrotha-value's Main phase, precombat
Add To Stack: Ai(4)-mm-muldrotha-value triggered Ripples of Undeath
Zone Change: Ai(4)-mm-muldrotha-value milled Rhystic Study (328), Buried Alive (324) and Solemn Simulacrum (348).
Resolve Stack: At the beginning of your first main phase, mill three cards. Then you may pay {1} and 3 life. If you do, put a card from among those cards into your hand. [Phase: Ai(4)-mm-muldrotha-value]
Add To Stack: Ai(4)-mm-muldrotha-value triggered Syr Konrad, the Grim
Damage: Syr Konrad, the Grim (396) deals 1 non-combat damage to Ai(2)-mm-abaddon.
Life: Life: Ai(2)-mm-abaddon 14 > 13
Resolve Stack: Whenever another creature dies, or a creature card is put into a graveyard from anywhere other than the battlefield, or a creature card leaves your graveyard, Syr Konrad, the Grim deals 1 damage to each opponent. [Zone Changer: Solemn Simulacrum (348)]
Replacement Effect: Hinterland Harbor enters tapped unless you control a Forest or an Island.
Land: Ai(4)-mm-muldrotha-value played Hinterland Harbor (330)
Add To Stack: Ai(4)-mm-muldrotha-value triggered Teval, the Balanced Scale
Resolve Stack: Whenever one or more cards leave your graveyard, create a 2/2 black Zombie Druid creature token. [Amount: 1]
Phase: Ai(4)-mm-muldrotha-value's Beginning of Combat Step
Phase: Ai(4)-mm-muldrotha-value's Declare Attackers Step
Combat: Ai(4)-mm-muldrotha-value assigned Muldrotha, the Gravetide (403), Syr Konrad, the Grim (396), Teval, the Balanced Scale (398), Zombie Druid Token (458), Zombie Druid Token (461), Mulldrifter (363), Zombie Druid Token (468), Zombie Druid Token (471), Zombie Druid Token (475), Baleful Strix (323), Stitcher's Supplier (388) and Birds of Paradise (382) to attack Ai(2)-mm-abaddon.
Add To Stack: Ai(4)-mm-muldrotha-value triggered Teval, the Balanced Scale
Zone Change: Ai(4)-mm-muldrotha-value milled Forest (343), Seal of Removal (373) and Polluted Delta (313).
Resolve Stack: Whenever Teval attacks, mill three cards. Then you may return a land card from your graveyard to the battlefield tapped. [Attacker: Teval, the Balanced Scale (398)]
Add To Stack: Ai(4)-mm-muldrotha-value triggered Teval, the Balanced Scale
Resolve Stack: Whenever one or more cards leave your graveyard, create a 2/2 black Zombie Druid creature token. [Amount: 1]
Phase: Ai(4)-mm-muldrotha-value's Declare Blockers Step
Combat: Ai(2)-mm-abaddon assigned Loyal Subordinate (155) to block Muldrotha, the Gravetide (403).
Ai(2)-mm-abaddon assigned Abaddon the Despoiler (201) to block Syr Konrad, the Grim (396).
Ai(2)-mm-abaddon didn't block Teval, the Balanced Scale (398).
Ai(2)-mm-abaddon didn't block Zombie Druid Token (458).
Ai(2)-mm-abaddon didn't block Zombie Druid Token (461).
Ai(2)-mm-abaddon didn't block Mulldrifter (363).
Ai(2)-mm-abaddon didn't block Zombie Druid Token (468).
Ai(2)-mm-abaddon didn't block Zombie Druid Token (471).
Ai(2)-mm-abaddon didn't block Zombie Druid Token (475).
Ai(2)-mm-abaddon didn't block Baleful Strix (323).
Ai(2)-mm-abaddon didn't block Stitcher's Supplier (388).
Ai(2)-mm-abaddon didn't block Birds of Paradise (382).
Phase: Ai(4)-mm-muldrotha-value's First Strike Damage Step
Phase: Ai(4)-mm-muldrotha-value's Combat Damage Step
Damage: Muldrotha, the Gravetide (403) deals 6 damage to Loyal Subordinate (155).
Damage: Syr Konrad, the Grim (396) deals 5 damage to Abaddon the Despoiler (201).
Damage: Teval, the Balanced Scale (398) deals 3 combat damage to Ai(2)-mm-abaddon.
Damage: Zombie Druid Token (458) deals 2 combat damage to Ai(2)-mm-abaddon.
Damage: Zombie Druid Token (461) deals 2 combat damage to Ai(2)-mm-abaddon.
Damage: Mulldrifter (363) deals 2 combat damage to Ai(2)-mm-abaddon.
Damage: Zombie Druid Token (468) deals 2 combat damage to Ai(2)-mm-abaddon.
Damage: Zombie Druid Token (471) deals 2 combat damage to Ai(2)-mm-abaddon.
Damage: Zombie Druid Token (475) deals 2 combat damage to Ai(2)-mm-abaddon.
Damage: Baleful Strix (323) deals 1 combat damage to Ai(2)-mm-abaddon.
Damage: Stitcher's Supplier (388) deals 1 combat damage to Ai(2)-mm-abaddon.
Damage: Loyal Subordinate (155) deals 3 damage to Muldrotha, the Gravetide (403).
Damage: Abaddon the Despoiler (201) deals 5 damage to Syr Konrad, the Grim (396).
Life: Life: Ai(2)-mm-abaddon 13 > -4
Player Control: Ai(1)-mm-talrand-spells has restored control over themself
Player Control: Ai(2)-mm-abaddon has restored control over themself
Player Control: Ai(3)-mm-baylen-tokens has restored control over themself
Player Control: Ai(4)-mm-muldrotha-value has restored control over themself
Game Outcome: Turn 18
Game Outcome: Ai(1)-mm-talrand-spells has lost because life total reached 0
Game Outcome: Ai(2)-mm-abaddon has lost because life total reached 0
Game Outcome: Ai(3)-mm-baylen-tokens has lost because life total reached 0
Game Outcome: Ai(4)-mm-muldrotha-value has won because all opponents have lost
Match Result: Ai(1)-mm-talrand-spells: 0 Ai(2)-mm-abaddon: 0 Ai(3)-mm-baylen-tokens: 0 Ai(4)-mm-muldrotha-value: 1 

Game Result: Game 1 ended in 147633 ms. Ai(4)-mm-muldrotha-value has won!

Warning: default (ie. inherited from base class) implementation of confirmAction is used by Baylen, the Haymaker for forge.ai.ability.PermanentCreatureAi. Consider declaring an overloaded method
Warning: default (ie. inherited from base class) implementation of confirmAction is used by Talrand, Sky Summoner for forge.ai.ability.PermanentCreatureAi. Consider declaring an overloaded method
ComputerUtilMana: payManaCost() cost was not paid for Create X 1/1 white Soldier creature tokens with lifelink. (March of the Multitudes). Didn't find what to pay for {G}
[Ai(3)-mm-baylen-tokens] AI failed to play March of the Multitudes (264) [Stack]
Warning: default (ie. inherited from base class) implementation of confirmAction is used by Talrand, Sky Summoner for forge.ai.ability.PermanentCreatureAi. Consider declaring an overloaded method
Warning: default (ie. inherited from base class) implementation of confirmAction is used by Abaddon the Despoiler for forge.ai.ability.PermanentCreatureAi. Consider declaring an overloaded method
Warning: default (ie. inherited from base class) implementation of confirmAction is used by Muldrotha, the Gravetide for forge.ai.ability.PermanentCreatureAi. Consider declaring an overloaded method
java.util.concurrent.TimeoutException
	at java.base/java.util.concurrent.FutureTask.get(FutureTask.java:204)
	at forge.ai.AiController.chooseSpellAbilityToPlayFromList(AiController.java:1696)
	at forge.ai.AiController.getSpellAbilityToPlay(AiController.java:1583)
	at forge.ai.AiController.chooseSpellAbilityToPlay(AiController.java:1403)
	at forge.ai.PlayerControllerAi.chooseSpellAbilityToPlay(PlayerControllerAi.java:832)
	at forge.game.phase.PhaseHandler.mainLoopStep(PhaseHandler.java:1056)
	at forge.game.phase.PhaseHandler.mainGameLoop(PhaseHandler.java:1035)
	at forge.game.phase.PhaseHandler.startFirstTurn(PhaseHandler.java:1029)
	at forge.game.GameAction.startGame(GameAction.java:2373)
	at forge.game.Match.startGame(Match.java:92)
	at forge.game.Match.startGame(Match.java:77)
	at forge.view.SimulateMatch.lambda$simulateSingleMatch$0(SimulateMatch.java:213)
	at forge.view.TimeLimitedCodeBlock.lambda$runWithTimeout$0(TimeLimitedCodeBlock.java:18)
	at java.base/java.util.concurrent.FutureTask.run(FutureTask.java:317)
	at java.base/java.util.concurrent.ThreadPoolExecutor.runWorker(ThreadPoolExecutor.java:1144)
	at java.base/java.util.concurrent.ThreadPoolExecutor$Worker.run(ThreadPoolExecutor.java:642)
	at java.base/java.lang.Thread.run(Thread.java:1583)
AI eval thread at timeout:
	at java.base/java.util.HashMap.put(HashMap.java:618)
	at java.base/java.util.HashSet.add(HashSet.java:229)
	at java.base/java.util.AbstractCollection.addAll(AbstractCollection.java:338)
	at java.base/java.util.HashSet.<init>(HashSet.java:121)
	at forge.util.collect.FCollection.hashed(FCollection.java:58)
	at forge.util.collect.FCollection.add(FCollection.java:269)
	at forge.util.collect.FCollection.addAll(FCollection.java:346)
	at forge.util.collect.FCollection.addAll(FCollection.java:325)
	at forge.game.player.PlayerCollection.getCardsIn(PlayerCollection.java:33)
	at forge.game.Game.getCardsIn(Game.java:610)
	at forge.game.Game.getCardsIn(Game.java:628)
	at forge.game.staticability.StaticAbilityManaConvert.manaConvert(StaticAbilityManaConvert.java:16)
	at forge.ai.ComputerUtilMana.payManaCost(ComputerUtilMana.java:625)
	at forge.ai.ComputerUtilMana.payManaCost(ComputerUtilMana.java:74)
	at forge.ai.ComputerUtilMana.canPayManaCost(ComputerUtilMana.java:63)
	at forge.ai.ComputerUtilCost.canPayCost(ComputerUtilCost.java:634)
	at forge.ai.ComputerUtilCost.canPayCost(ComputerUtilCost.java:530)
	at forge.ai.ComputerUtilCombat.canGainKeyword(ComputerUtilCombat.java:2290)
	at forge.ai.ComputerUtilCombat.hasKeyword(ComputerUtilCombat.java:2270)
	at forge.ai.ComputerUtilCombat.canDestroyBlocker(ComputerUtilCombat.java:1985)
	at forge.ai.ComputerUtilCombat.canDestroyBlocker(ComputerUtilCombat.java:1872)
	at forge.ai.AiAttackController$SpellAbilityFactors.calculate(AiAttackController.java:1408)
	at forge.ai.AiAttackController.shouldAttack(AiAttackController.java:1493)
	at forge.ai.AiAttackController.declareAttackers(AiAttackController.java:1300)
	at forge.ai.AiController.getPredictedCombat(AiController.java:145)
	at forge.ai.ComputerUtilCard.doesCreatureAttackAI(ComputerUtilCard.java:806)
	at forge.ai.ComputerUtilCard.shouldPumpCard(ComputerUtilCard.java:1557)
	at forge.ai.ability.PumpAi.checkApiLogic(PumpAi.java:316)
	at forge.ai.SpellAbilityAi.canPlayWithoutRestrict(SpellAbilityAi.java:98)
	at forge.ai.SpellAbilityAi.canPlay(SpellAbilityAi.java:76)
