Error handling registered!
16:15:03 [INFO ] GuiBase: ##########################################
16:15:03 [INFO ] GuiBase: APP: Forge v.2.0.14-SNAPSHOT-08.08
16:15:03 [INFO ] GuiBase: Java: 21.0.9 (Oracle Corporation)
16:15:03 [INFO ] GuiBase: OS: Mac OS X 26.3 aarch64
16:15:03 [INFO ] GuiBase: RAM: 4096 MB max, 8 CPUs
16:15:03 [INFO ] GuiBase: ##########################################
Language 'en-US' loaded successfully.
(ThreadUtil first call): Running with priority 5
Read cards: 33617 archived files in 1 ms (25 parts) using thread pool
Upcoming set Star Trek (TRK) dated in the future. All `upcoming` cards will be added to this set with unknown rarity.
The card A-Alrund's Epiphany was not assigned to any set. Adding it to UNKNOWN set... to fix see res/editions/ folder. 
The card A-Baba Lysaga, Night Witch was not assigned to any set. Adding it to UNKNOWN set... to fix see res/editions/ folder. 
The card A-Divide by Zero was not assigned to any set. Adding it to UNKNOWN set... to fix see res/editions/ folder. 
The card A-Esika's Chariot was not assigned to any set. Adding it to UNKNOWN set... to fix see res/editions/ folder. 
The card A-Faceless Haven was not assigned to any set. Adding it to UNKNOWN set... to fix see res/editions/ folder. 
The card A-Fires of Invention was not assigned to any set. Adding it to UNKNOWN set... to fix see res/editions/ folder. 
The card A-Goldspan Dragon was not assigned to any set. Adding it to UNKNOWN set... to fix see res/editions/ folder. 
The card A-Hullbreaker Horror was not assigned to any set. Adding it to UNKNOWN set... to fix see res/editions/ folder. 
The card A-Kumano Faces Kakkazan was not assigned to any set. Adding it to UNKNOWN set... to fix see res/editions/ folder. 
The card A-Luminarch Aspirant was not assigned to any set. Adding it to UNKNOWN set... to fix see res/editions/ folder. 
The card A-Monster Manual was not assigned to any set. Adding it to UNKNOWN set... to fix see res/editions/ folder. 
The card A-Omnath, Locus of Creation was not assigned to any set. Adding it to UNKNOWN set... to fix see res/editions/ folder. 
The card A-The Meathook Massacre was not assigned to any set. Adding it to UNKNOWN set... to fix see res/editions/ folder. 
The card A-Unholy Heat was not assigned to any set. Adding it to UNKNOWN set... to fix see res/editions/ folder. 
The card Blinding Radiance was not assigned to any set. Adding it to UNKNOWN set... to fix see res/editions/ folder. 
The card Goblin Bruiser was not assigned to any set. Adding it to UNKNOWN set... to fix see res/editions/ folder. 
The card Ogre Painbringer was not assigned to any set. Adding it to UNKNOWN set... to fix see res/editions/ folder. 
The card Titanic Pelagosaur was not assigned to any set. Adding it to UNKNOWN set... to fix see res/editions/ folder. 
The card Treetop Recluse was not assigned to any set. Adding it to UNKNOWN set... to fix see res/editions/ folder. 
Upcoming set Star Trek (TRK) dated in the future. All `upcoming` cards will be added to this set with unknown rarity.
Read cards: 836 files in 0 ms (8 parts) using thread pool
Simulation mode
Ai(1)-mm-muldrotha-value [Experimental] vs Ai(2)-mm-talrand-spells [Experimental] vs Ai(3)-mm-abaddon [Experimental] vs Ai(4)-mm-baylen-tokens [Experimental] - two games of Commander seed 249713556
Warning: default (ie. inherited from base class) implementation of confirmAction is used by Baylen, the Haymaker for forge.ai.ability.PermanentCreatureAi. Consider declaring an overloaded method
Warning: default (ie. inherited from base class) implementation of confirmAction is used by Talrand, Sky Summoner for forge.ai.ability.PermanentCreatureAi. Consider declaring an overloaded method
Mulligan: Ai(4)-mm-baylen-tokens has mulliganed down to 7 cards.
Mulligan: Ai(1)-mm-muldrotha-value has mulliganed down to 7 cards.
Mulligan: Ai(1)-mm-muldrotha-value has mulliganed down to 6 cards.
Mulligan: Ai(4)-mm-baylen-tokens has kept a hand of 7 cards
Mulligan: Ai(1)-mm-muldrotha-value has kept a hand of 6 cards
Mulligan: Ai(2)-mm-talrand-spells has kept a hand of 7 cards
Mulligan: Ai(3)-mm-abaddon has kept a hand of 7 cards
Turn: Turn 1 (Ai(4)-mm-baylen-tokens)
Phase: Ai(4)-mm-baylen-tokens' Untap step
Phase: Ai(4)-mm-baylen-tokens' Upkeep step
Phase: Ai(4)-mm-baylen-tokens' Draw step
Phase: Ai(4)-mm-baylen-tokens' Main phase, precombat
Land: Ai(4)-mm-baylen-tokens played Command Tower (313)
Phase: Ai(4)-mm-baylen-tokens' Beginning of Combat Step
Phase: Ai(4)-mm-baylen-tokens' Declare Attackers Step
Phase: Ai(4)-mm-baylen-tokens' Declare Blockers Step
Phase: Ai(4)-mm-baylen-tokens' First Strike Damage Step
Phase: Ai(4)-mm-baylen-tokens' Combat Damage Step
Phase: Ai(4)-mm-baylen-tokens' End of Combat Step
Phase: Ai(4)-mm-baylen-tokens' Main phase, postcombat
Phase: Ai(4)-mm-baylen-tokens' End step
Phase: Ai(4)-mm-baylen-tokens' Cleanup step
Turn: Turn 2 (Ai(1)-mm-muldrotha-value)
Phase: Ai(1)-mm-muldrotha-value's Untap step
Phase: Ai(1)-mm-muldrotha-value's Upkeep step
Phase: Ai(1)-mm-muldrotha-value's Draw step
Phase: Ai(1)-mm-muldrotha-value's Main phase, precombat
Replacement Effect: Undergrowth Stadium enters tapped unless you have two or more opponents.
Land: Ai(1)-mm-muldrotha-value played Undergrowth Stadium (92)
Phase: Ai(1)-mm-muldrotha-value's Beginning of Combat Step
Phase: Ai(1)-mm-muldrotha-value's Declare Attackers Step
Phase: Ai(1)-mm-muldrotha-value's Declare Blockers Step
Phase: Ai(1)-mm-muldrotha-value's First Strike Damage Step
Phase: Ai(1)-mm-muldrotha-value's Combat Damage Step
Phase: Ai(1)-mm-muldrotha-value's End of Combat Step
Phase: Ai(1)-mm-muldrotha-value's Main phase, postcombat
Phase: Ai(1)-mm-muldrotha-value's End step
Phase: Ai(1)-mm-muldrotha-value's Cleanup step
Turn: Turn 3 (Ai(2)-mm-talrand-spells)
Phase: Ai(2)-mm-talrand-spells' Untap step
Phase: Ai(2)-mm-talrand-spells' Upkeep step
Phase: Ai(2)-mm-talrand-spells' Draw step
Phase: Ai(2)-mm-talrand-spells' Main phase, precombat
Land: Ai(2)-mm-talrand-spells played Island (142)
Phase: Ai(2)-mm-talrand-spells' Beginning of Combat Step
Phase: Ai(2)-mm-talrand-spells' Declare Attackers Step
Phase: Ai(2)-mm-talrand-spells' Declare Blockers Step
Phase: Ai(2)-mm-talrand-spells' First Strike Damage Step
Phase: Ai(2)-mm-talrand-spells' Combat Damage Step
Phase: Ai(2)-mm-talrand-spells' End of Combat Step
Phase: Ai(2)-mm-talrand-spells' Main phase, postcombat
Phase: Ai(2)-mm-talrand-spells' End step
Phase: Ai(2)-mm-talrand-spells' Cleanup step
Turn: Turn 4 (Ai(3)-mm-abaddon)
Phase: Ai(3)-mm-abaddon's Untap step
Phase: Ai(3)-mm-abaddon's Upkeep step
Phase: Ai(3)-mm-abaddon's Draw step
Phase: Ai(3)-mm-abaddon's Main phase, precombat
Land: Ai(3)-mm-abaddon played Shivan Reef (240)
Phase: Ai(3)-mm-abaddon's Beginning of Combat Step
Phase: Ai(3)-mm-abaddon's Declare Attackers Step
Phase: Ai(3)-mm-abaddon's Declare Blockers Step
Phase: Ai(3)-mm-abaddon's First Strike Damage Step
Phase: Ai(3)-mm-abaddon's Combat Damage Step
Phase: Ai(3)-mm-abaddon's End of Combat Step
Phase: Ai(3)-mm-abaddon's Main phase, postcombat
Phase: Ai(3)-mm-abaddon's End step
Phase: Ai(3)-mm-abaddon's Cleanup step
Turn: Turn 5 (Ai(4)-mm-baylen-tokens)
Phase: Ai(4)-mm-baylen-tokens' Untap step
Phase: Ai(4)-mm-baylen-tokens' Upkeep step
Phase: Ai(4)-mm-baylen-tokens' Draw step
Phase: Ai(4)-mm-baylen-tokens' Main phase, precombat
Land: Ai(4)-mm-baylen-tokens played Reliquary Tower (377)
Mana: Command Tower (313) - {T}: Add one mana of any color in your commander's color identity.
Mana: Reliquary Tower (377) - {T}: Add {C}.
Add To Stack: Ai(4)-mm-baylen-tokens cast Rampant Growth
Resolve Stack: Rampant Growth (379) - Search your library for a basic land card, put that card onto the battlefield tapped, then shuffle.
Phase: Ai(4)-mm-baylen-tokens' Beginning of Combat Step
Phase: Ai(4)-mm-baylen-tokens' Declare Attackers Step
Phase: Ai(4)-mm-baylen-tokens' Declare Blockers Step
Phase: Ai(4)-mm-baylen-tokens' First Strike Damage Step
Phase: Ai(4)-mm-baylen-tokens' Combat Damage Step
Phase: Ai(4)-mm-baylen-tokens' End of Combat Step
Phase: Ai(4)-mm-baylen-tokens' Main phase, postcombat
Phase: Ai(4)-mm-baylen-tokens' End step
Phase: Ai(4)-mm-baylen-tokens' Cleanup step
Turn: Turn 6 (Ai(1)-mm-muldrotha-value)
Phase: Ai(1)-mm-muldrotha-value's Untap step
Phase: Ai(1)-mm-muldrotha-value's Upkeep step
Phase: Ai(1)-mm-muldrotha-value's Draw step
Phase: Ai(1)-mm-muldrotha-value's Main phase, precombat
Land: Ai(1)-mm-muldrotha-value played Forest (40)
Phase: Ai(1)-mm-muldrotha-value's Beginning of Combat Step
Phase: Ai(1)-mm-muldrotha-value's Declare Attackers Step
Phase: Ai(1)-mm-muldrotha-value's Declare Blockers Step
Phase: Ai(1)-mm-muldrotha-value's First Strike Damage Step
Phase: Ai(1)-mm-muldrotha-value's Combat Damage Step
Phase: Ai(1)-mm-muldrotha-value's End of Combat Step
Phase: Ai(1)-mm-muldrotha-value's Main phase, postcombat
Mana: Forest (40) - {T}: Add {G}.
Add To Stack: Ai(1)-mm-muldrotha-value cast Spore Frog
Resolve Stack: Spore Frog - Creature 1 / 1
Phase: Ai(1)-mm-muldrotha-value's End step
Phase: Ai(1)-mm-muldrotha-value's Cleanup step
Turn: Turn 7 (Ai(2)-mm-talrand-spells)
Phase: Ai(2)-mm-talrand-spells' Untap step
Phase: Ai(2)-mm-talrand-spells' Upkeep step
Phase: Ai(2)-mm-talrand-spells' Draw step
Phase: Ai(2)-mm-talrand-spells' Main phase, precombat
Land: Ai(2)-mm-talrand-spells played Reliquary Tower (182)
Phase: Ai(2)-mm-talrand-spells' Beginning of Combat Step
Phase: Ai(2)-mm-talrand-spells' Declare Attackers Step
Phase: Ai(2)-mm-talrand-spells' Declare Blockers Step
Phase: Ai(2)-mm-talrand-spells' First Strike Damage Step
Phase: Ai(2)-mm-talrand-spells' Combat Damage Step
Phase: Ai(2)-mm-talrand-spells' End of Combat Step
Phase: Ai(2)-mm-talrand-spells' Main phase, postcombat
Phase: Ai(2)-mm-talrand-spells' End step
Phase: Ai(2)-mm-talrand-spells' Cleanup step
Turn: Turn 8 (Ai(3)-mm-abaddon)
Phase: Ai(3)-mm-abaddon's Untap step
Phase: Ai(3)-mm-abaddon's Upkeep step
Phase: Ai(3)-mm-abaddon's Draw step
Phase: Ai(3)-mm-abaddon's Main phase, precombat
Replacement Effect: As Watery Grave enters, you may pay 2 life. If you don't, it enters tapped.
Land: Ai(3)-mm-abaddon played Watery Grave (225)
Phase: Ai(3)-mm-abaddon's Beginning of Combat Step
Phase: Ai(3)-mm-abaddon's Declare Attackers Step
Phase: Ai(3)-mm-abaddon's Declare Blockers Step
Phase: Ai(3)-mm-abaddon's First Strike Damage Step
Phase: Ai(3)-mm-abaddon's Combat Damage Step
Phase: Ai(3)-mm-abaddon's End of Combat Step
Phase: Ai(3)-mm-abaddon's Main phase, postcombat
Phase: Ai(3)-mm-abaddon's End step
Phase: Ai(3)-mm-abaddon's Cleanup step
Turn: Turn 9 (Ai(4)-mm-baylen-tokens)
Phase: Ai(4)-mm-baylen-tokens' Untap step
Phase: Ai(4)-mm-baylen-tokens' Upkeep step
Phase: Ai(4)-mm-baylen-tokens' Draw step
Phase: Ai(4)-mm-baylen-tokens' Main phase, precombat
Land: Ai(4)-mm-baylen-tokens played Mountain (386)
Phase: Ai(4)-mm-baylen-tokens' Beginning of Combat Step
Phase: Ai(4)-mm-baylen-tokens' Declare Attackers Step
Phase: Ai(4)-mm-baylen-tokens' Declare Blockers Step
Phase: Ai(4)-mm-baylen-tokens' First Strike Damage Step
Phase: Ai(4)-mm-baylen-tokens' Combat Damage Step
Phase: Ai(4)-mm-baylen-tokens' End of Combat Step
Phase: Ai(4)-mm-baylen-tokens' Main phase, postcombat
Mana: Command Tower (313) - {T}: Add one mana of any color in your commander's color identity.
Mana: Plains (391) - {T}: Add {W}.
Mana: Mountain (386) - {T}: Add {R}.
Add To Stack: Ai(4)-mm-baylen-tokens cast Baylen, the Haymaker
Mana: Island (142) - {T}: Add {U}.
Mana: Reliquary Tower (182) - {T}: Add {C}.
Add To Stack: Ai(2)-mm-talrand-spells cast Arcane Denial targeting [Baylen, the Haymaker - Creature 4 / 3]
Zone Change: Send countered spell to Graveyard
Resolve Stack: Arcane Denial (174) - Counter Baylen, the Haymaker (403). Draw a card. Draw up to two cards. 
Phase: Ai(4)-mm-baylen-tokens' End step
Phase: Ai(4)-mm-baylen-tokens' Cleanup step
Turn: Turn 10 (Ai(1)-mm-muldrotha-value)
Phase: Ai(1)-mm-muldrotha-value's Untap step
Phase: Ai(1)-mm-muldrotha-value's Upkeep step
Add To Stack: Ai(2)-mm-talrand-spells triggered Arcane Denial
Add To Stack: Ai(2)-mm-talrand-spells triggered Arcane Denial
Resolve Stack: Draw up to two cards. ([Ai(4)-mm-baylen-tokens]) [Phase: Ai(1)-mm-muldrotha-value]
Resolve Stack: Draw a card. [Phase: Ai(1)-mm-muldrotha-value]
Phase: Ai(1)-mm-muldrotha-value's Draw step
Phase: Ai(1)-mm-muldrotha-value's Main phase, precombat
Replacement Effect: As Breeding Pool enters, you may pay 2 life. If you don't, it enters tapped.
Land: Ai(1)-mm-muldrotha-value played Breeding Pool (68)
Phase: Ai(1)-mm-muldrotha-value's Beginning of Combat Step
Phase: Ai(1)-mm-muldrotha-value's Declare Attackers Step
Combat: Ai(1)-mm-muldrotha-value assigned Spore Frog (50) to attack Ai(4)-mm-baylen-tokens.
Phase: Ai(1)-mm-muldrotha-value's Declare Blockers Step
Combat: Ai(4)-mm-baylen-tokens didn't block Spore Frog (50).
Phase: Ai(1)-mm-muldrotha-value's First Strike Damage Step
Phase: Ai(1)-mm-muldrotha-value's Combat Damage Step
Damage: Spore Frog (50) deals 1 combat damage to Ai(4)-mm-baylen-tokens.
Life: Life: Ai(4)-mm-baylen-tokens 40 > 39
Phase: Ai(1)-mm-muldrotha-value's End of Combat Step
Phase: Ai(1)-mm-muldrotha-value's Main phase, postcombat
Mana: Forest (40) - {T}: Add {G}.
Mana: Undergrowth Stadium (92) - {T}: Add {B} or {G}.
Add To Stack: Ai(1)-mm-muldrotha-value cast Satyr Wayfinder
Resolve Stack: Satyr Wayfinder - Creature 1 / 1
Add To Stack: Ai(1)-mm-muldrotha-value triggered Satyr Wayfinder
Resolve Stack: When Satyr Wayfinder enters, reveal the top four cards of your library. You may put a land card from among them into your hand. Put the rest into your graveyard. [Zone Changer: Satyr Wayfinder (26)]
Phase: Ai(1)-mm-muldrotha-value's End step
Phase: Ai(1)-mm-muldrotha-value's Cleanup step
Turn: Turn 11 (Ai(2)-mm-talrand-spells)
Phase: Ai(2)-mm-talrand-spells' Untap step
Phase: Ai(2)-mm-talrand-spells' Upkeep step
Phase: Ai(2)-mm-talrand-spells' Draw step
Phase: Ai(2)-mm-talrand-spells' Main phase, precombat
Land: Ai(2)-mm-talrand-spells played Island (149)
Phase: Ai(2)-mm-talrand-spells' Beginning of Combat Step
Phase: Ai(2)-mm-talrand-spells' Declare Attackers Step
Phase: Ai(2)-mm-talrand-spells' Declare Blockers Step
Phase: Ai(2)-mm-talrand-spells' First Strike Damage Step
Phase: Ai(2)-mm-talrand-spells' Combat Damage Step
Phase: Ai(2)-mm-talrand-spells' End of Combat Step
Phase: Ai(2)-mm-talrand-spells' Main phase, postcombat
Mana: Island (142) - {T}: Add {U}.
Add To Stack: Ai(2)-mm-talrand-spells cast Sleight of Hand
Resolve Stack: Sleight of Hand (200) - Ai(2)-mm-talrand-spells looks at the top two cards of their library. They put one of them into their hand and put the rest on the bottom of their library in any order.
Phase: Ai(2)-mm-talrand-spells' End step
Phase: Ai(2)-mm-talrand-spells' Cleanup step
Turn: Turn 12 (Ai(3)-mm-abaddon)
Phase: Ai(3)-mm-abaddon's Untap step
Phase: Ai(3)-mm-abaddon's Upkeep step
Phase: Ai(3)-mm-abaddon's Draw step
Phase: Ai(3)-mm-abaddon's Main phase, precombat
Land: Ai(3)-mm-abaddon played Mountain (287)
Phase: Ai(3)-mm-abaddon's Beginning of Combat Step
Phase: Ai(3)-mm-abaddon's Declare Attackers Step
Phase: Ai(3)-mm-abaddon's Declare Blockers Step
Phase: Ai(3)-mm-abaddon's First Strike Damage Step
Phase: Ai(3)-mm-abaddon's Combat Damage Step
Phase: Ai(3)-mm-abaddon's End of Combat Step
Phase: Ai(3)-mm-abaddon's Main phase, postcombat
Mana: Mountain (287) - {T}: Add {R}.
Mana: Watery Grave (225) - {T}: Add {B}.
Add To Stack: Ai(3)-mm-abaddon cast Thermo-Alchemist
Resolve Stack: Thermo-Alchemist - Creature 0 / 3
Phase: Ai(3)-mm-abaddon's End step
Phase: Ai(3)-mm-abaddon's Cleanup step
Turn: Turn 13 (Ai(4)-mm-baylen-tokens)
Phase: Ai(4)-mm-baylen-tokens' Untap step
Phase: Ai(4)-mm-baylen-tokens' Upkeep step
Phase: Ai(4)-mm-baylen-tokens' Draw step
Phase: Ai(4)-mm-baylen-tokens' Main phase, precombat
Land: Ai(4)-mm-baylen-tokens played Forest (328)
Phase: Ai(4)-mm-baylen-tokens' Beginning of Combat Step
Phase: Ai(4)-mm-baylen-tokens' Declare Attackers Step
Phase: Ai(4)-mm-baylen-tokens' Declare Blockers Step
Phase: Ai(4)-mm-baylen-tokens' First Strike Damage Step
Phase: Ai(4)-mm-baylen-tokens' Combat Damage Step
Phase: Ai(4)-mm-baylen-tokens' End of Combat Step
Phase: Ai(4)-mm-baylen-tokens' Main phase, postcombat
Mana: Plains (391) - {T}: Add {W}.
Mana: Mountain (386) - {T}: Add {R}.
Mana: Forest (328) - {T}: Add {G}.
Mana: Reliquary Tower (377) - {T}: Add {C}.
Mana: Command Tower (313) - {T}: Add one mana of any color in your commander's color identity.
Add To Stack: Ai(4)-mm-baylen-tokens cast Baylen, the Haymaker
Resolve Stack: Baylen, the Haymaker - Creature 4 / 3
Phase: Ai(4)-mm-baylen-tokens' End step
Phase: Ai(4)-mm-baylen-tokens' Cleanup step
Turn: Turn 14 (Ai(1)-mm-muldrotha-value)
Phase: Ai(1)-mm-muldrotha-value's Untap step
Phase: Ai(1)-mm-muldrotha-value's Upkeep step
Mana: Breeding Pool (68) - {T}: Add {U}.
Mana: Forest (40) - {T}: Add {G}.
Add To Stack: Ai(1)-mm-muldrotha-value cast Cyclonic Rift targeting [Baylen, the Haymaker (403)]
Resolve Stack: Cyclonic Rift (7) - Return Baylen, the Haymaker (403) to its owner's hand.
Phase: Ai(1)-mm-muldrotha-value's Draw step
Phase: Ai(1)-mm-muldrotha-value's Main phase, precombat
Land: Ai(1)-mm-muldrotha-value played Misty Rainforest (11)
Life: Life: Ai(1)-mm-muldrotha-value 40 > 39
Zone Change: Misty Rainforest (11) was put into Graveyard from Battlefield.
Add To Stack: Ai(1)-mm-muldrotha-value activated Misty Rainforest
Replacement Effect: As Watery Grave enters, you may pay 2 life. If you don't, it enters tapped.
Resolve Stack: Misty Rainforest (11) - Ai(1)-mm-muldrotha-value searches their library for a Forest or Island card, puts it onto the battlefield, then shuffles.
Phase: Ai(1)-mm-muldrotha-value's Beginning of Combat Step
Phase: Ai(1)-mm-muldrotha-value's Declare Attackers Step
Combat: Ai(1)-mm-muldrotha-value assigned Spore Frog (50) and Satyr Wayfinder (26) to attack Ai(4)-mm-baylen-tokens.
Phase: Ai(1)-mm-muldrotha-value's Declare Blockers Step
Combat: Ai(4)-mm-baylen-tokens didn't block Spore Frog (50).
Ai(4)-mm-baylen-tokens didn't block Satyr Wayfinder (26).
Phase: Ai(1)-mm-muldrotha-value's First Strike Damage Step
Phase: Ai(1)-mm-muldrotha-value's Combat Damage Step
Damage: Spore Frog (50) deals 1 combat damage to Ai(4)-mm-baylen-tokens.
Damage: Satyr Wayfinder (26) deals 1 combat damage to Ai(4)-mm-baylen-tokens.
Life: Life: Ai(4)-mm-baylen-tokens 39 > 37
Phase: Ai(1)-mm-muldrotha-value's End of Combat Step
Phase: Ai(1)-mm-muldrotha-value's Main phase, postcombat
Phase: Ai(1)-mm-muldrotha-value's End step
Phase: Ai(1)-mm-muldrotha-value's Cleanup step
Turn: Turn 15 (Ai(2)-mm-talrand-spells)
Phase: Ai(2)-mm-talrand-spells' Untap step
Phase: Ai(2)-mm-talrand-spells' Upkeep step
Phase: Ai(2)-mm-talrand-spells' Draw step
Phase: Ai(2)-mm-talrand-spells' Main phase, precombat
Land: Ai(2)-mm-talrand-spells played Island (150)
Phase: Ai(2)-mm-talrand-spells' Beginning of Combat Step
Phase: Ai(2)-mm-talrand-spells' Declare Attackers Step
Phase: Ai(2)-mm-talrand-spells' Declare Blockers Step
Phase: Ai(2)-mm-talrand-spells' First Strike Damage Step
Phase: Ai(2)-mm-talrand-spells' Combat Damage Step
Phase: Ai(2)-mm-talrand-spells' End of Combat Step
Phase: Ai(2)-mm-talrand-spells' Main phase, postcombat
Mana: Island (142) - {T}: Add {U}.
Mana: Reliquary Tower (182) - {T}: Add {C}.
Mana: Island (149) - {T}: Add {U}.
Add To Stack: Ai(2)-mm-talrand-spells cast Mocking Sprite
Resolve Stack: Mocking Sprite - Creature 2 / 1
Mana: Island (150) - {T}: Add {U}.
Add To Stack: Ai(2)-mm-talrand-spells cast Winged Words
Resolve Stack: Winged Words (194) - Ai(2)-mm-talrand-spells draws two cards.
Phase: Ai(2)-mm-talrand-spells' End step
Phase: Ai(2)-mm-talrand-spells' Cleanup step
Turn: Turn 16 (Ai(3)-mm-abaddon)
Phase: Ai(3)-mm-abaddon's Untap step
Phase: Ai(3)-mm-abaddon's Upkeep step
Phase: Ai(3)-mm-abaddon's Draw step
Phase: Ai(3)-mm-abaddon's Main phase, precombat
Phase: Ai(3)-mm-abaddon's Beginning of Combat Step
Phase: Ai(3)-mm-abaddon's Declare Attackers Step
Phase: Ai(3)-mm-abaddon's Declare Blockers Step
Phase: Ai(3)-mm-abaddon's First Strike Damage Step
Phase: Ai(3)-mm-abaddon's Combat Damage Step
Phase: Ai(3)-mm-abaddon's End of Combat Step
Phase: Ai(3)-mm-abaddon's Main phase, postcombat
Replacement Effect: As Foreboding Ruins enters, you may reveal a Swamp or Mountain card from your hand. If you don't, Foreboding Ruins enters tapped.
Land: Ai(3)-mm-abaddon played Foreboding Ruins (261)
Mana: Watery Grave (225) - {T}: Add {B}.
Mana: Mountain (287) - {T}: Add {R}.
Resolve Stack: Ai(3)-mm-abaddon has suspended Profane Tutor with 2 time counters on it.
Phase: Ai(3)-mm-abaddon's End step
Phase: Ai(3)-mm-abaddon's Cleanup step
Turn: Turn 17 (Ai(4)-mm-baylen-tokens)
Phase: Ai(4)-mm-baylen-tokens' Untap step
Phase: Ai(4)-mm-baylen-tokens' Upkeep step
Phase: Ai(4)-mm-baylen-tokens' Draw step
Phase: Ai(4)-mm-baylen-tokens' Main phase, precombat
Phase: Ai(4)-mm-baylen-tokens' Beginning of Combat Step
Phase: Ai(4)-mm-baylen-tokens' Declare Attackers Step
Phase: Ai(4)-mm-baylen-tokens' Declare Blockers Step
Phase: Ai(4)-mm-baylen-tokens' First Strike Damage Step
Phase: Ai(4)-mm-baylen-tokens' Combat Damage Step
Phase: Ai(4)-mm-baylen-tokens' End of Combat Step
Phase: Ai(4)-mm-baylen-tokens' Main phase, postcombat
Mana: Plains (391) - {T}: Add {W}.
Mana: Mountain (386) - {T}: Add {R}.
Mana: Forest (328) - {T}: Add {G}.
Add To Stack: Ai(4)-mm-baylen-tokens cast Baylen, the Haymaker
Resolve Stack: Baylen, the Haymaker - Creature 4 / 3
Mana: Command Tower (313) - {T}: Add one mana of any color in your commander's color identity.
Mana: Reliquary Tower (377) - {T}: Add {C}.
Add To Stack: Ai(4)-mm-baylen-tokens cast Hare Apparent
Resolve Stack: Hare Apparent - Creature 2 / 2
Add To Stack: Ai(4)-mm-baylen-tokens triggered Hare Apparent
Resolve Stack: When this creature enters, create a number of 1/1 white Rabbit creature tokens equal to the number of other creatures you control named Hare Apparent. [Zone Changer: Hare Apparent (351)]
Phase: Ai(4)-mm-baylen-tokens' End step
Phase: Ai(4)-mm-baylen-tokens' Cleanup step
Turn: Turn 18 (Ai(1)-mm-muldrotha-value)
Phase: Ai(1)-mm-muldrotha-value's Untap step
Phase: Ai(1)-mm-muldrotha-value's Upkeep step
Phase: Ai(1)-mm-muldrotha-value's Draw step
Phase: Ai(1)-mm-muldrotha-value's Main phase, precombat
Land: Ai(1)-mm-muldrotha-value played Polluted Delta (10)
Life: Life: Ai(1)-mm-muldrotha-value 39 > 38
Zone Change: Polluted Delta (10) was put into Graveyard from Battlefield.
Add To Stack: Ai(1)-mm-muldrotha-value activated Polluted Delta
Replacement Effect: Zagoth Triome enters tapped.
Resolve Stack: Polluted Delta (10) - Ai(1)-mm-muldrotha-value searches their library for an Island or Swamp card, puts it onto the battlefield, then shuffles.
Phase: Ai(1)-mm-muldrotha-value's Beginning of Combat Step
Phase: Ai(1)-mm-muldrotha-value's Declare Attackers Step
Phase: Ai(1)-mm-muldrotha-value's Declare Blockers Step
Phase: Ai(1)-mm-muldrotha-value's First Strike Damage Step
Phase: Ai(1)-mm-muldrotha-value's Combat Damage Step
Phase: Ai(1)-mm-muldrotha-value's End of Combat Step
Phase: Ai(1)-mm-muldrotha-value's Main phase, postcombat
Mana: Breeding Pool (68) - {T}: Add {U}.
Mana: Undergrowth Stadium (92) - {T}: Add {B} or {G}.
Mana: Forest (40) - {T}: Add {G}.
Mana: Watery Grave (30) - {T}: Add {B}.
Add To Stack: Ai(1)-mm-muldrotha-value cast Teval, the Balanced Scale
Resolve Stack: Teval, the Balanced Scale - Creature 4 / 4
Phase: Ai(1)-mm-muldrotha-value's End step
Phase: Ai(1)-mm-muldrotha-value's Cleanup step
Turn: Turn 19 (Ai(2)-mm-talrand-spells)
Phase: Ai(2)-mm-talrand-spells' Untap step
Phase: Ai(2)-mm-talrand-spells' Upkeep step
Mana: Island (142) - {T}: Add {U}.
Add To Stack: Ai(2)-mm-talrand-spells cast Snap targeting [Teval, the Balanced Scale (95)]
Resolve Stack: Snap (166) - Return Teval, the Balanced Scale (95) to its owner's hand. Untap up to 2 Lands.
Phase: Ai(2)-mm-talrand-spells' Draw step
Phase: Ai(2)-mm-talrand-spells' Main phase, precombat
Land: Ai(2)-mm-talrand-spells played Island (153)
Phase: Ai(2)-mm-talrand-spells' Beginning of Combat Step
Phase: Ai(2)-mm-talrand-spells' Declare Attackers Step
Combat: Ai(2)-mm-talrand-spells assigned Mocking Sprite (188) to attack Ai(4)-mm-baylen-tokens.
Phase: Ai(2)-mm-talrand-spells' Declare Blockers Step
Combat: Ai(4)-mm-baylen-tokens didn't block Mocking Sprite (188).
Phase: Ai(2)-mm-talrand-spells' First Strike Damage Step
Phase: Ai(2)-mm-talrand-spells' Combat Damage Step
Damage: Mocking Sprite (188) deals 2 combat damage to Ai(4)-mm-baylen-tokens.
Life: Life: Ai(4)-mm-baylen-tokens 37 > 35
Phase: Ai(2)-mm-talrand-spells' End of Combat Step
Phase: Ai(2)-mm-talrand-spells' Main phase, postcombat
Mana: Island (142) - {T}: Add {U}.
Mana: Island (149) - {T}: Add {U}.
Mana: Reliquary Tower (182) - {T}: Add {C}.
Mana: Island (150) - {T}: Add {U}.
Add To Stack: Ai(2)-mm-talrand-spells cast Talrand, Sky Summoner
Resolve Stack: Talrand, Sky Summoner - Creature 2 / 2
Phase: Ai(2)-mm-talrand-spells' End step
Add To Stack: Ai(3)-mm-abaddon activated Thermo-Alchemist
Damage: Thermo-Alchemist (284) deals 1 non-combat damage to Ai(1)-mm-muldrotha-value.
Damage: Thermo-Alchemist (284) deals 1 non-combat damage to Ai(2)-mm-talrand-spells.
Damage: Thermo-Alchemist (284) deals 1 non-combat damage to Ai(4)-mm-baylen-tokens.
Life: Life: Ai(1)-mm-muldrotha-value 38 > 37
Life: Life: Ai(2)-mm-talrand-spells 40 > 39
Life: Life: Ai(4)-mm-baylen-tokens 35 > 34
Resolve Stack: Thermo-Alchemist (284) - Thermo-Alchemist (284) deals 1 damage to Ai(1)-mm-muldrotha-value, Ai(2)-mm-talrand-spells and Ai(4)-mm-baylen-tokens.
Phase: Ai(2)-mm-talrand-spells' Cleanup step
Turn: Turn 20 (Ai(3)-mm-abaddon)
Phase: Ai(3)-mm-abaddon's Untap step
Phase: Ai(3)-mm-abaddon's Upkeep step
Add To Stack: Ai(3)-mm-abaddon triggered Profane Tutor
Resolve Stack: At the beginning of your upkeep, if this card is suspended, remove a time counter from it [Phase: Ai(3)-mm-abaddon]
Phase: Ai(3)-mm-abaddon's Draw step
Phase: Ai(3)-mm-abaddon's Main phase, precombat
Land: Ai(3)-mm-abaddon played Swamp (250)
Mana: Swamp (250) - {T}: Add {B}.
Mana: Mountain (287) - {T}: Add {R}.
Mana: Foreboding Ruins (261) - {T}: Add {B} or {R}.
Mana: Watery Grave (225) - {T}: Add {B}.
Mana: Shivan Reef (240) - {T}: Add {C}.
Add To Stack: Ai(3)-mm-abaddon cast Kill! Maim! Burn!
Add To Stack: Ai(3)-mm-abaddon triggered Thermo-Alchemist
Resolve Stack: Whenever you cast an instant or sorcery spell, untap Thermo-Alchemist. [Card: Kill! Maim! Burn! (271), Activator: Ai(3)-mm-abaddon, SpellAbility: Choose one or more —
• Destroy target artifact.
• Destroy target creature.
• Kill! Maim! Burn! deals 3 damage to target player.

 Destroy target creature. Kill! Maim! Burn! deals 3 damage to target player.]
Mana: Island (153) - {T}: Add {U}.
Add To Stack: Ai(2)-mm-talrand-spells cast Swan Song targeting [Choose one or more —
• Destroy target artifact.
• Destroy target creature.
• Kill! Maim! Burn! deals 3 damage to target player.

 Destroy target creature. Kill! Maim! Burn! deals 3 damage to target player.]
Add To Stack: Ai(2)-mm-talrand-spells triggered Talrand, Sky Summoner
Resolve Stack: Whenever you cast an instant or sorcery spell, create a 2/2 blue Drake creature token with flying. [Card: Swan Song (168), Activator: Ai(2)-mm-talrand-spells, SpellAbility: Counter target enchantment, instant or sorcery spell. Its controller creates a 2/2 blue Bird creature token with flying. ]
Zone Change: Send countered spell to Graveyard
Resolve Stack: Swan Song (168) - Counter Kill! Maim! Burn! (271). 
Phase: Ai(3)-mm-abaddon's Beginning of Combat Step
Phase: Ai(3)-mm-abaddon's Declare Attackers Step
Phase: Ai(3)-mm-abaddon's Declare Blockers Step
Phase: Ai(3)-mm-abaddon's First Strike Damage Step
Phase: Ai(3)-mm-abaddon's Combat Damage Step
Phase: Ai(3)-mm-abaddon's End of Combat Step
Phase: Ai(3)-mm-abaddon's Main phase, postcombat
Phase: Ai(3)-mm-abaddon's End step
Phase: Ai(3)-mm-abaddon's Cleanup step
Turn: Turn 21 (Ai(4)-mm-baylen-tokens)
Phase: Ai(4)-mm-baylen-tokens' Untap step
Phase: Ai(4)-mm-baylen-tokens' Upkeep step
Phase: Ai(4)-mm-baylen-tokens' Draw step
Phase: Ai(4)-mm-baylen-tokens' Main phase, precombat
Mana: Plains (391) - {T}: Add {W}.
Mana: Reliquary Tower (377) - {T}: Add {C}.
Add To Stack: Ai(4)-mm-baylen-tokens cast Hare Apparent
Resolve Stack: Hare Apparent - Creature 2 / 2
Add To Stack: Ai(4)-mm-baylen-tokens triggered Hare Apparent
Resolve Stack: When this creature enters, create a number of 1/1 white Rabbit creature tokens equal to the number of other creatures you control named Hare Apparent. [Zone Changer: Hare Apparent (349)]
Mana: Command Tower (313) - {T}: Add one mana of any color in your commander's color identity.
Mana: Mountain (386) - {T}: Add {R}.
Add To Stack: Ai(4)-mm-baylen-tokens cast Hare Apparent
Resolve Stack: Hare Apparent - Creature 2 / 2
Add To Stack: Ai(4)-mm-baylen-tokens triggered Hare Apparent
Resolve Stack: When this creature enters, create a number of 1/1 white Rabbit creature tokens equal to the number of other creatures you control named Hare Apparent. [Zone Changer: Hare Apparent (363)]
Mana: Baylen, the Haymaker (403) - Tap two untapped tokens you control: Add one mana of any color.
Mana: Forest (328) - {T}: Add {G}.
Add To Stack: Ai(4)-mm-baylen-tokens cast Hare Apparent
Resolve Stack: Hare Apparent - Creature 2 / 2
Add To Stack: Ai(4)-mm-baylen-tokens triggered Hare Apparent
Resolve Stack: When this creature enters, create a number of 1/1 white Rabbit creature tokens equal to the number of other creatures you control named Hare Apparent. [Zone Changer: Hare Apparent (353)]
Phase: Ai(4)-mm-baylen-tokens' Beginning of Combat Step
Phase: Ai(4)-mm-baylen-tokens' Declare Attackers Step
Combat: Ai(4)-mm-baylen-tokens assigned Baylen, the Haymaker (403) and Hare Apparent (351) to attack Ai(2)-mm-talrand-spells.
Phase: Ai(4)-mm-baylen-tokens' Declare Blockers Step
Combat: Ai(2)-mm-talrand-spells didn't block Baylen, the Haymaker (403).
Ai(2)-mm-talrand-spells didn't block Hare Apparent (351).
Add To Stack: Ai(4)-mm-baylen-tokens activated Baylen, the Haymaker
Resolve Stack: Baylen, the Haymaker (403) - Ai(4)-mm-baylen-tokens puts three +1/+1 counters on Baylen, the Haymaker (403). Baylen, the Haymaker (403) gains trample until end of turn.
Phase: Ai(4)-mm-baylen-tokens' First Strike Damage Step
Phase: Ai(4)-mm-baylen-tokens' Combat Damage Step
Damage: Baylen, the Haymaker (403) deals 7 combat damage to Ai(2)-mm-talrand-spells.
Damage: Hare Apparent (351) deals 2 combat damage to Ai(2)-mm-talrand-spells.
Life: Life: Ai(2)-mm-talrand-spells 39 > 30
Phase: Ai(4)-mm-baylen-tokens' End of Combat Step
Phase: Ai(4)-mm-baylen-tokens' Main phase, postcombat
Phase: Ai(4)-mm-baylen-tokens' End step
Phase: Ai(4)-mm-baylen-tokens' Cleanup step
Turn: Turn 22 (Ai(1)-mm-muldrotha-value)
Phase: Ai(1)-mm-muldrotha-value's Untap step
Phase: Ai(1)-mm-muldrotha-value's Upkeep step
Phase: Ai(1)-mm-muldrotha-value's Draw step
Phase: Ai(1)-mm-muldrotha-value's Main phase, precombat
Mana: Undergrowth Stadium (92) - {T}: Add {B} or {G}.
Add To Stack: Ai(1)-mm-muldrotha-value cast Kaya's Ghostform targeting [Satyr Wayfinder (26)]
Resolve Stack: Kaya's Ghostform (91) -  Attach to Satyr Wayfinder (26)
Phase: Ai(1)-mm-muldrotha-value's Beginning of Combat Step
Phase: Ai(1)-mm-muldrotha-value's Declare Attackers Step
Phase: Ai(1)-mm-muldrotha-value's Declare Blockers Step
Phase: Ai(1)-mm-muldrotha-value's First Strike Damage Step
Phase: Ai(1)-mm-muldrotha-value's Combat Damage Step
Phase: Ai(1)-mm-muldrotha-value's End of Combat Step
Phase: Ai(1)-mm-muldrotha-value's Main phase, postcombat
Mana: Watery Grave (30) - {T}: Add {B}.
Mana: Breeding Pool (68) - {T}: Add {U}.
Mana: Forest (40) - {T}: Add {G}.
Mana: Zagoth Triome (15) - {T}: Add {G}.
Add To Stack: Ai(1)-mm-muldrotha-value cast Teval, the Balanced Scale
Resolve Stack: Teval, the Balanced Scale - Creature 4 / 4
Phase: Ai(1)-mm-muldrotha-value's End step
Phase: Ai(1)-mm-muldrotha-value's Cleanup step
Turn: Turn 23 (Ai(2)-mm-talrand-spells)
Phase: Ai(2)-mm-talrand-spells' Untap step
Phase: Ai(2)-mm-talrand-spells' Upkeep step
Phase: Ai(2)-mm-talrand-spells' Draw step
Phase: Ai(2)-mm-talrand-spells' Main phase, precombat
Land: Ai(2)-mm-talrand-spells played Island (129)
Phase: Ai(2)-mm-talrand-spells' Beginning of Combat Step
Phase: Ai(2)-mm-talrand-spells' Declare Attackers Step
Combat: Ai(2)-mm-talrand-spells assigned Mocking Sprite (188) and Drake Token (419) to attack Ai(4)-mm-baylen-tokens.
Phase: Ai(2)-mm-talrand-spells' Declare Blockers Step
Combat: Ai(4)-mm-baylen-tokens didn't block Mocking Sprite (188).
Ai(4)-mm-baylen-tokens didn't block Drake Token (419).
Phase: Ai(2)-mm-talrand-spells' First Strike Damage Step
Phase: Ai(2)-mm-talrand-spells' Combat Damage Step
Damage: Mocking Sprite (188) deals 2 combat damage to Ai(4)-mm-baylen-tokens.
Damage: Drake Token (419) deals 2 combat damage to Ai(4)-mm-baylen-tokens.
Life: Life: Ai(4)-mm-baylen-tokens 34 > 30
Phase: Ai(2)-mm-talrand-spells' End of Combat Step
Phase: Ai(2)-mm-talrand-spells' Main phase, postcombat
Phase: Ai(2)-mm-talrand-spells' End step
Add To Stack: Ai(3)-mm-abaddon activated Thermo-Alchemist
Damage: Thermo-Alchemist (284) deals 1 non-combat damage to Ai(1)-mm-muldrotha-value.
Damage: Thermo-Alchemist (284) deals 1 non-combat damage to Ai(2)-mm-talrand-spells.
Damage: Thermo-Alchemist (284) deals 1 non-combat damage to Ai(4)-mm-baylen-tokens.
Life: Life: Ai(1)-mm-muldrotha-value 37 > 36
Life: Life: Ai(2)-mm-talrand-spells 30 > 29
Life: Life: Ai(4)-mm-baylen-tokens 30 > 29
Resolve Stack: Thermo-Alchemist (284) - Thermo-Alchemist (284) deals 1 damage to Ai(1)-mm-muldrotha-value, Ai(2)-mm-talrand-spells and Ai(4)-mm-baylen-tokens.
Phase: Ai(2)-mm-talrand-spells' Cleanup step
Turn: Turn 24 (Ai(3)-mm-abaddon)
Phase: Ai(3)-mm-abaddon's Untap step
Phase: Ai(3)-mm-abaddon's Upkeep step
Add To Stack: Ai(3)-mm-abaddon triggered Profane Tutor
Resolve Stack: At the beginning of your upkeep, if this card is suspended, remove a time counter from it [Phase: Ai(3)-mm-abaddon]
Add To Stack: Ai(3)-mm-abaddon triggered Profane Tutor
Add To Stack: Ai(3)-mm-abaddon cast Profane Tutor
Resolve Stack: When the last time counter is removed from this card, if it's exiled, you may play it without paying its mana cost if able.  If you can't, it remains exiled. If you cast a creature spell this way, it gains haste until you lose control of the spell or the permanent it becomes. [Removed from: Profane Tutor (206)]
Add To Stack: Ai(3)-mm-abaddon triggered Thermo-Alchemist
Resolve Stack: Whenever you cast an instant or sorcery spell, untap Thermo-Alchemist. [Card: Profane Tutor (206), Activator: Ai(3)-mm-abaddon, SpellAbility: Search your library for a card, put that card into your hand, then shuffle. (without paying its mana cost)]
Resolve Stack: Profane Tutor (206) - Search your library for a card, put that card into your hand, then shuffle.
Phase: Ai(3)-mm-abaddon's Draw step
Phase: Ai(3)-mm-abaddon's Main phase, precombat
Phase: Ai(3)-mm-abaddon's Beginning of Combat Step
Phase: Ai(3)-mm-abaddon's Declare Attackers Step
Combat: Ai(3)-mm-abaddon assigned Bird Token (421) to attack Ai(4)-mm-baylen-tokens.
Phase: Ai(3)-mm-abaddon's Declare Blockers Step
Combat: Ai(4)-mm-baylen-tokens didn't block Bird Token (421).
Phase: Ai(3)-mm-abaddon's First Strike Damage Step
Phase: Ai(3)-mm-abaddon's Combat Damage Step
Damage: Bird Token (421) deals 2 combat damage to Ai(4)-mm-baylen-tokens.
Life: Life: Ai(4)-mm-baylen-tokens 29 > 27
Phase: Ai(3)-mm-abaddon's End of Combat Step
Phase: Ai(3)-mm-abaddon's Main phase, postcombat
Mana: Watery Grave (225) - {T}: Add {U}.
Mana: Swamp (250) - {T}: Add {B}.
Mana: Mountain (287) - {T}: Add {R}.
Mana: Foreboding Ruins (261) - {T}: Add {B} or {R}.
Mana: Shivan Reef (240) - {T}: Add {C}.
Add To Stack: Ai(3)-mm-abaddon cast Abaddon the Despoiler
Resolve Stack: Abaddon the Despoiler - Creature 5 / 5
Phase: Ai(3)-mm-abaddon's End step
Phase: Ai(3)-mm-abaddon's Cleanup step
Turn: Turn 25 (Ai(4)-mm-baylen-tokens)
Phase: Ai(4)-mm-baylen-tokens' Untap step
Phase: Ai(4)-mm-baylen-tokens' Upkeep step
Phase: Ai(4)-mm-baylen-tokens' Draw step
Phase: Ai(4)-mm-baylen-tokens' Main phase, precombat
Mana: Plains (391) - {T}: Add {W}.
Mana: Reliquary Tower (377) - {T}: Add {C}.
Add To Stack: Ai(4)-mm-baylen-tokens cast Hare Apparent
Resolve Stack: Hare Apparent - Creature 2 / 2
Add To Stack: Ai(4)-mm-baylen-tokens triggered Hare Apparent
Resolve Stack: When this creature enters, create a number of 1/1 white Rabbit creature tokens equal to the number of other creatures you control named Hare Apparent. [Zone Changer: Hare Apparent (357)]
Mana: Command Tower (313) - {T}: Add one mana of any color in your commander's color identity.
Mana: Mountain (386) - {T}: Add {R}.
Add To Stack: Ai(4)-mm-baylen-tokens cast Intangible Virtue
Resolve Stack: Intangible Virtue
Phase: Ai(4)-mm-baylen-tokens' Beginning of Combat Step
Phase: Ai(4)-mm-baylen-tokens' Declare Attackers Step
Combat: Ai(4)-mm-baylen-tokens assigned Baylen, the Haymaker (403) to attack Ai(3)-mm-abaddon.
Phase: Ai(4)-mm-baylen-tokens' Declare Blockers Step
Combat: Ai(3)-mm-abaddon didn't block Baylen, the Haymaker (403).
Add To Stack: Ai(4)-mm-baylen-tokens activated Baylen, the Haymaker
Resolve Stack: Baylen, the Haymaker (403) - Ai(4)-mm-baylen-tokens puts three +1/+1 counters on Baylen, the Haymaker (403). Baylen, the Haymaker (403) gains trample until end of turn.
Add To Stack: Ai(4)-mm-baylen-tokens activated Baylen, the Haymaker
Resolve Stack: Baylen, the Haymaker (403) - Ai(4)-mm-baylen-tokens puts three +1/+1 counters on Baylen, the Haymaker (403). Baylen, the Haymaker (403) gains trample until end of turn.
Phase: Ai(4)-mm-baylen-tokens' First Strike Damage Step
Phase: Ai(4)-mm-baylen-tokens' Combat Damage Step
Damage: Baylen, the Haymaker (403) deals 13 combat damage to Ai(3)-mm-abaddon.
Life: Life: Ai(3)-mm-abaddon 40 > 27
Mana: Island (142) - {T}: Add {U}.
Mana: Reliquary Tower (182) - {T}: Add {C}.
Mana: Island (149) - {T}: Add {U}.
Add To Stack: Ai(2)-mm-talrand-spells cast Aetherize
Add To Stack: Ai(2)-mm-talrand-spells triggered Talrand, Sky Summoner
Resolve Stack: Whenever you cast an instant or sorcery spell, create a 2/2 blue Drake creature token with flying. [Card: Aetherize (102), Activator: Ai(2)-mm-talrand-spells, SpellAbility: Return all attacking creatures to their owner's hand.]
Resolve Stack: Aetherize (102) - Return all attacking creatures to their owner's hand.
Phase: Ai(4)-mm-baylen-tokens' End of Combat Step
Phase: Ai(4)-mm-baylen-tokens' Main phase, postcombat
Phase: Ai(4)-mm-baylen-tokens' End step
Phase: Ai(4)-mm-baylen-tokens' Cleanup step
Turn: Turn 26 (Ai(1)-mm-muldrotha-value)
Phase: Ai(1)-mm-muldrotha-value's Untap step
Phase: Ai(1)-mm-muldrotha-value's Upkeep step
Phase: Ai(1)-mm-muldrotha-value's Draw step
Phase: Ai(1)-mm-muldrotha-value's Main phase, precombat
Mana: Forest (40) - {T}: Add {G}.
Mana: Undergrowth Stadium (92) - {T}: Add {B} or {G}.
Add To Stack: Ai(1)-mm-muldrotha-value cast Lightning Greaves
Resolve Stack: Lightning Greaves
Add To Stack: Ai(1)-mm-muldrotha-value activated Lightning Greaves targeting [Teval, the Balanced Scale (95)]
Resolve Stack: Lightning Greaves (94) -  Attach to Teval, the Balanced Scale (95)
Phase: Ai(1)-mm-muldrotha-value's Beginning of Combat Step
Phase: Ai(1)-mm-muldrotha-value's Declare Attackers Step
Combat: Ai(1)-mm-muldrotha-value assigned Teval, the Balanced Scale (95) to attack Ai(4)-mm-baylen-tokens.
Add To Stack: Ai(1)-mm-muldrotha-value triggered Teval, the Balanced Scale
Zone Change: Ai(1)-mm-muldrotha-value milled Seal of Primordium (56), Kheru Goldkeeper (72) and Verdant Catacombs (14).
Resolve Stack: Whenever Teval attacks, mill three cards. Then you may return a land card from your graveyard to the battlefield tapped. [Attacker: Teval, the Balanced Scale (95)]
Add To Stack: Ai(1)-mm-muldrotha-value triggered Teval, the Balanced Scale
Resolve Stack: Whenever one or more cards leave your graveyard, create a 2/2 black Zombie Druid creature token. [Amount: 1]
Phase: Ai(1)-mm-muldrotha-value's Declare Blockers Step
Combat: Ai(4)-mm-baylen-tokens didn't block Teval, the Balanced Scale (95).
Phase: Ai(1)-mm-muldrotha-value's First Strike Damage Step
Phase: Ai(1)-mm-muldrotha-value's Combat Damage Step
Damage: Teval, the Balanced Scale (95) deals 4 combat damage to Ai(4)-mm-baylen-tokens.
Life: Life: Ai(4)-mm-baylen-tokens 27 > 23
Phase: Ai(1)-mm-muldrotha-value's End of Combat Step
Phase: Ai(1)-mm-muldrotha-value's Main phase, postcombat
Mana: Breeding Pool (68) - {T}: Add {G}.
Mana: Watery Grave (30) - {T}: Add {B}.
Add To Stack: Ai(1)-mm-muldrotha-value cast Aftermath Analyst
Resolve Stack: Aftermath Analyst - Creature 1 / 3
Add To Stack: Ai(1)-mm-muldrotha-value triggered Aftermath Analyst
Zone Change: Ai(1)-mm-muldrotha-value milled Bojuka Bog (55), Eternal Witness (6) and Swamp (62).
Resolve Stack: When Aftermath Analyst enters, mill three cards. [Zone Changer: Aftermath Analyst (29)]
Mana: Zagoth Triome (15) - {T}: Add {U}.
Add To Stack: Ai(1)-mm-muldrotha-value cast Mystic Remora
Resolve Stack: Mystic Remora
Phase: Ai(1)-mm-muldrotha-value's End step
Phase: Ai(1)-mm-muldrotha-value's Cleanup step
Turn: Turn 27 (Ai(2)-mm-talrand-spells)
Phase: Ai(2)-mm-talrand-spells' Untap step
Phase: Ai(2)-mm-talrand-spells' Upkeep step
Phase: Ai(2)-mm-talrand-spells' Draw step
Phase: Ai(2)-mm-talrand-spells' Main phase, precombat
Land: Ai(2)-mm-talrand-spells played Island (140)
Phase: Ai(2)-mm-talrand-spells' Beginning of Combat Step
Phase: Ai(2)-mm-talrand-spells' Declare Attackers Step
Combat: Ai(2)-mm-talrand-spells assigned Mocking Sprite (188) and Drake Token (419) to attack Ai(4)-mm-baylen-tokens.
Phase: Ai(2)-mm-talrand-spells' Declare Blockers Step
Combat: Ai(4)-mm-baylen-tokens didn't block Mocking Sprite (188).
Ai(4)-mm-baylen-tokens didn't block Drake Token (419).
Phase: Ai(2)-mm-talrand-spells' First Strike Damage Step
Phase: Ai(2)-mm-talrand-spells' Combat Damage Step
Damage: Mocking Sprite (188) deals 2 combat damage to Ai(4)-mm-baylen-tokens.
Damage: Drake Token (419) deals 2 combat damage to Ai(4)-mm-baylen-tokens.
Life: Life: Ai(4)-mm-baylen-tokens 23 > 19
Phase: Ai(2)-mm-talrand-spells' End of Combat Step
Phase: Ai(2)-mm-talrand-spells' Main phase, postcombat
Mana: Island (142) - {T}: Add {U}.
Mana: Island (149) - {T}: Add {U}.
Mana: Reliquary Tower (182) - {T}: Add {C}.
Mana: Island (150) - {T}: Add {U}.
Add To Stack: Ai(2)-mm-talrand-spells cast Alandra, Sky Dreamer
Resolve Stack: Alandra, Sky Dreamer - Creature 2 / 4
Phase: Ai(2)-mm-talrand-spells' End step
Add To Stack: Ai(3)-mm-abaddon activated Thermo-Alchemist
Damage: Thermo-Alchemist (284) deals 1 non-combat damage to Ai(1)-mm-muldrotha-value.
Damage: Thermo-Alchemist (284) deals 1 non-combat damage to Ai(2)-mm-talrand-spells.
Damage: Thermo-Alchemist (284) deals 1 non-combat damage to Ai(4)-mm-baylen-tokens.
Life: Life: Ai(1)-mm-muldrotha-value 36 > 35
Life: Life: Ai(2)-mm-talrand-spells 29 > 28
Life: Life: Ai(4)-mm-baylen-tokens 19 > 18
Resolve Stack: Thermo-Alchemist (284) - Thermo-Alchemist (284) deals 1 damage to Ai(1)-mm-muldrotha-value, Ai(2)-mm-talrand-spells and Ai(4)-mm-baylen-tokens.
Phase: Ai(2)-mm-talrand-spells' Cleanup step
Turn: Turn 28 (Ai(3)-mm-abaddon)
Phase: Ai(3)-mm-abaddon's Untap step
Phase: Ai(3)-mm-abaddon's Upkeep step
Phase: Ai(3)-mm-abaddon's Draw step
Phase: Ai(3)-mm-abaddon's Main phase, precombat
Replacement Effect: Training Center enters tapped unless you have two or more opponents.
Land: Ai(3)-mm-abaddon played Training Center (238)
Phase: Ai(3)-mm-abaddon's Beginning of Combat Step
Phase: Ai(3)-mm-abaddon's Declare Attackers Step
Combat: Ai(3)-mm-abaddon assigned Abaddon the Despoiler (302) to attack Ai(4)-mm-baylen-tokens.
Phase: Ai(3)-mm-abaddon's Declare Blockers Step
Combat: Ai(4)-mm-baylen-tokens didn't block Abaddon the Despoiler (302).
Phase: Ai(3)-mm-abaddon's First Strike Damage Step
Phase: Ai(3)-mm-abaddon's Combat Damage Step
Damage: Abaddon the Despoiler (302) deals 5 combat damage to Ai(4)-mm-baylen-tokens.
Life: Life: Ai(4)-mm-baylen-tokens 18 > 13
Phase: Ai(3)-mm-abaddon's End of Combat Step
Phase: Ai(3)-mm-abaddon's Main phase, postcombat
Mana: Mountain (287) - {T}: Add {R}.
Mana: Swamp (250) - {T}: Add {B}.
Mana: Training Center (238) - {T}: Add {U} or {R}.
Mana: Foreboding Ruins (261) - {T}: Add {B} or {R}.
Mana: Watery Grave (225) - {T}: Add {B}.
Mana: Shivan Reef (240) - {T}: Add {C}.
Add To Stack: Ai(3)-mm-abaddon cast Bloodthirster
Resolve Stack: Bloodthirster - Creature 6 / 6
Phase: Ai(3)-mm-abaddon's End step
Phase: Ai(3)-mm-abaddon's Cleanup step
Turn: Turn 29 (Ai(4)-mm-baylen-tokens)
Phase: Ai(4)-mm-baylen-tokens' Untap step
Phase: Ai(4)-mm-baylen-tokens' Upkeep step
Phase: Ai(4)-mm-baylen-tokens' Draw step
Phase: Ai(4)-mm-baylen-tokens' Main phase, precombat
Phase: Ai(4)-mm-baylen-tokens' Beginning of Combat Step
Phase: Ai(4)-mm-baylen-tokens' Declare Attackers Step
Combat: Ai(4)-mm-baylen-tokens assigned Hare Apparent (351), Hare Apparent (349), Hare Apparent (363), Hare Apparent (353), Hare Apparent (357), Rabbit Token (425), Rabbit Token (429), Rabbit Token (430), Rabbit Token (434), Rabbit Token (435), Rabbit Token (436), Rabbit Token (443), Rabbit Token (444), Rabbit Token (445) and Rabbit Token (446) to attack Ai(3)-mm-abaddon.
Phase: Ai(4)-mm-baylen-tokens' Declare Blockers Step
Combat: Ai(3)-mm-abaddon assigned Bird Token (421) to block Hare Apparent (351).
Ai(3)-mm-abaddon assigned Bloodthirster (297) to block Hare Apparent (349).
Ai(3)-mm-abaddon assigned Thermo-Alchemist (284) to block Hare Apparent (363).
Ai(3)-mm-abaddon didn't block Hare Apparent (353).
Ai(3)-mm-abaddon didn't block Hare Apparent (357).
Ai(3)-mm-abaddon didn't block Rabbit Token (425).
Ai(3)-mm-abaddon didn't block Rabbit Token (429).
Ai(3)-mm-abaddon didn't block Rabbit Token (430).
Ai(3)-mm-abaddon didn't block Rabbit Token (434).
Ai(3)-mm-abaddon didn't block Rabbit Token (435).
Ai(3)-mm-abaddon didn't block Rabbit Token (436).
Ai(3)-mm-abaddon didn't block Rabbit Token (443).
Ai(3)-mm-abaddon didn't block Rabbit Token (444).
Ai(3)-mm-abaddon didn't block Rabbit Token (445).
Ai(3)-mm-abaddon didn't block Rabbit Token (446).
Phase: Ai(4)-mm-baylen-tokens' First Strike Damage Step
Phase: Ai(4)-mm-baylen-tokens' Combat Damage Step
Damage: Hare Apparent (351) deals 2 damage to Bird Token (421).
Damage: Hare Apparent (349) deals 2 damage to Bloodthirster (297).
Damage: Hare Apparent (363) deals 2 damage to Thermo-Alchemist (284).
Damage: Hare Apparent (353) deals 2 combat damage to Ai(3)-mm-abaddon.
Damage: Hare Apparent (357) deals 2 combat damage to Ai(3)-mm-abaddon.
Damage: Rabbit Token (425) deals 2 combat damage to Ai(3)-mm-abaddon.
Damage: Rabbit Token (429) deals 2 combat damage to Ai(3)-mm-abaddon.
Damage: Rabbit Token (430) deals 2 combat damage to Ai(3)-mm-abaddon.
Damage: Rabbit Token (434) deals 2 combat damage to Ai(3)-mm-abaddon.
Damage: Rabbit Token (435) deals 2 combat damage to Ai(3)-mm-abaddon.
Damage: Rabbit Token (436) deals 2 combat damage to Ai(3)-mm-abaddon.
Damage: Rabbit Token (443) deals 2 combat damage to Ai(3)-mm-abaddon.
Damage: Rabbit Token (444) deals 2 combat damage to Ai(3)-mm-abaddon.
Damage: Rabbit Token (445) deals 2 combat damage to Ai(3)-mm-abaddon.
Damage: Rabbit Token (446) deals 2 combat damage to Ai(3)-mm-abaddon.
Damage: Bird Token (421) deals 2 damage to Hare Apparent (351).
Damage: Bloodthirster (297) deals 6 damage to Hare Apparent (349).
Life: Life: Ai(3)-mm-abaddon 27 > 3
Zone Change: Hare Apparent (351) was put into Graveyard from Battlefield.
Zone Change: Hare Apparent (349) was put into Graveyard from Battlefield.
Zone Change: Bird Token (421) was put into Graveyard from Battlefield.
Add To Stack: Ai(3)-mm-abaddon activated Thermo-Alchemist
Damage: Thermo-Alchemist (284) deals 1 non-combat damage to Ai(1)-mm-muldrotha-value.
Damage: Thermo-Alchemist (284) deals 1 non-combat damage to Ai(2)-mm-talrand-spells.
Damage: Thermo-Alchemist (284) deals 1 non-combat damage to Ai(4)-mm-baylen-tokens.
Life: Life: Ai(1)-mm-muldrotha-value 35 > 34
Life: Life: Ai(2)-mm-talrand-spells 28 > 27
Life: Life: Ai(4)-mm-baylen-tokens 13 > 12
Resolve Stack: Thermo-Alchemist (284) - Thermo-Alchemist (284) deals 1 damage to Ai(1)-mm-muldrotha-value, Ai(2)-mm-talrand-spells and Ai(4)-mm-baylen-tokens.
Phase: Ai(4)-mm-baylen-tokens' End of Combat Step
Phase: Ai(4)-mm-baylen-tokens' Main phase, postcombat
Mana: Plains (391) - {T}: Add {W}.
Mana: Mountain (386) - {T}: Add {R}.
Mana: Forest (328) - {T}: Add {G}.
Add To Stack: Ai(4)-mm-baylen-tokens cast Baylen, the Haymaker
Resolve Stack: Baylen, the Haymaker - Creature 4 / 3
Add To Stack: Ai(4)-mm-baylen-tokens activated Baylen, the Haymaker
Resolve Stack: Baylen, the Haymaker (403) - Ai(4)-mm-baylen-tokens draws a card.
Mana: Command Tower (313) - {T}: Add one mana of any color in your commander's color identity.
Mana: Reliquary Tower (377) - {T}: Add {C}.
Mana: Baylen, the Haymaker (403) - Tap two untapped tokens you control: Add one mana of any color.
Add To Stack: Ai(4)-mm-baylen-tokens cast Rosie Cotton of South Lane
Resolve Stack: Rosie Cotton of South Lane - Creature 1 / 1
Add To Stack: Ai(4)-mm-baylen-tokens triggered Rosie Cotton of South Lane
Resolve Stack: When Rosie Cotton of South Lane enters, create a Food token. (It's an artifact with "{2}, {T}, Sacrifice this token: You gain 3 life.") [Zone Changer: Rosie Cotton of South Lane (340)]
Add To Stack: Ai(4)-mm-baylen-tokens triggered Rosie Cotton of South Lane targeting [Baylen, the Haymaker (403)]
Resolve Stack: Whenever you create a token, put a +1/+1 counter on target creature you control other than Rosie. (Targeting: [[Baylen, the Haymaker (403)]]) [Player: Ai(4)-mm-baylen-tokens]
Add To Stack: Ai(4)-mm-baylen-tokens activated Baylen, the Haymaker
Resolve Stack: Baylen, the Haymaker (403) - Ai(4)-mm-baylen-tokens draws a card.
Phase: Ai(4)-mm-baylen-tokens' End step
Phase: Ai(4)-mm-baylen-tokens' Cleanup step
Turn: Turn 30 (Ai(1)-mm-muldrotha-value)
Phase: Ai(1)-mm-muldrotha-value's Untap step
Phase: Ai(1)-mm-muldrotha-value's Upkeep step
Add To Stack: Ai(1)-mm-muldrotha-value triggered Mystic Remora
Mana: Forest (40) - {T}: Add {G}.
Resolve Stack: Cumulative upkeep {1} (At the beginning of your upkeep, put an age counter on this permanent, then sacrifice it unless you pay its upkeep cost for each age counter on it.) [Phase: Ai(1)-mm-muldrotha-value]
Life: Life: Ai(1)-mm-muldrotha-value 34 > 33
Zone Change: Misty Rainforest (11) was put into Graveyard from Battlefield.
Add To Stack: Ai(1)-mm-muldrotha-value activated Misty Rainforest
Replacement Effect: Sunken Hollow enters tapped unless you control two or more basic lands.
Resolve Stack: Misty Rainforest (11) - Ai(1)-mm-muldrotha-value searches their library for a Forest or Island card, puts it onto the battlefield, then shuffles.
Mana: Undergrowth Stadium (92) - {T}: Add {B} or {G}.
Mana: Breeding Pool (68) - {T}: Add {G}.
Mana: Watery Grave (30) - {T}: Add {B}.
Mana: Zagoth Triome (15) - {T}: Add {G}.
Zone Change: Aftermath Analyst (29) was put into Graveyard from Battlefield.
Add To Stack: Ai(1)-mm-muldrotha-value activated Aftermath Analyst
Replacement Effect: Bojuka Bog enters tapped.
Resolve Stack: Aftermath Analyst (29) -  Return all land cards from your graveyard to the battlefield tapped.
Add To Stack: Ai(1)-mm-muldrotha-value triggered Bojuka Bog targeting [Ai(2)-mm-talrand-spells]
Add To Stack: Ai(1)-mm-muldrotha-value triggered Teval, the Balanced Scale
Resolve Stack: Whenever one or more cards leave your graveyard, create a 2/2 black Zombie Druid creature token. [Amount: 5]
Resolve Stack: When Bojuka Bog enters, exile all cards from target player's graveyard. (Targeting: [[Ai(2)-mm-talrand-spells]]) [Zone Changer: Bojuka Bog (55)]
Phase: Ai(1)-mm-muldrotha-value's Draw step
Phase: Ai(1)-mm-muldrotha-value's Main phase, precombat
Phase: Ai(1)-mm-muldrotha-value's Beginning of Combat Step
Phase: Ai(1)-mm-muldrotha-value's Declare Attackers Step
Combat: Ai(1)-mm-muldrotha-value assigned Teval, the Balanced Scale (95) to attack Ai(4)-mm-baylen-tokens.
Add To Stack: Ai(1)-mm-muldrotha-value triggered Teval, the Balanced Scale
Zone Change: Ai(1)-mm-muldrotha-value milled Terramorphic Expanse (99), Rejuvenating Springs (9) and Command Beacon (5).
Resolve Stack: Whenever Teval attacks, mill three cards. Then you may return a land card from your graveyard to the battlefield tapped. [Attacker: Teval, the Balanced Scale (95)]
Add To Stack: Ai(1)-mm-muldrotha-value triggered Teval, the Balanced Scale
Resolve Stack: Whenever one or more cards leave your graveyard, create a 2/2 black Zombie Druid creature token. [Amount: 1]
Phase: Ai(1)-mm-muldrotha-value's Declare Blockers Step
Combat: Ai(4)-mm-baylen-tokens didn't block Teval, the Balanced Scale (95).
Phase: Ai(1)-mm-muldrotha-value's First Strike Damage Step
Phase: Ai(1)-mm-muldrotha-value's Combat Damage Step
Damage: Teval, the Balanced Scale (95) deals 4 combat damage to Ai(4)-mm-baylen-tokens.
Life: Life: Ai(4)-mm-baylen-tokens 12 > 8
Phase: Ai(1)-mm-muldrotha-value's End of Combat Step
Phase: Ai(1)-mm-muldrotha-value's Main phase, postcombat
Add To Stack: Ai(4)-mm-baylen-tokens activated Baylen, the Haymaker
Resolve Stack: Baylen, the Haymaker (403) - Ai(4)-mm-baylen-tokens draws a card.
Phase: Ai(1)-mm-muldrotha-value's End step
Phase: Ai(1)-mm-muldrotha-value's Cleanup step
Turn: Turn 31 (Ai(2)-mm-talrand-spells)
Phase: Ai(2)-mm-talrand-spells' Untap step
Phase: Ai(2)-mm-talrand-spells' Upkeep step
Phase: Ai(2)-mm-talrand-spells' Draw step
Phase: Ai(2)-mm-talrand-spells' Main phase, precombat
Land: Ai(2)-mm-talrand-spells played Island (131)
Mana: Island (142) - {T}: Add {U}.
Mana: Reliquary Tower (182) - {T}: Add {C}.
Add To Stack: Ai(2)-mm-talrand-spells cast Favorable Winds
Add To Stack: Ai(1)-mm-muldrotha-value triggered Mystic Remora
Mana: Island (149) - {T}: Add {U}.
Mana: Island (150) - {T}: Add {U}.
Mana: Island (153) - {T}: Add {U}.
Mana: Island (129) - {T}: Add {U}.
Resolve Stack: Whenever an opponent casts a noncreature spell, you may draw a card unless that player pays {4}. [Card: Favorable Winds (187), Activator: Ai(2)-mm-talrand-spells, SpellAbility: Favorable Winds]
Resolve Stack: Favorable Winds
Phase: Ai(2)-mm-talrand-spells' Beginning of Combat Step
Phase: Ai(2)-mm-talrand-spells' Declare Attackers Step
Combat: Ai(2)-mm-talrand-spells assigned Mocking Sprite (188), Drake Token (419), Drake Token (449), Talrand, Sky Summoner (201) and Alandra, Sky Dreamer (103) to attack Ai(4)-mm-baylen-tokens.
Phase: Ai(2)-mm-talrand-spells' Declare Blockers Step
Combat: Ai(4)-mm-baylen-tokens didn't block Mocking Sprite (188).
Ai(4)-mm-baylen-tokens didn't block Drake Token (419).
Ai(4)-mm-baylen-tokens didn't block Drake Token (449).
Ai(4)-mm-baylen-tokens assigned Rosie Cotton of South Lane (340) to block Talrand, Sky Summoner (201).
Ai(4)-mm-baylen-tokens assigned Baylen, the Haymaker (403) to block Alandra, Sky Dreamer (103).
Phase: Ai(2)-mm-talrand-spells' First Strike Damage Step
Phase: Ai(2)-mm-talrand-spells' Combat Damage Step
Damage: Mocking Sprite (188) deals 3 combat damage to Ai(4)-mm-baylen-tokens.
Damage: Drake Token (419) deals 3 combat damage to Ai(4)-mm-baylen-tokens.
Damage: Drake Token (449) deals 3 combat damage to Ai(4)-mm-baylen-tokens.
Damage: Talrand, Sky Summoner (201) deals 2 damage to Rosie Cotton of South Lane (340).
Damage: Alandra, Sky Dreamer (103) deals 2 damage to Baylen, the Haymaker (403).
Damage: Rosie Cotton of South Lane (340) deals 1 damage to Talrand, Sky Summoner (201).
Damage: Baylen, the Haymaker (403) deals 5 damage to Alandra, Sky Dreamer (103).
Life: Life: Ai(4)-mm-baylen-tokens 8 > -1
Zone Change: Alandra, Sky Dreamer (103) was put into Graveyard from Battlefield.
Phase: Ai(2)-mm-talrand-spells' End of Combat Step
Phase: Ai(2)-mm-talrand-spells' Main phase, postcombat
Phase: Ai(2)-mm-talrand-spells' End step
Phase: Ai(2)-mm-talrand-spells' Cleanup step
Turn: Turn 32 (Ai(3)-mm-abaddon)
Phase: Ai(3)-mm-abaddon's Untap step
Phase: Ai(3)-mm-abaddon's Upkeep step
Phase: Ai(3)-mm-abaddon's Draw step
Phase: Ai(3)-mm-abaddon's Main phase, precombat
Replacement Effect: As Blood Crypt enters, you may pay 2 life. If you don't, it enters tapped.
Land: Ai(3)-mm-abaddon played Blood Crypt (212)
Phase: Ai(3)-mm-abaddon's Beginning of Combat Step
Phase: Ai(3)-mm-abaddon's Declare Attackers Step
Phase: Ai(3)-mm-abaddon's Declare Blockers Step
Phase: Ai(3)-mm-abaddon's First Strike Damage Step
Phase: Ai(3)-mm-abaddon's Combat Damage Step
Phase: Ai(3)-mm-abaddon's End of Combat Step
Phase: Ai(3)-mm-abaddon's Main phase, postcombat
Mana: Mountain (287) - {T}: Add {R}.
Mana: Swamp (250) - {T}: Add {B}.
Mana: Training Center (238) - {T}: Add {U} or {R}.
Mana: Foreboding Ruins (261) - {T}: Add {B} or {R}.
Mana: Watery Grave (225) - {T}: Add {B}.
Mana: Shivan Reef (240) - {T}: Add {C}.
Add To Stack: Ai(3)-mm-abaddon cast Nalfeshnee
Resolve Stack: Nalfeshnee - Creature 4 / 6
Phase: Ai(3)-mm-abaddon's End step
Phase: Ai(3)-mm-abaddon's Cleanup step
Turn: Turn 33 (Ai(1)-mm-muldrotha-value)
Phase: Ai(1)-mm-muldrotha-value's Untap step
Phase: Ai(1)-mm-muldrotha-value's Upkeep step
Add To Stack: Ai(1)-mm-muldrotha-value triggered Mystic Remora
Mana: Forest (40) - {T}: Add {G}.
Mana: Bojuka Bog (55) - {T}: Add {B}.
Resolve Stack: Cumulative upkeep {1} (At the beginning of your upkeep, put an age counter on this permanent, then sacrifice it unless you pay its upkeep cost for each age counter on it.) [Phase: Ai(1)-mm-muldrotha-value]
Life: Life: Ai(1)-mm-muldrotha-value 33 > 32
Zone Change: Polluted Delta (10) was put into Graveyard from Battlefield.
Add To Stack: Ai(1)-mm-muldrotha-value activated Polluted Delta
Replacement Effect: As Overgrown Tomb enters, you may pay 2 life. If you don't, it enters tapped.
Resolve Stack: Polluted Delta (10) - Ai(1)-mm-muldrotha-value searches their library for an Island or Swamp card, puts it onto the battlefield, then shuffles.
Life: Life: Ai(1)-mm-muldrotha-value 32 > 31
Zone Change: Verdant Catacombs (14) was put into Graveyard from Battlefield.
Add To Stack: Ai(1)-mm-muldrotha-value activated Verdant Catacombs
Resolve Stack: Verdant Catacombs (14) - Ai(1)-mm-muldrotha-value searches their library for a Swamp or Forest card, puts it onto the battlefield, then shuffles.
Life: Life: Ai(1)-mm-muldrotha-value 31 > 30
Zone Change: Misty Rainforest (11) was put into Graveyard from Battlefield.
Add To Stack: Ai(1)-mm-muldrotha-value activated Misty Rainforest
Resolve Stack: Misty Rainforest (11) - Ai(1)-mm-muldrotha-value searches their library for a Forest or Island card, puts it onto the battlefield, then shuffles.
Zone Change: Terramorphic Expanse (99) was put into Graveyard from Battlefield.
Add To Stack: Ai(1)-mm-muldrotha-value activated Terramorphic Expanse
Resolve Stack: Terramorphic Expanse (99) - Ai(1)-mm-muldrotha-value searches their library for a basic land card, puts it onto the battlefield tapped, then shuffles.
Phase: Ai(1)-mm-muldrotha-value's Draw step
Phase: Ai(1)-mm-muldrotha-value's Main phase, precombat
Phase: Ai(1)-mm-muldrotha-value's Beginning of Combat Step
Phase: Ai(1)-mm-muldrotha-value's Declare Attackers Step
Combat: Ai(1)-mm-muldrotha-value assigned Teval, the Balanced Scale (95), Zombie Druid Token (453), Zombie Druid Token (460), Zombie Druid Token (463), Spore Frog (50) and Satyr Wayfinder (26) to attack Ai(3)-mm-abaddon.
Add To Stack: Ai(1)-mm-muldrotha-value triggered Teval, the Balanced Scale
Zone Change: Ai(1)-mm-muldrotha-value milled Baleful Strix (20), Forest (44) and Perpetual Timepiece (67).
Resolve Stack: Whenever Teval attacks, mill three cards. Then you may return a land card from your graveyard to the battlefield tapped. [Attacker: Teval, the Balanced Scale (95)]
Add To Stack: Ai(1)-mm-muldrotha-value triggered Teval, the Balanced Scale
Resolve Stack: Whenever one or more cards leave your graveyard, create a 2/2 black Zombie Druid creature token. [Amount: 1]
Phase: Ai(1)-mm-muldrotha-value's Declare Blockers Step
Combat: Ai(3)-mm-abaddon assigned Nalfeshnee (244) to block Teval, the Balanced Scale (95).
Ai(3)-mm-abaddon assigned Abaddon the Despoiler (302) to block Zombie Druid Token (453).
Ai(3)-mm-abaddon assigned Bloodthirster (297) to block Zombie Druid Token (460).
Ai(3)-mm-abaddon assigned Thermo-Alchemist (284) to block Zombie Druid Token (463).
Ai(3)-mm-abaddon didn't block Spore Frog (50).
Ai(3)-mm-abaddon didn't block Satyr Wayfinder (26).
Phase: Ai(1)-mm-muldrotha-value's First Strike Damage Step
Phase: Ai(1)-mm-muldrotha-value's Combat Damage Step
Damage: Teval, the Balanced Scale (95) deals 4 damage to Nalfeshnee (244).
Damage: Zombie Druid Token (453) deals 2 damage to Abaddon the Despoiler (302).
Damage: Zombie Druid Token (460) deals 2 damage to Bloodthirster (297).
Damage: Zombie Druid Token (463) deals 2 damage to Thermo-Alchemist (284).
Damage: Spore Frog (50) deals 1 combat damage to Ai(3)-mm-abaddon.
Damage: Satyr Wayfinder (26) deals 1 combat damage to Ai(3)-mm-abaddon.
Damage: Nalfeshnee (244) deals 4 damage to Teval, the Balanced Scale (95).
Damage: Abaddon the Despoiler (302) deals 5 damage to Zombie Druid Token (453).
Damage: Bloodthirster (297) deals 6 damage to Zombie Druid Token (460).
Life: Life: Ai(3)-mm-abaddon 3 > 1
Zone Change: Teval, the Balanced Scale (95) was put into Graveyard from Battlefield.
Zone Change: Zombie Druid Token (453) was put into Graveyard from Battlefield.
Zone Change: Zombie Druid Token (460) was put into Graveyard from Battlefield.
Add To Stack: Ai(3)-mm-abaddon activated Thermo-Alchemist
Damage: Thermo-Alchemist (284) deals 1 non-combat damage to Ai(1)-mm-muldrotha-value.
Damage: Thermo-Alchemist (284) deals 1 non-combat damage to Ai(2)-mm-talrand-spells.
Life: Life: Ai(1)-mm-muldrotha-value 30 > 29
Life: Life: Ai(2)-mm-talrand-spells 27 > 26
Resolve Stack: Thermo-Alchemist (284) - Thermo-Alchemist (284) deals 1 damage to Ai(1)-mm-muldrotha-value and Ai(2)-mm-talrand-spells.
Phase: Ai(1)-mm-muldrotha-value's End of Combat Step
Phase: Ai(1)-mm-muldrotha-value's Main phase, postcombat
Add To Stack: Ai(1)-mm-muldrotha-value activated Lightning Greaves targeting [Satyr Wayfinder (26)]
Resolve Stack: Lightning Greaves (94) -  Attach to Satyr Wayfinder (26)
Mana: Forest (41) - {T}: Add {G}.
Mana: Island (34) - {T}: Add {U}.
Mana: Swamp (62) - {T}: Add {B}.
Mana: Undergrowth Stadium (92) - {T}: Add {B} or {G}.
Mana: Watery Grave (30) - {T}: Add {B}.
Mana: Sunken Hollow (28) - {T}: Add {B}.
Add To Stack: Ai(1)-mm-muldrotha-value cast Muldrotha, the Gravetide
Resolve Stack: Muldrotha, the Gravetide - Creature 6 / 6
Land: Ai(1)-mm-muldrotha-value played Command Beacon (5)
Add To Stack: Ai(1)-mm-muldrotha-value cast Lotus Petal
Resolve Stack: Lotus Petal
Mana: Zagoth Triome (15) - {T}: Add {B}.
Mana: Breeding Pool (68) - {T}: Add {U}.
Zone Change: Lotus Petal (18) was put into Graveyard from Battlefield.
Mana: Lotus Petal (18) - {T}, Sacrifice Lotus Petal: Add one mana of any color.
Mana: Command Beacon (5) - {T}: Add {C}.
Add To Stack: Ai(1)-mm-muldrotha-value cast Teval, the Balanced Scale
Resolve Stack: Teval, the Balanced Scale - Creature 4 / 4
Phase: Ai(1)-mm-muldrotha-value's End step
Phase: Ai(1)-mm-muldrotha-value's Cleanup step
Turn: Turn 34 (Ai(2)-mm-talrand-spells)
Phase: Ai(2)-mm-talrand-spells' Untap step
Phase: Ai(2)-mm-talrand-spells' Upkeep step
Phase: Ai(2)-mm-talrand-spells' Draw step
Phase: Ai(2)-mm-talrand-spells' Main phase, precombat
Phase: Ai(2)-mm-talrand-spells' Beginning of Combat Step
Phase: Ai(2)-mm-talrand-spells' Declare Attackers Step
Combat: Ai(2)-mm-talrand-spells assigned Mocking Sprite (188), Drake Token (419), Drake Token (449) and Talrand, Sky Summoner (201) to attack Ai(3)-mm-abaddon.
Phase: Ai(2)-mm-talrand-spells' Declare Blockers Step
Combat: Ai(3)-mm-abaddon assigned Nalfeshnee (244) to block Mocking Sprite (188).
Ai(3)-mm-abaddon assigned Bloodthirster (297) to block Drake Token (419).
Ai(3)-mm-abaddon didn't block Drake Token (449).
Ai(3)-mm-abaddon assigned Abaddon the Despoiler (302) to block Talrand, Sky Summoner (201).
Phase: Ai(2)-mm-talrand-spells' First Strike Damage Step
Phase: Ai(2)-mm-talrand-spells' Combat Damage Step
Damage: Mocking Sprite (188) deals 3 damage to Nalfeshnee (244).
Damage: Drake Token (419) deals 3 damage to Bloodthirster (297).
Damage: Drake Token (449) deals 3 combat damage to Ai(3)-mm-abaddon.
Damage: Talrand, Sky Summoner (201) deals 2 damage to Abaddon the Despoiler (302).
Damage: Nalfeshnee (244) deals 4 damage to Mocking Sprite (188).
Damage: Bloodthirster (297) deals 6 damage to Drake Token (419).
Damage: Abaddon the Despoiler (302) deals 5 damage to Talrand, Sky Summoner (201).
Life: Life: Ai(3)-mm-abaddon 1 > -2
Zone Change: Mocking Sprite (188) was put into Graveyard from Battlefield.
Zone Change: Talrand, Sky Summoner (201) was put into Graveyard from Battlefield.
Zone Change: Drake Token (419) was put into Graveyard from Battlefield.
Phase: Ai(2)-mm-talrand-spells' End of Combat Step
Phase: Ai(2)-mm-talrand-spells' Main phase, postcombat
Mana: Island (142) - {T}: Add {U}.
Mana: Island (149) - {T}: Add {U}.
Mana: Reliquary Tower (182) - {T}: Add {C}.
Mana: Island (150) - {T}: Add {U}.
Mana: Island (153) - {T}: Add {U}.
Mana: Island (129) - {T}: Add {U}.
Add To Stack: Ai(2)-mm-talrand-spells cast Talrand, Sky Summoner
Resolve Stack: Talrand, Sky Summoner - Creature 2 / 2
Mana: Island (140) - {T}: Add {U}.
Mana: Island (131) - {T}: Add {U}.
Add To Stack: Ai(2)-mm-talrand-spells cast Think Twice
Add To Stack: Ai(2)-mm-talrand-spells triggered Talrand, Sky Summoner
Add To Stack: Ai(1)-mm-muldrotha-value triggered Mystic Remora
Resolve Stack: Whenever an opponent casts a noncreature spell, you may draw a card unless that player pays {4}. [Card: Think Twice (172), Activator: Ai(2)-mm-talrand-spells, SpellAbility: Draw a card.]
Resolve Stack: Whenever you cast an instant or sorcery spell, create a 2/2 blue Drake creature token with flying. [Card: Think Twice (172), Activator: Ai(2)-mm-talrand-spells, SpellAbility: Draw a card.]
Resolve Stack: Think Twice (172) - Ai(2)-mm-talrand-spells draws a card.
Phase: Ai(2)-mm-talrand-spells' End step
Phase: Ai(2)-mm-talrand-spells' Cleanup step
Turn: Turn 35 (Ai(1)-mm-muldrotha-value)
Phase: Ai(1)-mm-muldrotha-value's Untap step
Phase: Ai(1)-mm-muldrotha-value's Upkeep step
Add To Stack: Ai(1)-mm-muldrotha-value triggered Mystic Remora
Mana: Bojuka Bog (55) - {T}: Add {B}.
Mana: Swamp (62) - {T}: Add {B}.
Mana: Island (34) - {T}: Add {U}.
Resolve Stack: Cumulative upkeep {1} (At the beginning of your upkeep, put an age counter on this permanent, then sacrifice it unless you pay its upkeep cost for each age counter on it.) [Phase: Ai(1)-mm-muldrotha-value]
Zone Change: Terramorphic Expanse (99) was put into Graveyard from Battlefield.
Add To Stack: Ai(1)-mm-muldrotha-value activated Terramorphic Expanse
Resolve Stack: Terramorphic Expanse (99) - Ai(1)-mm-muldrotha-value searches their library for a basic land card, puts it onto the battlefield tapped, then shuffles.
Phase: Ai(1)-mm-muldrotha-value's Draw step
Phase: Ai(1)-mm-muldrotha-value's Main phase, precombat
Add To Stack: Ai(1)-mm-muldrotha-value cast Lotus Petal
Add To Stack: Ai(1)-mm-muldrotha-value triggered Teval, the Balanced Scale
Resolve Stack: Whenever one or more cards leave your graveyard, create a 2/2 black Zombie Druid creature token. [Amount: 1]
Resolve Stack: Lotus Petal
Add To Stack: Ai(1)-mm-muldrotha-value activated Lightning Greaves targeting [Muldrotha, the Gravetide (100)]
Resolve Stack: Lightning Greaves (94) -  Attach to Muldrotha, the Gravetide (100)
Phase: Ai(1)-mm-muldrotha-value's Beginning of Combat Step
Phase: Ai(1)-mm-muldrotha-value's Declare Attackers Step
Combat: Ai(1)-mm-muldrotha-value assigned Teval, the Balanced Scale (95) and Muldrotha, the Gravetide (100) to attack Ai(2)-mm-talrand-spells.
Add To Stack: Ai(1)-mm-muldrotha-value triggered Teval, the Balanced Scale
Zone Change: Ai(1)-mm-muldrotha-value milled Six (22), Syr Konrad, the Grim (93) and Forest (43).
Resolve Stack: Whenever Teval attacks, mill three cards. Then you may return a land card from your graveyard to the battlefield tapped. [Attacker: Teval, the Balanced Scale (95)]
Add To Stack: Ai(1)-mm-muldrotha-value triggered Teval, the Balanced Scale
Resolve Stack: Whenever one or more cards leave your graveyard, create a 2/2 black Zombie Druid creature token. [Amount: 1]
Phase: Ai(1)-mm-muldrotha-value's Declare Blockers Step
Combat: Ai(2)-mm-talrand-spells didn't block Teval, the Balanced Scale (95).
Ai(2)-mm-talrand-spells didn't block Muldrotha, the Gravetide (100).
Phase: Ai(1)-mm-muldrotha-value's First Strike Damage Step
Phase: Ai(1)-mm-muldrotha-value's Combat Damage Step
Damage: Teval, the Balanced Scale (95) deals 4 combat damage to Ai(2)-mm-talrand-spells.
Damage: Muldrotha, the Gravetide (100) deals 6 combat damage to Ai(2)-mm-talrand-spells.
Life: Life: Ai(2)-mm-talrand-spells 26 > 16
Phase: Ai(1)-mm-muldrotha-value's End of Combat Step
Phase: Ai(1)-mm-muldrotha-value's Main phase, postcombat
Land: Ai(1)-mm-muldrotha-value played Forest (44)
Add To Stack: Ai(1)-mm-muldrotha-value triggered Teval, the Balanced Scale
Resolve Stack: Whenever one or more cards leave your graveyard, create a 2/2 black Zombie Druid creature token. [Amount: 1]
Mana: Undergrowth Stadium (92) - {T}: Add {B} or {G}.
Mana: Watery Grave (30) - {T}: Add {B}.
Mana: Island (35) - {T}: Add {U}.
Mana: Forest (40) - {T}: Add {G}.
Mana: Forest (41) - {T}: Add {G}.
Add To Stack: Ai(1)-mm-muldrotha-value cast Syr Konrad, the Grim
Add To Stack: Ai(1)-mm-muldrotha-value triggered Teval, the Balanced Scale
Resolve Stack: Whenever one or more cards leave your graveyard, create a 2/2 black Zombie Druid creature token. [Amount: 1]
Resolve Stack: Syr Konrad, the Grim - Creature 5 / 4
Mana: Forest (44) - {T}: Add {G}.
Mana: Sunken Hollow (28) - {T}: Add {B}.
Add To Stack: Ai(1)-mm-muldrotha-value cast Seal of Primordium
Add To Stack: Ai(1)-mm-muldrotha-value triggered Teval, the Balanced Scale
Resolve Stack: Whenever one or more cards leave your graveyard, create a 2/2 black Zombie Druid creature token. [Amount: 1]
Resolve Stack: Seal of Primordium
Zone Change: Seal of Primordium (56) was put into Graveyard from Battlefield.
Add To Stack: Ai(1)-mm-muldrotha-value activated Seal of Primordium targeting [Favorable Winds (187)]
Zone Change: Favorable Winds (187) was put into Graveyard from Battlefield.
Resolve Stack: Seal of Primordium (56) - Destroy Favorable Winds (187).
Mana: Breeding Pool (68) - {T}: Add {G}.
Mana: Overgrown Tomb (74) - {T}: Add {G}.
Mana: Zagoth Triome (15) - {T}: Add {G}.
Add To Stack: Ai(1)-mm-muldrotha-value cast Cultivate
Resolve Stack: Cultivate (48) - Search your library for up to two basic land cards, reveal those cards, put one onto the battlefield tapped and the other into your hand, then shuffle.   
Zone Change: Lotus Petal (18) was put into Graveyard from Battlefield.
Mana: Lotus Petal (18) - {T}, Sacrifice Lotus Petal: Add one mana of any color.
Add To Stack: Ai(1)-mm-muldrotha-value cast Birds of Paradise
Resolve Stack: Birds of Paradise - Creature 0 / 1
Mana: Command Beacon (5) - {T}: Add {C}.
Add To Stack: Ai(1)-mm-muldrotha-value cast Haywire Mite
Resolve Stack: Haywire Mite - Creature 1 / 1
Phase: Ai(1)-mm-muldrotha-value's End step
Phase: Ai(1)-mm-muldrotha-value's Cleanup step
Turn: Turn 36 (Ai(2)-mm-talrand-spells)
Phase: Ai(2)-mm-talrand-spells' Untap step
Phase: Ai(2)-mm-talrand-spells' Upkeep step
Phase: Ai(2)-mm-talrand-spells' Draw step
Phase: Ai(2)-mm-talrand-spells' Main phase, precombat
Phase: Ai(2)-mm-talrand-spells' Beginning of Combat Step
Phase: Ai(2)-mm-talrand-spells' Declare Attackers Step
Phase: Ai(2)-mm-talrand-spells' Declare Blockers Step
Phase: Ai(2)-mm-talrand-spells' First Strike Damage Step
Phase: Ai(2)-mm-talrand-spells' Combat Damage Step
Phase: Ai(2)-mm-talrand-spells' End of Combat Step
Phase: Ai(2)-mm-talrand-spells' Main phase, postcombat
Mana: Island (142) - {T}: Add {U}.
Mana: Reliquary Tower (182) - {T}: Add {C}.
Mana: Island (149) - {T}: Add {U}.
Add To Stack: Ai(2)-mm-talrand-spells cast Rhystic Study
Add To Stack: Ai(1)-mm-muldrotha-value triggered Mystic Remora
Mana: Island (150) - {T}: Add {U}.
Mana: Island (153) - {T}: Add {U}.
Mana: Island (129) - {T}: Add {U}.
Add To Stack: Ai(2)-mm-talrand-spells cast Think Twice
Add To Stack: Ai(2)-mm-talrand-spells triggered Talrand, Sky Summoner
Add To Stack: Ai(1)-mm-muldrotha-value triggered Mystic Remora
Mana: Island (140) - {T}: Add {U}.
Discard: Ai(2)-mm-talrand-spells discards Lonely Sandbar (199).
Add To Stack: Ai(2)-mm-talrand-spells activated Lonely Sandbar
Resolve Stack: Lonely Sandbar (199) - Ai(2)-mm-talrand-spells draws a card.
Resolve Stack: Whenever an opponent casts a noncreature spell, you may draw a card unless that player pays {4}. [Card: Think Twice (172), Activator: Ai(2)-mm-talrand-spells, SpellAbility: Draw a card.]
Resolve Stack: Whenever you cast an instant or sorcery spell, create a 2/2 blue Drake creature token with flying. [Card: Think Twice (172), Activator: Ai(2)-mm-talrand-spells, SpellAbility: Draw a card.]
Resolve Stack: Think Twice (172) - Ai(2)-mm-talrand-spells draws a card.
Replacement Effect: Flashback {2}{U} (You may cast this card from your graveyard for its flashback cost. Then exile it.)
Resolve Stack: Whenever an opponent casts a noncreature spell, you may draw a card unless that player pays {4}. [Card: Rhystic Study (122), Activator: Ai(2)-mm-talrand-spells, SpellAbility: Rhystic Study]
Resolve Stack: Rhystic Study
Land: Ai(2)-mm-talrand-spells played Island (143)
Phase: Ai(2)-mm-talrand-spells' End step
Phase: Ai(2)-mm-talrand-spells' Cleanup step
Turn: Turn 37 (Ai(1)-mm-muldrotha-value)
Phase: Ai(1)-mm-muldrotha-value's Untap step
Phase: Ai(1)-mm-muldrotha-value's Upkeep step
Add To Stack: Ai(1)-mm-muldrotha-value triggered Mystic Remora
Mana: Forest (40) - {T}: Add {G}.
Mana: Forest (41) - {T}: Add {G}.
Mana: Island (34) - {T}: Add {U}.
Mana: Island (35) - {T}: Add {U}.
Resolve Stack: Cumulative upkeep {1} (At the beginning of your upkeep, put an age counter on this permanent, then sacrifice it unless you pay its upkeep cost for each age counter on it.) [Phase: Ai(1)-mm-muldrotha-value]
Zone Change: Terramorphic Expanse (99) was put into Graveyard from Battlefield.
Add To Stack: Ai(1)-mm-muldrotha-value activated Terramorphic Expanse
Resolve Stack: Terramorphic Expanse (99) - Ai(1)-mm-muldrotha-value searches their library for a basic land card, puts it onto the battlefield tapped, then shuffles.
Phase: Ai(1)-mm-muldrotha-value's Draw step
Phase: Ai(1)-mm-muldrotha-value's Main phase, precombat
Land: Ai(1)-mm-muldrotha-value played Island (33)
Add To Stack: Ai(1)-mm-muldrotha-value cast Lotus Petal
Add To Stack: Ai(1)-mm-muldrotha-value triggered Teval, the Balanced Scale
Add To Stack: Ai(2)-mm-talrand-spells triggered Rhystic Study
Mana: Bojuka Bog (55) - {T}: Add {B}.
Resolve Stack: Whenever an opponent casts a spell, you may draw a card unless that player pays {1}. [Card: Lotus Petal (18), Activator: Ai(1)-mm-muldrotha-value, SpellAbility: Lotus Petal by Muldrotha, the Gravetide (100) (Artifact)]
Resolve Stack: Whenever one or more cards leave your graveyard, create a 2/2 black Zombie Druid creature token. [Amount: 1]
Resolve Stack: Lotus Petal
Phase: Ai(1)-mm-muldrotha-value's Beginning of Combat Step
Phase: Ai(1)-mm-muldrotha-value's Declare Attackers Step
Combat: Ai(1)-mm-muldrotha-value assigned Muldrotha, the Gravetide (100), Syr Konrad, the Grim (93), Teval, the Balanced Scale (95), Zombie Druid Token (463), Zombie Druid Token (466), Zombie Druid Token (472), Zombie Druid Token (475), Zombie Druid Token (478), Zombie Druid Token (481), Zombie Druid Token (484), Spore Frog (50), Satyr Wayfinder (26), Haywire Mite (31) and Birds of Paradise (79) to attack Ai(2)-mm-talrand-spells.
Add To Stack: Ai(1)-mm-muldrotha-value triggered Teval, the Balanced Scale
Zone Change: Ai(1)-mm-muldrotha-value milled Forest (39), Harrow (83) and Glen Elendra Archmage (87).
Resolve Stack: Whenever Teval attacks, mill three cards. Then you may return a land card from your graveyard to the battlefield tapped. [Attacker: Teval, the Balanced Scale (95)]
Add To Stack: Ai(1)-mm-muldrotha-value triggered Syr Konrad, the Grim
Add To Stack: Ai(1)-mm-muldrotha-value triggered Teval, the Balanced Scale
Resolve Stack: Whenever one or more cards leave your graveyard, create a 2/2 black Zombie Druid creature token. [Amount: 1]
Damage: Syr Konrad, the Grim (93) deals 1 non-combat damage to Ai(2)-mm-talrand-spells.
Life: Life: Ai(2)-mm-talrand-spells 16 > 15
Resolve Stack: Whenever another creature dies, or a creature card is put into a graveyard from anywhere other than the battlefield, or a creature card leaves your graveyard, Syr Konrad, the Grim deals 1 damage to each opponent. [Zone Changer: Glen Elendra Archmage (87)]
Phase: Ai(1)-mm-muldrotha-value's Declare Blockers Step
Combat: Ai(2)-mm-talrand-spells assigned Drake Token (449) to block Muldrotha, the Gravetide (100).
Ai(2)-mm-talrand-spells assigned Drake Token (469) to block Syr Konrad, the Grim (93).
Ai(2)-mm-talrand-spells assigned Drake Token (487) to block Teval, the Balanced Scale (95).
Ai(2)-mm-talrand-spells assigned Talrand, Sky Summoner (201) to block Zombie Druid Token (463).
Ai(2)-mm-talrand-spells didn't block Zombie Druid Token (466).
Ai(2)-mm-talrand-spells didn't block Zombie Druid Token (472).
Ai(2)-mm-talrand-spells didn't block Zombie Druid Token (475).
Ai(2)-mm-talrand-spells didn't block Zombie Druid Token (478).
Ai(2)-mm-talrand-spells didn't block Zombie Druid Token (481).
Ai(2)-mm-talrand-spells didn't block Zombie Druid Token (484).
Ai(2)-mm-talrand-spells didn't block Spore Frog (50).
Ai(2)-mm-talrand-spells didn't block Satyr Wayfinder (26).
Ai(2)-mm-talrand-spells didn't block Haywire Mite (31).
Ai(2)-mm-talrand-spells didn't block Birds of Paradise (79).
Phase: Ai(1)-mm-muldrotha-value's First Strike Damage Step
Phase: Ai(1)-mm-muldrotha-value's Combat Damage Step
Damage: Muldrotha, the Gravetide (100) deals 6 damage to Drake Token (449).
Damage: Syr Konrad, the Grim (93) deals 5 damage to Drake Token (469).
Damage: Teval, the Balanced Scale (95) deals 4 damage to Drake Token (487).
Damage: Zombie Druid Token (463) deals 2 damage to Talrand, Sky Summoner (201).
Damage: Zombie Druid Token (466) deals 2 combat damage to Ai(2)-mm-talrand-spells.
Damage: Zombie Druid Token (472) deals 2 combat damage to Ai(2)-mm-talrand-spells.
Damage: Zombie Druid Token (475) deals 2 combat damage to Ai(2)-mm-talrand-spells.
Damage: Zombie Druid Token (478) deals 2 combat damage to Ai(2)-mm-talrand-spells.
Damage: Zombie Druid Token (481) deals 2 combat damage to Ai(2)-mm-talrand-spells.
Damage: Zombie Druid Token (484) deals 2 combat damage to Ai(2)-mm-talrand-spells.
Damage: Spore Frog (50) deals 1 combat damage to Ai(2)-mm-talrand-spells.
Damage: Satyr Wayfinder (26) deals 1 combat damage to Ai(2)-mm-talrand-spells.
Damage: Haywire Mite (31) deals 1 combat damage to Ai(2)-mm-talrand-spells.
Damage: Drake Token (449) deals 2 damage to Muldrotha, the Gravetide (100).
Damage: Drake Token (469) deals 2 damage to Syr Konrad, the Grim (93).
Damage: Drake Token (487) deals 2 damage to Teval, the Balanced Scale (95).
Damage: Talrand, Sky Summoner (201) deals 2 damage to Zombie Druid Token (463).
Life: Life: Ai(2)-mm-talrand-spells 15 > 0
Player Control: Ai(1)-mm-muldrotha-value has restored control over themself
Player Control: Ai(2)-mm-talrand-spells has restored control over themself
Player Control: Ai(3)-mm-abaddon has restored control over themself
Player Control: Ai(4)-mm-baylen-tokens has restored control over themself
Game Outcome: Turn 19
Game Outcome: Ai(1)-mm-muldrotha-value has won because all opponents have lost
Game Outcome: Ai(2)-mm-talrand-spells has lost because life total reached 0
Game Outcome: Ai(3)-mm-abaddon has lost because life total reached 0
Game Outcome: Ai(4)-mm-baylen-tokens has lost because life total reached 0
Match Result: Ai(1)-mm-muldrotha-value: 1 Ai(2)-mm-talrand-spells: 0 Ai(3)-mm-abaddon: 0 Ai(4)-mm-baylen-tokens: 0 

Game Result: Game 1 ended in 169614 ms. Ai(1)-mm-muldrotha-value has won!

Warning: default (ie. inherited from base class) implementation of confirmAction is used by Baylen, the Haymaker for forge.ai.ability.PermanentCreatureAi. Consider declaring an overloaded method
Warning: default (ie. inherited from base class) implementation of confirmAction is used by Muldrotha, the Gravetide for forge.ai.ability.PermanentCreatureAi. Consider declaring an overloaded method
Warning: default (ie. inherited from base class) implementation of confirmAction is used by Talrand, Sky Summoner for forge.ai.ability.PermanentCreatureAi. Consider declaring an overloaded method
Warning: default (ie. inherited from base class) implementation of confirmAction is used by Abaddon the Despoiler for forge.ai.ability.PermanentCreatureAi. Consider declaring an overloaded method
Warning: default (ie. inherited from base class) implementation of confirmAction is used by Talrand, Sky Summoner for forge.ai.ability.PermanentCreatureAi. Consider declaring an overloaded method
java.util.concurrent.TimeoutException
	at java.base/java.util.concurrent.FutureTask.get(FutureTask.java:204)
	at forge.ai.AiController.chooseSpellAbilityToPlayFromList(AiController.java:1696)
	at forge.ai.AiController.getSpellAbilityToPlay(AiController.java:1583)
	at forge.ai.AiController.chooseSpellAbilityToPlay(AiController.java:1403)
	at forge.ai.PlayerControllerAi.chooseSpellAbilityToPlay(PlayerControllerAi.java:832)
	at forge.game.phase.PhaseHandler.mainLoopStep(PhaseHandler.java:1056)
	at forge.game.phase.PhaseHandler.mainGameLoop(PhaseHandler.java:1035)
	at forge.game.phase.PhaseHandler.startFirstTurn(PhaseHandler.java:1029)
	at forge.game.GameAction.startGame(GameAction.java:2373)
	at forge.game.Match.startGame(Match.java:92)
	at forge.game.Match.startGame(Match.java:77)
	at forge.view.SimulateMatch.lambda$simulateSingleMatch$0(SimulateMatch.java:213)
	at forge.view.TimeLimitedCodeBlock.lambda$runWithTimeout$0(TimeLimitedCodeBlock.java:18)
	at java.base/java.util.concurrent.FutureTask.run(FutureTask.java:317)
	at java.base/java.util.concurrent.ThreadPoolExecutor.runWorker(ThreadPoolExecutor.java:1144)
	at java.base/java.util.concurrent.ThreadPoolExecutor$Worker.run(ThreadPoolExecutor.java:642)
	at java.base/java.lang.Thread.run(Thread.java:1583)
AI eval thread at timeout:
	at java.base/java.util.HashMap.hash(HashMap.java:338)
	at java.base/java.util.HashMap.put(HashMap.java:618)
	at java.base/java.util.HashSet.add(HashSet.java:229)
	at forge.util.collect.FCollection.add(FCollection.java:273)
	at forge.util.collect.FCollection.addAll(FCollection.java:346)
	at forge.util.collect.FCollection.addAll(FCollection.java:325)
	at forge.game.player.PlayerCollection.getCardsIn(PlayerCollection.java:33)
	at forge.game.Game.getCardsIn(Game.java:610)
	at forge.game.Game.getCardsIn(Game.java:628)
	at forge.game.staticability.StaticAbilityCantAttackBlock.cantBlockBy(StaticAbilityCantAttackBlock.java:213)
	at forge.game.combat.CombatUtil.canBlock(CombatUtil.java:1013)
	at forge.game.combat.CombatUtil.canBlock(CombatUtil.java:973)
	at forge.game.combat.CombatUtil.canBlock(CombatUtil.java:957)
	at forge.ai.AiBlockController.getPossibleBlockers(AiBlockController.java:87)
	at forge.ai.AiBlockController.makeGoodBlocks(AiBlockController.java:196)
	at forge.ai.AiBlockController.assignBlockers(AiBlockController.java:1083)
	at forge.ai.AiBlockController.assignBlockersForCombat(AiBlockController.java:1014)
	at forge.ai.ComputerUtil.predictNextCombatsRemainingLife(ComputerUtil.java:3214)
	at forge.ai.ComputerUtil.predictNextCombatsRemainingLife(ComputerUtil.java:3179)
	at forge.ai.AiAttackController.notNeededAsBlockers(AiAttackController.java:426)
	at forge.ai.AiAttackController.declareAttackers(AiAttackController.java:1279)
	at forge.ai.AiController.getPredictedCombat(AiController.java:145)
	at forge.ai.ComputerUtilCard.doesCreatureAttackAI(ComputerUtilCard.java:806)
	at forge.ai.ComputerUtilCard.shouldPumpCard(ComputerUtilCard.java:1557)
	at forge.ai.ability.PumpAi.checkApiLogic(PumpAi.java:316)
	at forge.ai.SpellAbilityAi.canPlayWithoutRestrict(SpellAbilityAi.java:98)
	at forge.ai.SpellAbilityAi.canPlay(SpellAbilityAi.java:76)
	at forge.ai.SpellAbilityAi.canPlayWithSubs(SpellAbilityAi.java:55)
	at forge.ai.AiController.canPlaySa(AiController.java:909)
	at forge.ai.AiController.canPlayAndPayForFace(AiController.java:855)
