2026-10-03 10:02:03 A/A done
2026-10-03 10:02:03 STEP train-ability

[Step 4b] Train ability model
Using device: mps
Loading features...
  34,955 cards · structured features (34955, 15)
  cards with a specific role: 25,270 (72.3%)
  Train: 31,459  Val: 3,496
  Trainable parameters: 192,672

Training function model — in-batch InfoNCE (T=0.05), batch 256 = 255 negatives per anchor
  Epoch   1/100  train_loss=5.0329 acc=0.039  val_loss=4.8355 acc=0.043 <- saved
    positives mined: random 22.9%, role 72.1%, tag 5.0%
  Epoch   2/100  train_loss=4.7218 acc=0.055  val_loss=4.6288 acc=0.056 <- saved
  Epoch   3/100  train_loss=4.5980 acc=0.060  val_loss=4.5624 acc=0.052 <- saved
  Epoch   4/100  train_loss=4.5209 acc=0.064  val_loss=4.5032 acc=0.061 <- saved
  Epoch   5/100  train_loss=4.4787 acc=0.068  val_loss=4.4759 acc=0.059 <- saved
  Epoch   6/100  train_loss=4.4516 acc=0.064  val_loss=4.4450 acc=0.057 <- saved
  Epoch   7/100  train_loss=4.4159 acc=0.068  val_loss=4.4372 acc=0.064 <- saved
  Epoch   8/100  train_loss=4.3932 acc=0.068  val_loss=4.3963 acc=0.063 <- saved
  Epoch   9/100  train_loss=4.3679 acc=0.072  val_loss=4.3533 acc=0.067 <- saved
  Epoch  10/100  train_loss=4.3423 acc=0.074  val_loss=4.3471 acc=0.065 <- saved
  Epoch  11/100  train_loss=4.3354 acc=0.071  val_loss=4.3666 acc=0.062
  Epoch  12/100  train_loss=4.3153 acc=0.072  val_loss=4.3637 acc=0.063
  Epoch  13/100  train_loss=4.2969 acc=0.073  val_loss=4.3372 acc=0.062 <- saved
  Epoch  14/100  train_loss=4.2898 acc=0.073  val_loss=4.3209 acc=0.069 <- saved
  Epoch  15/100  train_loss=4.2736 acc=0.075  val_loss=4.3403 acc=0.062
  Epoch  16/100  train_loss=4.2538 acc=0.077  val_loss=4.3071 acc=0.067 <- saved
  Epoch  17/100  train_loss=4.2482 acc=0.077  val_loss=4.2886 acc=0.065 <- saved
  Epoch  18/100  train_loss=4.2416 acc=0.076  val_loss=4.2918 acc=0.072
  Epoch  19/100  train_loss=4.2278 acc=0.076  val_loss=4.2788 acc=0.075 <- saved
  Epoch  20/100  train_loss=4.2241 acc=0.078  val_loss=4.2569 acc=0.070 <- saved
  Epoch  21/100  train_loss=4.2095 acc=0.076  val_loss=4.2988 acc=0.070
  Epoch  22/100  train_loss=4.1901 acc=0.079  val_loss=4.2765 acc=0.069
  Epoch  23/100  train_loss=4.1884 acc=0.080  val_loss=4.2293 acc=0.070 <- saved
  Epoch  24/100  train_loss=4.1739 acc=0.083  val_loss=4.2534 acc=0.067
  Epoch  25/100  train_loss=4.1759 acc=0.081  val_loss=4.2293 acc=0.072 <- saved
  Epoch  26/100  train_loss=4.1587 acc=0.081  val_loss=4.2430 acc=0.077
  Epoch  27/100  train_loss=4.1475 acc=0.082  val_loss=4.2648 acc=0.069
  Epoch  28/100  train_loss=4.1480 acc=0.081  val_loss=4.2475 acc=0.071
  Epoch  29/100  train_loss=4.1322 acc=0.083  val_loss=4.2218 acc=0.071 <- saved
  Epoch  30/100  train_loss=4.1350 acc=0.083  val_loss=4.2478 acc=0.072
  Epoch  31/100  train_loss=4.1198 acc=0.083  val_loss=4.2338 acc=0.069
  Epoch  32/100  train_loss=4.1142 acc=0.085  val_loss=4.2809 acc=0.065
  Epoch  33/100  train_loss=4.1187 acc=0.084  val_loss=4.1654 acc=0.075 <- saved
  Epoch  34/100  train_loss=4.0936 acc=0.085  val_loss=4.2705 acc=0.074
  Epoch  35/100  train_loss=4.0971 acc=0.086  val_loss=4.2322 acc=0.072
  Epoch  36/100  train_loss=4.1002 acc=0.083  val_loss=4.2095 acc=0.069
  Epoch  37/100  train_loss=4.0834 acc=0.084  val_loss=4.2397 acc=0.073
  Epoch  38/100  train_loss=4.0847 acc=0.084  val_loss=4.2453 acc=0.081

  Early stopping: no improvement for 5 epochs

Best val loss: 4.1654
Function model saved to /Users/michellemacrae/mana-map/data/model_ability.pt
Run `manamap embed` then `manamap eval-embeddings` — the frozen-text baseline is the bar.
    ✓ step 4b finished in 3m 54s
2026-10-03 10:06:21 STEP embed

[Step 5] Generate embeddings (both models)
Using device: mps

Generating default embeddings...
  Embeddings shape: (34955, 128)
  Saved /Users/michellemacrae/mana-map/data/embeddings.npy

Generating ability embeddings...
  Ability embeddings shape: (34955, 128)
  Saved /Users/michellemacrae/mana-map/data/embeddings_ability.npy

Building card metadata...
  Saved /Users/michellemacrae/mana-map/data/card_metadata.csv — 34,955 rows

Embedding generation complete.
    ✓ step 5 finished in 3s
2026-10-03 10:06:25 STEP reduce
Warning: random state is set to 42.
Warning: random state is set to 42.

[Step 6] PaCMAP 2D projections (both)
Loading metadata...
  34,955 cards

[Default Map] Color + Type projection
  Loading /Users/michellemacrae/mana-map/data/embeddings.npy...
    Shape: (34955, 128)
  Reducing to 2D with PaCMAP...
  Building visualization records...
  Exporting 34,955 records to /Users/michellemacrae/mana-map/data/projection_2d.json...
    Wrote 13.1 MB

[Ability Map] Abilities projection
  Loading /Users/michellemacrae/mana-map/data/embeddings_ability.npy...
    Shape: (34955, 128)
  Reducing to 2D with PaCMAP...
  Building visualization records...
  Exporting 34,955 records to /Users/michellemacrae/mana-map/data/projection_2d_ability.json...
    Wrote 13.1 MB

To view: python -m http.server 8000
  Then open http://localhost:8000/viz/index.html
    ✓ step 6 finished in 29s
2026-10-03 10:06:55 STEP export

[Step 9] Export embeddings .bin (both)
Exporting default embeddings binary...
  Loading /Users/michellemacrae/mana-map/data/embeddings.npy...
    Shape: (34955, 128)
    Wrote /Users/michellemacrae/mana-map/data/embeddings.bin (17.1 MB)
    34955 cards x 128 dims = 4,474,240 floats

Exporting ability embeddings binary...
  Loading /Users/michellemacrae/mana-map/data/embeddings_ability.npy...
    Shape: (34955, 128)
    Wrote /Users/michellemacrae/mana-map/data/embeddings_ability.bin (17.1 MB)
    34955 cards x 128 dims = 4,474,240 floats
    ✓ step 9 finished in 0s
2026-10-03 10:06:55 STEP synergy

[Step 10] Build synergy graph
Loading cards...
  34,955 cards
  32,332 cards carry an EDHREC rank to break ties with
Building synergy graph...
  26,384 cards with synergy partners
  25,196/26,579 non-land tagged cards have synergy partners (94.8%)
  Wrote /Users/michellemacrae/mana-map/data/synergy_graph.json (26.8 MB)
    ✓ step 10 finished in 23s
2026-10-03 10:07:19 STEP power-creep

[Step 11] Build obsolescence index
Loading cards...
  34,955 cards
  Loaded ability embeddings: (34955, 128)
  Legality: 32,116 commander-legal of 34,879
Comparing cards that do the same job...
  7,375 cards have a comparable alternative (20,959 pair(s))
    Storm Crow -> Hookblade Veteran  (costs 1 less)
    Nantuko Elder -> Delighted Halfling  (costs 2 less)
    Vedalken Heretic -> Flitterwing Nuisance  (costs 1 less, more power)
    Palinchron -> Eon Frolicker  (costs 3 less, more power)
    Phyrexian Broodstar -> Viv Vision, Teen Synthezoid  (costs 5 less, counters_plus)
  Wrote /Users/michellemacrae/mana-map/data/obsolescence_index.json (4.6 MB)
    ✓ step 11 finished in 5m 40s
2026-10-03 10:12:59 STEP cluster-regions

[Step 12] Cluster + name map regions
  Loaded 34955 cards from /Users/michellemacrae/mana-map/data/cards.csv

  Processing Color+Type map...
  Clustering L0 (min_cluster_size=800)...
  L0: 18 clusters (9739 noise points)
  Clustering L1 (min_cluster_size=100)...
  L1: 119 clusters (1341 noise points)
  Clustering L2 within each L1 (min_cluster_size=25)...
  L2: 235 neighbourhoods (9861 not in one)
  Wrote /Users/michellemacrae/mana-map/data/regions_default.json (584.5 KB, 18 L0 + 119 L1 + 235 L2 regions)

  Processing Abilities map...
  Clustering L0 (min_cluster_size=800)...
  L0: 16 clusters (3916 noise points)
  Clustering L1 (min_cluster_size=100)...
  L1: 46 clusters (4056 noise points)
  Clustering L2 within each L1 (min_cluster_size=25)...
  L2: 131 neighbourhoods (10358 not in one)
  5 region(s) have no hand-authored name and kept the machine one — add them to region_names.json:
      ability|1|Removal & ETB
      ability|1|ETB & Flyers
      ability|1|Damage Triggers
      ability|1|Upkeep & Death Triggers
      ability|1|Card Draw & Damage Triggers
  Wrote /Users/michellemacrae/mana-map/data/regions_ability.json (516.1 KB, 16 L0 + 46 L1 + 131 L2 regions)
    ✓ step 12 finished in 7s
2026-10-03 10:13:07 STEP card-roles

[Step 13] Classify deckbuilding roles
Loading cards.csv...
  34,955 cards
Classifying deckbuilding roles...
  30,881 cards with at least one role
  coverage (Commander-legal): 89.6%  |  excluding the body fallback: 73.5%
  most common: threat:body 19,257, value:etb 5,696, utility:activated 4,524, threat:tokens 2,774, buff:counters 2,519, buff:pump 2,445, removal:damage 1,943, buff:attached 1,828
  Wrote /Users/michellemacrae/mana-map/data/card_roles.json (1.9 MB)
    ✓ step 13 finished in 9s
2026-10-03 10:13:17 STEP viz-index

[Step 14] Discovery index + neighbour tables
Loading inputs...
  34,955 cards · 26,384 synergy entries · 7,375 obsolescence entries

Writing viz_index.json...
  /Users/michellemacrae/mana-map/data/viz_index.json — 4.33 MB
  /Users/michellemacrae/mana-map/data/sets.json — 352 sets, 26.1 KB

Building neighbour tables...
    5,000/34,955 cards…
    10,000/34,955 cards…
    15,000/34,955 cards…
    20,000/34,955 cards…
    25,000/34,955 cards…
    30,000/34,955 cards…
  /Users/michellemacrae/mana-map/data/neighbours.bin — 2.63 MB

  similar:     34,955 cards (100.0%)
  synergy:     26,428 cards (75.6%)
  obsolescence:7,392 cards (21.1%)
  only similar:8,400 cards (24.0%) — the UI must state this rather than offer dead buttons
    ✓ step 14 finished in 26s
2026-10-03 10:13:44 STEP eval-embeddings

[Step 15] Report embedding quality
  SKIPPED vae (masked imputation): 34,890 rows against a 34,955-card corpus — stale since the last refresh; retrain it to score it
    Golden set: 40 groups (12 dev, 28 test)

space                              dim  effdim  spread   r@10   r@50  medRank   (test split)
--------------------------------------------------------------------------------------------
cardbert (masked fields)           128    8.92  0.0424  0.073  0.184      720
layout (color+type)                128    3.51  0.0042  0.085  0.146     1128
function (ability)                 128   26.94  0.0294  0.220  0.433       86
text baseline (frozen MiniLM)      384   52.11  0.1385  0.244  0.414      128

  effdim  = participation ratio; how many of `dim` dimensions are in use
  spread  = cosine gap 1st->50th neighbour; ~0 means the ranking is noise
  test    = golden groups written after the diagnosis, never tuned against

  CENTROID COLLAPSE — mean pairwise cosine, 20-card centroids
    space                             card-card   centroid   headroom
    function (ability)                    0.720      0.982      0.018
    layout (color+type)                   0.250      0.880      0.120
    text baseline (frozen MiniLM)         0.382      0.926      0.074
    cardbert (masked fields)              0.003      0.055      0.945

    Headroom near zero means every deck looks alike, so a CENTROID query
    has nothing to rank on. commander-search, build-deck's commander
    scoring and any deck-gap query are all centroid operations.

  HARD NEGATIVES — 15 hand-authored pairs that should be APART
    space                             mean 1-cos   worst pair (separation)
    function (ability)                    0.0159   Blooming Marsh / Deathcap Glade (0.0002)
    layout (color+type)                   0.0580   Darkslick Shores / Shipwreck Marsh (0.0000)
    text baseline (frozen MiniLM)         0.0197   Darkslick Shores / Shipwreck Marsh (0.0018)
    cardbert (masked fields)              0.0501   Darkslick Shores / Shipwreck Marsh (0.0005)

    Higher is better: these cards should NOT look alike. The anchor family
    is the fastland/slowland cycle — one word inverts the game stage — and
    every space scores those pairs near zero today. A reconstruction
    objective is the kind most likely to make this worse, so it is measured
    before the architecture changes rather than after.
    The VAE is scored against the FUNCTION space, not the text
    baseline: at corpus scale those two are a tie, and the bar a
    replacement has to clear is the space it would replace.

  CANDIDATE POOL — relation: FUNCTION — cardbert (masked fields) vs function (ability), test split, 28 groups at every size
     distractors  challenger  baseline      gap   95% CI on the difference
             100       0.602     0.955   -0.353   [-0.446, -0.259]  excludes 0
             500       0.330     0.802   -0.472   [-0.575, -0.370]  excludes 0
            2000       0.197     0.533   -0.336   [-0.458, -0.217]  excludes 0
           10000       0.102     0.348   -0.246   [-0.346, -0.154]  excludes 0
          corpus       0.069     0.215   -0.146   [-0.221, -0.077]  excludes 0

    Candidates are each group's own targets PLUS N most-played distractors,
    so every group appears at every size. Bootstrap resamples GROUPS, which
    is the unit of independence; queries inside a group are correlated.
    NOTHING IN THE PRODUCT RANKS AGAINST THE WHOLE CORPUS: commander search
    ranks against 79, Find Similar shows 12, build-deck ranks within a pool.

  CANDIDATE POOL — relation: THEME — cardbert (masked fields) vs function (ability), test split, 55 groups at every size
     distractors  challenger  baseline      gap   95% CI on the difference
             100       0.364     0.452   -0.088   [-0.131, -0.044]  excludes 0
             500       0.171     0.143   +0.029   [-0.003, +0.060]
            2000       0.052     0.052   -0.000   [-0.014, +0.012]
           10000       0.014     0.021   -0.007   [-0.014, -0.001]  excludes 0
          corpus       0.004     0.008   -0.004   [-0.008, +0.000]

    Candidates are each group's own targets PLUS N most-played distractors,
    so every group appears at every size. Bootstrap resamples GROUPS, which
    is the unit of independence; queries inside a group are correlated.
    NOTHING IN THE PRODUCT RANKS AGAINST THE WHOLE CORPUS: commander search
    ranks against 79, Find Similar shows 12, build-deck ranks within a pool.

  CANDIDATE POOL — relation: THEME — function (ability) vs text baseline (frozen MiniLM), test split, 55 groups at every size
     distractors  challenger  baseline      gap   95% CI on the difference
             100       0.452     0.739   -0.287   [-0.321, -0.253]  excludes 0
             500       0.143     0.510   -0.368   [-0.414, -0.323]  excludes 0
            2000       0.052     0.299   -0.247   [-0.292, -0.204]  excludes 0
           10000       0.021     0.116   -0.095   [-0.117, -0.075]  excludes 0
          corpus       0.008     0.039   -0.031   [-0.039, -0.023]  excludes 0

    Candidates are each group's own targets PLUS N most-played distractors,
    so every group appears at every size. Bootstrap resamples GROUPS, which
    is the unit of independence; queries inside a group are correlated.
    NOTHING IN THE PRODUCT RANKS AGAINST THE WHOLE CORPUS: commander search
    ranks against 79, Find Similar shows 12, build-deck ranks within a pool.
    THEME groups are objective — a creature subtype EDHREC treats as an
    archetype — so they are independent of the roles and tags training
    mines its positives from. 87 tribes, against the golden set's 40.

  CANDIDATE POOL — relation: FUNCTION — function (ability) vs text baseline (frozen MiniLM), test split, 28 groups at every size
     distractors  challenger  baseline      gap   95% CI on the difference
             100       0.955     0.813   +0.142   [+0.051, +0.237]  excludes 0
             500       0.802     0.629   +0.174   [+0.055, +0.301]  excludes 0
            2000       0.533     0.449   +0.084   [-0.047, +0.221]
           10000       0.348     0.311   +0.036   [-0.048, +0.131]
          corpus       0.215     0.240   -0.025   [-0.089, +0.045]

    Candidates are each group's own targets PLUS N most-played distractors,
    so every group appears at every size. Bootstrap resamples GROUPS, which
    is the unit of independence; queries inside a group are correlated.
    NOTHING IN THE PRODUCT RANKS AGAINST THE WHOLE CORPUS: commander search
    ranks against 79, Find Similar shows 12, build-deck ranks within a pool.
    At corpus scale the two are INDISTINGUISHABLE: -0.025 recall@10, 95% CI [-0.089, +0.045] spans zero over 28 groups. Neither space wins this comparison.
    ✓ step 15 finished in 24s
2026-10-03 10:14:09 GATE
        function = metrics["function (ability)"]["recall"]["test"]
        baseline = metrics["text baseline (frozen MiniLM)"]["recall"]["test"]
        assert function["median_rank"] < baseline["median_rank"] * 0.8, (
            f"median rank {function['median_rank']:.0f} vs baseline "
            f"{baseline['median_rank']:.0f} — the depth win is gone"
        )
>       assert function["recall@10"] >= baseline["recall@10"] * 0.95, (
            "the function space has fallen behind the frozen text it is built from"
        )
E       AssertionError: the function space has fallen behind the frozen text it is built from
E       assert 0.21962616822429906 >= (0.24376947040498442 * 0.95)

tests/test_embedding_quality.py:202: AssertionError
=========================== short test summary info ============================
FAILED tests/test_embedding_quality.py::test_function_space_beats_the_frozen_text_it_is_built_from
2026-10-03 10:14:15 START sharknado
  POWER PREFLIGHT   baseline 0.233 · 200 games against 412 on the other side · about 4.8 h
    this run resolves a change of +0.110 or larger (a rise to 0.343)
    smaller than that comes back INCONCLUSIVE — which is not evidence of no effect

    you want to detect      power here   games/arm needed   hours
    +0.05                         0.27               1199    28.5
    +0.10                         0.74                317     7.5
    +0.15                         0.97                147     3.5
    +0.20                         1.00                 86     2.0

    The win rate also DISCARDS clocked-out games — they have no
    winner — so the effective sample is below the games played.
    A mechanism endpoint (does the swap do its job?) is usually a
    cheaper question than the outcome (does the deck win more?).
    baseline: the standard-v3 null

sharknado: 200/200 games vs sythis-enchantress, jarad-graveyard, abaddon in 28101.6s on 4 JVM(s)
  wins {'sharknado': 15, 'sythis-enchantress': 81, 'jarad-graveyard': 17, 'abaddon': 41}  draws 1  win rate 0.097  mean round 20.3 (global turn 40.0)
  PILOTING (was the AI playing this deck, or holding it?)
    land drops per own turn    ours 0.37  pod 0.41  (91% of the pod's rate)
    spells cast per own turn   ours 0.50  pod 0.75  (66% of the pod's rate)
    COMPARABLE
    our seat was handled about as well as the pod, so an A/B between two of your own lists against this table is played equally badly on both sides and remains informative. It is still not a claim about how the deck plays in your hands.
  ENGINE CASTS (did the AI play the deck's plan? 200 games, 1917 own turns, a singleton expects ~33.7 natural draws)
    held and never cast: Winds of Change (discarded x17), Whirlpool Warrior (discarded x16)
      2 seen discarded (MEASURED), 0 inferred from 33.7 expected natural draws (MODELLED — never observed in hand)
    engine set: 53 cards from goldfish_targets.json + engine.json, played 114% of expected natural draws
    ENGINE NEVER CAST
    THE AI NEVER CAST PART OF THE ENGINE: Winds of Change, Whirlpool Warrior. A win rate from this run is a FLOOR on a deck the AI could not pilot; read the observations, not the outcome. BUT Winds of Change sat castable and uncast on 106 own turns, Whirlpool Warrior sat castable and uncast on 89 own turns — measured from the hand, not inferred.
    HELD WHILE CASTABLE (MEASURED from the telemetry hand; lands only, so a floor): Winds of Change (x106 turns, cast 0), Whirlpool Warrior (x89 turns, cast 0), Commit (x4 turns, cast 0)
  → /Users/michellemacrae/mana-map/data/decks/sharknado/sim/sythis-enchantress-vs-jarad-graveyard-vs-abaddon-n200-a0874c33-s693221427-podExperimental-c600-ov8c347642-tl9473cf35.json  (logs: sim/logs/sythis-enchantress-vs-jarad-graveyard-vs-abaddon-n200-a0874c33-s693221427-podExperimental-c600-ov8c347642-tl9473cf35/ (gitignored; regenerate by re-running))
  ci95 [0.06, 0.154] · eliminated by {'sythis-enchantress': 73, 'jarad-graveyard': 20, 'abaddon': 31} · token damage share 0.05
  ◆ seeded (693221427; per job [693221427, 693221428, 693221429, 693221430]) — 6 assumptions in the record; game g of job j replays as `-n g -s <seed_j>`
2026-10-03 18:05:59 END sharknado exit=0
2026-10-03 18:05:59 START sharknado@momentum-v1
  POWER PREFLIGHT   baseline 0.233 · 200 games against 412 on the other side · about 4.8 h
    this run resolves a change of +0.110 or larger (a rise to 0.343)
    smaller than that comes back INCONCLUSIVE — which is not evidence of no effect

    you want to detect      power here   games/arm needed   hours
    +0.05                         0.27               1199    28.5
    +0.10                         0.74                317     7.5
    +0.15                         0.97                147     3.5
    +0.20                         1.00                 86     2.0

    The win rate also DISCARDS clocked-out games — they have no
    winner — so the effective sample is below the games played.
    A mechanism endpoint (does the swap do its job?) is usually a
    cheaper question than the outcome (does the deck win more?).
    baseline: the standard-v3 null

  CAST PROOFS   6/6 adds PLAYED under this harness (2026-10-02)
sharknado@momentum-v1: 200/200 games vs sythis-enchantress, jarad-graveyard, abaddon in 68447.4s on 4 JVM(s)
  wins {'sharknado@momentum-v1': 27, 'sythis-enchantress': 77, 'jarad-graveyard': 25, 'abaddon': 45}  draws 2  win rate 0.155  mean round 19.9 (global turn 39.3)
  PILOTING (was the AI playing this deck, or holding it?)
    land drops per own turn    ours 0.38  pod 0.41  (92% of the pod's rate)
    spells cast per own turn   ours 0.53  pod 0.76  (70% of the pod's rate)
    COMPARABLE
    our seat was handled about as well as the pod, so an A/B between two of your own lists against this table is played equally badly on both sides and remains informative. It is still not a claim about how the deck plays in your hands.
  ENGINE CASTS (did the AI play the deck's plan? 200 games, 1958 own turns, a singleton expects ~34.2 natural draws)
    held and never cast: Winds of Change (discarded x18), Whirlpool Warrior (discarded x16)
      2 seen discarded (MEASURED), 0 inferred from 34.2 expected natural draws (MODELLED — never observed in hand)
    engine set: 49 cards from goldfish_targets.json + engine.json, played 120% of expected natural draws
    ENGINE NEVER CAST
    THE AI NEVER CAST PART OF THE ENGINE: Winds of Change, Whirlpool Warrior. A win rate from this run is a FLOOR on a deck the AI could not pilot; read the observations, not the outcome. BUT Molten Psyche sat castable and uncast on 142 own turns, Winds of Change sat castable and uncast on 127 own turns, Whirlpool Warrior sat castable and uncast on 103 own turns (+1 more) — measured from the hand, not inferred.
    HELD WHILE CASTABLE (MEASURED from the telemetry hand; lands only, so a floor): Molten Psyche (x142 turns, cast 1), Winds of Change (x127 turns, cast 0), Whirlpool Warrior (x103 turns, cast 0), Reforge the Soul (x80 turns, cast 1)
  → /Users/michellemacrae/mana-map/data/decks/sharknado/branches/momentum-v1/sim/sythis-enchantress-vs-jarad-graveyard-vs-abaddon-n200-62a3b245-s1654895173-podExperimental-c600-ov8c347642-tl9473cf35.json  (logs: sim/logs/sythis-enchantress-vs-jarad-graveyard-vs-abaddon-n200-62a3b245-s1654895173-podExperimental-c600-ov8c347642-tl9473cf35/ (gitignored; regenerate by re-running))
  ci95 None · eliminated by None · token damage share None
  ◆ seeded (1654895173; per job [1654895173, 1654895174, 1654895175, 1654895176]) — 6 assumptions in the record; game g of job j replays as `-n g -s <seed_j>`
2026-10-04 13:08:10 END sharknado@momentum-v1 exit=0
