Error handling registered!
17:01:55 [INFO ] GuiBase: ##########################################
17:01:55 [INFO ] GuiBase: APP: Forge v.2.0.14-SNAPSHOT-08.08
17:01:55 [INFO ] GuiBase: Java: 21.0.9 (Oracle Corporation)
17:01:55 [INFO ] GuiBase: OS: Mac OS X 26.3 aarch64
17:01:55 [INFO ] GuiBase: RAM: 4096 MB max, 8 CPUs
17:01:55 [INFO ] GuiBase: ##########################################
Language 'en-US' loaded successfully.
(ThreadUtil first call): Running with priority 5
Read cards: 33617 archived files in 0 ms (25 parts) using thread pool
Upcoming set Star Trek (TRK) dated in the future. All `upcoming` cards will be added to this set with unknown rarity.
The card A-Alrund's Epiphany was not assigned to any set. Adding it to UNKNOWN set... to fix see res/editions/ folder. 
The card A-Baba Lysaga, Night Witch was not assigned to any set. Adding it to UNKNOWN set... to fix see res/editions/ folder. 
The card A-Divide by Zero was not assigned to any set. Adding it to UNKNOWN set... to fix see res/editions/ folder. 
The card A-Esika's Chariot was not assigned to any set. Adding it to UNKNOWN set... to fix see res/editions/ folder. 
The card A-Faceless Haven was not assigned to any set. Adding it to UNKNOWN set... to fix see res/editions/ folder. 
The card A-Fires of Invention was not assigned to any set. Adding it to UNKNOWN set... to fix see res/editions/ folder. 
The card A-Goldspan Dragon was not assigned to any set. Adding it to UNKNOWN set... to fix see res/editions/ folder. 
The card A-Hullbreaker Horror was not assigned to any set. Adding it to UNKNOWN set... to fix see res/editions/ folder. 
The card A-Kumano Faces Kakkazan was not assigned to any set. Adding it to UNKNOWN set... to fix see res/editions/ folder. 
The card A-Luminarch Aspirant was not assigned to any set. Adding it to UNKNOWN set... to fix see res/editions/ folder. 
The card A-Monster Manual was not assigned to any set. Adding it to UNKNOWN set... to fix see res/editions/ folder. 
The card A-Omnath, Locus of Creation was not assigned to any set. Adding it to UNKNOWN set... to fix see res/editions/ folder. 
The card A-The Meathook Massacre was not assigned to any set. Adding it to UNKNOWN set... to fix see res/editions/ folder. 
The card A-Unholy Heat was not assigned to any set. Adding it to UNKNOWN set... to fix see res/editions/ folder. 
The card Blinding Radiance was not assigned to any set. Adding it to UNKNOWN set... to fix see res/editions/ folder. 
The card Goblin Bruiser was not assigned to any set. Adding it to UNKNOWN set... to fix see res/editions/ folder. 
The card Ogre Painbringer was not assigned to any set. Adding it to UNKNOWN set... to fix see res/editions/ folder. 
The card Titanic Pelagosaur was not assigned to any set. Adding it to UNKNOWN set... to fix see res/editions/ folder. 
The card Treetop Recluse was not assigned to any set. Adding it to UNKNOWN set... to fix see res/editions/ folder. 
Upcoming set Star Trek (TRK) dated in the future. All `upcoming` cards will be added to this set with unknown rarity.
Read cards: 836 files in 0 ms (8 parts) using thread pool
Simulation mode
Ai(1)-mm-ur-dragon-treasure-v2 vs Ai(2)-mm-giada-angels vs Ai(3)-mm-vito vs Ai(4)-mm-baylen-tokens - one game of Commander seed 252832485
Warning: default (ie. inherited from base class) implementation of confirmAction is used by Giada, Font of Hope for forge.ai.ability.PermanentCreatureAi. Consider declaring an overloaded method
Warning: default (ie. inherited from base class) implementation of confirmAction is used by Vito, Thorn of the Dusk Rose for forge.ai.ability.PermanentCreatureAi. Consider declaring an overloaded method
Warning: default (ie. inherited from base class) implementation of confirmAction is used by Baylen, the Haymaker for forge.ai.ability.PermanentCreatureAi. Consider declaring an overloaded method
Mulligan: Ai(3)-mm-vito has mulliganed down to 7 cards.
Mulligan: Ai(2)-mm-giada-angels has mulliganed down to 7 cards.
Mulligan: Ai(3)-mm-vito has kept a hand of 7 cards
Mulligan: Ai(4)-mm-baylen-tokens has kept a hand of 7 cards
Mulligan: Ai(1)-mm-ur-dragon-treasure-v2 has kept a hand of 7 cards
Mulligan: Ai(2)-mm-giada-angels has kept a hand of 7 cards
Turn: Turn 1 (Ai(3)-mm-vito)
Phase: Ai(3)-mm-vito's Untap step
Phase: Ai(3)-mm-vito's Upkeep step
Phase: Ai(3)-mm-vito's Draw step
Phase: Ai(3)-mm-vito's Main phase, precombat
Land: Ai(3)-mm-vito played Swamp (259)
Phase: Ai(3)-mm-vito's Beginning of Combat Step
Phase: Ai(3)-mm-vito's Declare Attackers Step
Phase: Ai(3)-mm-vito's Declare Blockers Step
Phase: Ai(3)-mm-vito's First Strike Damage Step
Phase: Ai(3)-mm-vito's Combat Damage Step
Phase: Ai(3)-mm-vito's End of Combat Step
Phase: Ai(3)-mm-vito's Main phase, postcombat
Mana: Swamp (259) - {T}: Add {B}.
Add To Stack: Ai(3)-mm-vito cast Sol Ring
Resolve Stack: Sol Ring
Phase: Ai(3)-mm-vito's End step
Phase: Ai(3)-mm-vito's Cleanup step
Turn: Turn 2 (Ai(4)-mm-baylen-tokens)
Phase: Ai(4)-mm-baylen-tokens' Untap step
Phase: Ai(4)-mm-baylen-tokens' Upkeep step
Phase: Ai(4)-mm-baylen-tokens' Draw step
Phase: Ai(4)-mm-baylen-tokens' Main phase, precombat
Land: Ai(4)-mm-baylen-tokens played Plains (392)
Phase: Ai(4)-mm-baylen-tokens' Beginning of Combat Step
Phase: Ai(4)-mm-baylen-tokens' Declare Attackers Step
Phase: Ai(4)-mm-baylen-tokens' Declare Blockers Step
Phase: Ai(4)-mm-baylen-tokens' First Strike Damage Step
Phase: Ai(4)-mm-baylen-tokens' Combat Damage Step
Phase: Ai(4)-mm-baylen-tokens' End of Combat Step
Phase: Ai(4)-mm-baylen-tokens' Main phase, postcombat
Mana: Plains (392) - {T}: Add {W}.
Add To Stack: Ai(4)-mm-baylen-tokens cast Skullclamp
Resolve Stack: Skullclamp
Phase: Ai(4)-mm-baylen-tokens' End step
Phase: Ai(4)-mm-baylen-tokens' Cleanup step
Turn: Turn 3 (Ai(1)-mm-ur-dragon-treasure-v2)
Phase: Ai(1)-mm-ur-dragon-treasure-v2's Untap step
Phase: Ai(1)-mm-ur-dragon-treasure-v2's Upkeep step
Phase: Ai(1)-mm-ur-dragon-treasure-v2's Draw step
Phase: Ai(1)-mm-ur-dragon-treasure-v2's Main phase, precombat
Replacement Effect: Path of Ancestry enters tapped.
Land: Ai(1)-mm-ur-dragon-treasure-v2 played Path of Ancestry (7)
Phase: Ai(1)-mm-ur-dragon-treasure-v2's Beginning of Combat Step
Phase: Ai(1)-mm-ur-dragon-treasure-v2's Declare Attackers Step
Phase: Ai(1)-mm-ur-dragon-treasure-v2's Declare Blockers Step
Phase: Ai(1)-mm-ur-dragon-treasure-v2's First Strike Damage Step
Phase: Ai(1)-mm-ur-dragon-treasure-v2's Combat Damage Step
Phase: Ai(1)-mm-ur-dragon-treasure-v2's End of Combat Step
Phase: Ai(1)-mm-ur-dragon-treasure-v2's Main phase, postcombat
Phase: Ai(1)-mm-ur-dragon-treasure-v2's End step
Phase: Ai(1)-mm-ur-dragon-treasure-v2's Cleanup step
Turn: Turn 4 (Ai(2)-mm-giada-angels)
Phase: Ai(2)-mm-giada-angels' Untap step
Phase: Ai(2)-mm-giada-angels' Upkeep step
Phase: Ai(2)-mm-giada-angels' Draw step
Phase: Ai(2)-mm-giada-angels' Main phase, precombat
Land: Ai(2)-mm-giada-angels played War Room (139)
Phase: Ai(2)-mm-giada-angels' Beginning of Combat Step
Phase: Ai(2)-mm-giada-angels' Declare Attackers Step
Phase: Ai(2)-mm-giada-angels' Declare Blockers Step
Phase: Ai(2)-mm-giada-angels' First Strike Damage Step
Phase: Ai(2)-mm-giada-angels' Combat Damage Step
Phase: Ai(2)-mm-giada-angels' End of Combat Step
Phase: Ai(2)-mm-giada-angels' Main phase, postcombat
Phase: Ai(2)-mm-giada-angels' End step
Phase: Ai(2)-mm-giada-angels' Cleanup step
Turn: Turn 5 (Ai(3)-mm-vito)
Phase: Ai(3)-mm-vito's Untap step
Phase: Ai(3)-mm-vito's Upkeep step
Phase: Ai(3)-mm-vito's Draw step
Phase: Ai(3)-mm-vito's Main phase, precombat
Land: Ai(3)-mm-vito played Swamp (269)
Phase: Ai(3)-mm-vito's Beginning of Combat Step
Phase: Ai(3)-mm-vito's Declare Attackers Step
Phase: Ai(3)-mm-vito's Declare Blockers Step
Phase: Ai(3)-mm-vito's First Strike Damage Step
Phase: Ai(3)-mm-vito's Combat Damage Step
Phase: Ai(3)-mm-vito's End of Combat Step
Phase: Ai(3)-mm-vito's Main phase, postcombat
Mana: Swamp (259) - {T}: Add {B}.
Mana: Sol Ring (216) - {T}: Add {C}{C}.
Add To Stack: Ai(3)-mm-vito cast Nullpriest of Oblivion
Resolve Stack: Nullpriest of Oblivion - Creature 2 / 1
Phase: Ai(3)-mm-vito's End step
Phase: Ai(3)-mm-vito's Cleanup step
Turn: Turn 6 (Ai(4)-mm-baylen-tokens)
Phase: Ai(4)-mm-baylen-tokens' Untap step
Phase: Ai(4)-mm-baylen-tokens' Upkeep step
Phase: Ai(4)-mm-baylen-tokens' Draw step
Phase: Ai(4)-mm-baylen-tokens' Main phase, precombat
Land: Ai(4)-mm-baylen-tokens played Mountain (387)
Phase: Ai(4)-mm-baylen-tokens' Beginning of Combat Step
Phase: Ai(4)-mm-baylen-tokens' Declare Attackers Step
Phase: Ai(4)-mm-baylen-tokens' Declare Blockers Step
Phase: Ai(4)-mm-baylen-tokens' First Strike Damage Step
Phase: Ai(4)-mm-baylen-tokens' Combat Damage Step
Phase: Ai(4)-mm-baylen-tokens' End of Combat Step
Phase: Ai(4)-mm-baylen-tokens' Main phase, postcombat
Mana: Plains (392) - {T}: Add {W}.
Mana: Mountain (387) - {T}: Add {R}.
Add To Stack: Ai(4)-mm-baylen-tokens cast Hare Apparent
Resolve Stack: Hare Apparent - Creature 2 / 2
Add To Stack: Ai(4)-mm-baylen-tokens triggered Hare Apparent
Resolve Stack: When this creature enters, create a number of 1/1 white Rabbit creature tokens equal to the number of other creatures you control named Hare Apparent. [Zone Changer: Hare Apparent (351)]
Phase: Ai(4)-mm-baylen-tokens' End step
Phase: Ai(4)-mm-baylen-tokens' Cleanup step
Turn: Turn 7 (Ai(1)-mm-ur-dragon-treasure-v2)
Phase: Ai(1)-mm-ur-dragon-treasure-v2's Untap step
Phase: Ai(1)-mm-ur-dragon-treasure-v2's Upkeep step
Phase: Ai(1)-mm-ur-dragon-treasure-v2's Draw step
Phase: Ai(1)-mm-ur-dragon-treasure-v2's Main phase, precombat
Land: Ai(1)-mm-ur-dragon-treasure-v2 played Mana Confluence (67)
Phase: Ai(1)-mm-ur-dragon-treasure-v2's Beginning of Combat Step
Phase: Ai(1)-mm-ur-dragon-treasure-v2's Declare Attackers Step
Phase: Ai(1)-mm-ur-dragon-treasure-v2's Declare Blockers Step
Phase: Ai(1)-mm-ur-dragon-treasure-v2's First Strike Damage Step
Phase: Ai(1)-mm-ur-dragon-treasure-v2's Combat Damage Step
Phase: Ai(1)-mm-ur-dragon-treasure-v2's End of Combat Step
Phase: Ai(1)-mm-ur-dragon-treasure-v2's Main phase, postcombat
Phase: Ai(1)-mm-ur-dragon-treasure-v2's End step
Phase: Ai(1)-mm-ur-dragon-treasure-v2's Cleanup step
Turn: Turn 8 (Ai(2)-mm-giada-angels)
Phase: Ai(2)-mm-giada-angels' Untap step
Phase: Ai(2)-mm-giada-angels' Upkeep step
Phase: Ai(2)-mm-giada-angels' Draw step
Phase: Ai(2)-mm-giada-angels' Main phase, precombat
Replacement Effect: Minas Tirith enters tapped unless you control a legendary creature.
Land: Ai(2)-mm-giada-angels played Minas Tirith (125)
Phase: Ai(2)-mm-giada-angels' Beginning of Combat Step
Phase: Ai(2)-mm-giada-angels' Declare Attackers Step
Phase: Ai(2)-mm-giada-angels' Declare Blockers Step
Phase: Ai(2)-mm-giada-angels' First Strike Damage Step
Phase: Ai(2)-mm-giada-angels' Combat Damage Step
Phase: Ai(2)-mm-giada-angels' End of Combat Step
Phase: Ai(2)-mm-giada-angels' Main phase, postcombat
Phase: Ai(2)-mm-giada-angels' End step
Phase: Ai(2)-mm-giada-angels' Cleanup step
Turn: Turn 9 (Ai(3)-mm-vito)
Phase: Ai(3)-mm-vito's Untap step
Phase: Ai(3)-mm-vito's Upkeep step
Phase: Ai(3)-mm-vito's Draw step
Phase: Ai(3)-mm-vito's Main phase, precombat
Land: Ai(3)-mm-vito played Swamp (252)
Mana: Swamp (259) - {T}: Add {B}.
Mana: Sol Ring (216) - {T}: Add {C}{C}.
Add To Stack: Ai(3)-mm-vito cast Vito, Thorn of the Dusk Rose
Resolve Stack: Vito, Thorn of the Dusk Rose - Creature 1 / 3
Phase: Ai(3)-mm-vito's Beginning of Combat Step
Phase: Ai(3)-mm-vito's Declare Attackers Step
Combat: Ai(3)-mm-vito assigned Nullpriest of Oblivion (220) to attack Ai(4)-mm-baylen-tokens.
Phase: Ai(3)-mm-vito's Declare Blockers Step
Combat: Ai(4)-mm-baylen-tokens didn't block Nullpriest of Oblivion (220).
Phase: Ai(3)-mm-vito's First Strike Damage Step
Phase: Ai(3)-mm-vito's Combat Damage Step
Damage: Nullpriest of Oblivion (220) deals 2 combat damage to Ai(4)-mm-baylen-tokens.
Life: Life: Ai(3)-mm-vito 40 > 42
Life: Life: Ai(4)-mm-baylen-tokens 40 > 38
Add To Stack: Ai(3)-mm-vito triggered Vito, Thorn of the Dusk Rose targeting [Ai(4)-mm-baylen-tokens]
Life: Life: Ai(4)-mm-baylen-tokens 38 > 36
Resolve Stack: Whenever you gain life, target opponent loses that much life. (Targeting: [[Ai(4)-mm-baylen-tokens]]) [Player: Ai(3)-mm-vito, Gained Amount: 2]
Phase: Ai(3)-mm-vito's End of Combat Step
Phase: Ai(3)-mm-vito's Main phase, postcombat
Phase: Ai(3)-mm-vito's End step
Phase: Ai(3)-mm-vito's Cleanup step
Turn: Turn 10 (Ai(4)-mm-baylen-tokens)
Phase: Ai(4)-mm-baylen-tokens' Untap step
Phase: Ai(4)-mm-baylen-tokens' Upkeep step
Phase: Ai(4)-mm-baylen-tokens' Draw step
Phase: Ai(4)-mm-baylen-tokens' Main phase, precombat
Replacement Effect: As Stomping Ground enters, you may pay 2 life. If you don't, it enters tapped.
Land: Ai(4)-mm-baylen-tokens played Stomping Ground (325)
Mana: Plains (392) - {T}: Add {W}.
Mana: Mountain (387) - {T}: Add {R}.
Add To Stack: Ai(4)-mm-baylen-tokens cast Hare Apparent
Resolve Stack: Hare Apparent - Creature 2 / 2
Add To Stack: Ai(4)-mm-baylen-tokens triggered Hare Apparent
Resolve Stack: When this creature enters, create a number of 1/1 white Rabbit creature tokens equal to the number of other creatures you control named Hare Apparent. [Zone Changer: Hare Apparent (363)]
Phase: Ai(4)-mm-baylen-tokens' Beginning of Combat Step
Phase: Ai(4)-mm-baylen-tokens' Declare Attackers Step
Phase: Ai(4)-mm-baylen-tokens' Declare Blockers Step
Phase: Ai(4)-mm-baylen-tokens' First Strike Damage Step
Phase: Ai(4)-mm-baylen-tokens' Combat Damage Step
Phase: Ai(4)-mm-baylen-tokens' End of Combat Step
Phase: Ai(4)-mm-baylen-tokens' Main phase, postcombat
Phase: Ai(4)-mm-baylen-tokens' End step
Phase: Ai(4)-mm-baylen-tokens' Cleanup step
Turn: Turn 11 (Ai(1)-mm-ur-dragon-treasure-v2)
Phase: Ai(1)-mm-ur-dragon-treasure-v2's Untap step
Phase: Ai(1)-mm-ur-dragon-treasure-v2's Upkeep step
Phase: Ai(1)-mm-ur-dragon-treasure-v2's Draw step
Phase: Ai(1)-mm-ur-dragon-treasure-v2's Main phase, precombat
Replacement Effect: Canopy Vista enters tapped unless you control two or more basic lands.
Land: Ai(1)-mm-ur-dragon-treasure-v2 played Canopy Vista (69)
Phase: Ai(1)-mm-ur-dragon-treasure-v2's Beginning of Combat Step
Phase: Ai(1)-mm-ur-dragon-treasure-v2's Declare Attackers Step
Phase: Ai(1)-mm-ur-dragon-treasure-v2's Declare Blockers Step
Phase: Ai(1)-mm-ur-dragon-treasure-v2's First Strike Damage Step
Phase: Ai(1)-mm-ur-dragon-treasure-v2's Combat Damage Step
Phase: Ai(1)-mm-ur-dragon-treasure-v2's End of Combat Step
Phase: Ai(1)-mm-ur-dragon-treasure-v2's Main phase, postcombat
Phase: Ai(1)-mm-ur-dragon-treasure-v2's End step
Phase: Ai(1)-mm-ur-dragon-treasure-v2's Cleanup step
Turn: Turn 12 (Ai(2)-mm-giada-angels)
Phase: Ai(2)-mm-giada-angels' Untap step
Phase: Ai(2)-mm-giada-angels' Upkeep step
Phase: Ai(2)-mm-giada-angels' Draw step
Phase: Ai(2)-mm-giada-angels' Main phase, precombat
Land: Ai(2)-mm-giada-angels played Plains (175)
Phase: Ai(2)-mm-giada-angels' Beginning of Combat Step
Phase: Ai(2)-mm-giada-angels' Declare Attackers Step
Phase: Ai(2)-mm-giada-angels' Declare Blockers Step
Phase: Ai(2)-mm-giada-angels' First Strike Damage Step
Phase: Ai(2)-mm-giada-angels' Combat Damage Step
Phase: Ai(2)-mm-giada-angels' End of Combat Step
Phase: Ai(2)-mm-giada-angels' Main phase, postcombat
Mana: Plains (175) - {T}: Add {W}.
Mana: War Room (139) - {T}: Add {C}.
Add To Stack: Ai(2)-mm-giada-angels cast Giada, Font of Hope
Resolve Stack: Giada, Font of Hope - Creature 2 / 2
Phase: Ai(2)-mm-giada-angels' End step
Phase: Ai(2)-mm-giada-angels' Cleanup step
Turn: Turn 13 (Ai(3)-mm-vito)
Phase: Ai(3)-mm-vito's Untap step
Phase: Ai(3)-mm-vito's Upkeep step
Phase: Ai(3)-mm-vito's Draw step
Phase: Ai(3)-mm-vito's Main phase, precombat
Land: Ai(3)-mm-vito played Swamp (258)
Phase: Ai(3)-mm-vito's Beginning of Combat Step
Phase: Ai(3)-mm-vito's Declare Attackers Step
Phase: Ai(3)-mm-vito's Declare Blockers Step
Phase: Ai(3)-mm-vito's First Strike Damage Step
Phase: Ai(3)-mm-vito's Combat Damage Step
Phase: Ai(3)-mm-vito's End of Combat Step
Phase: Ai(3)-mm-vito's Main phase, postcombat
Mana: Swamp (259) - {T}: Add {B}.
Mana: Swamp (269) - {T}: Add {B}.
Mana: Sol Ring (216) - {T}: Add {C}{C}.
Mana: Swamp (252) - {T}: Add {B}.
Add To Stack: Ai(3)-mm-vito cast Gray Merchant of Asphodel
Resolve Stack: Gray Merchant of Asphodel - Creature 2 / 4
Add To Stack: Ai(3)-mm-vito triggered Gray Merchant of Asphodel
Life: Life: Ai(4)-mm-baylen-tokens 36 > 32
Life: Life: Ai(1)-mm-ur-dragon-treasure-v2 40 > 36
Life: Life: Ai(2)-mm-giada-angels 40 > 36
Life: Life: Ai(3)-mm-vito 42 > 54
Resolve Stack: When Gray Merchant of Asphodel enters, each opponent loses X life, where X is your devotion to black. You gain life equal to the life lost this way. [Zone Changer: Gray Merchant of Asphodel (219)]
Add To Stack: Ai(3)-mm-vito triggered Vito, Thorn of the Dusk Rose targeting [Ai(4)-mm-baylen-tokens]
Life: Life: Ai(4)-mm-baylen-tokens 32 > 20
Resolve Stack: Whenever you gain life, target opponent loses that much life. (Targeting: [[Ai(4)-mm-baylen-tokens]]) [Player: Ai(3)-mm-vito, Gained Amount: 12]
Phase: Ai(3)-mm-vito's End step
Phase: Ai(3)-mm-vito's Cleanup step
Turn: Turn 14 (Ai(4)-mm-baylen-tokens)
Phase: Ai(4)-mm-baylen-tokens' Untap step
Phase: Ai(4)-mm-baylen-tokens' Upkeep step
Phase: Ai(4)-mm-baylen-tokens' Draw step
Phase: Ai(4)-mm-baylen-tokens' Main phase, precombat
Replacement Effect: Spectator Seating enters tapped unless you have two or more opponents.
Land: Ai(4)-mm-baylen-tokens played Spectator Seating (381)
Mana: Plains (392) - {T}: Add {W}.
Mana: Mountain (387) - {T}: Add {R}.
Add To Stack: Ai(4)-mm-baylen-tokens cast Hare Apparent
Resolve Stack: Hare Apparent - Creature 2 / 2
Add To Stack: Ai(4)-mm-baylen-tokens triggered Hare Apparent
Resolve Stack: When this creature enters, create a number of 1/1 white Rabbit creature tokens equal to the number of other creatures you control named Hare Apparent. [Zone Changer: Hare Apparent (346)]
Mana: Spectator Seating (381) - {T}: Add {R} or {W}.
Add To Stack: Ai(4)-mm-baylen-tokens activated Skullclamp targeting [Hare Apparent (351)]
Resolve Stack: Skullclamp (305) -  Attach to Hare Apparent (351)
Phase: Ai(4)-mm-baylen-tokens' Beginning of Combat Step
Phase: Ai(4)-mm-baylen-tokens' Declare Attackers Step
Phase: Ai(4)-mm-baylen-tokens' Declare Blockers Step
Phase: Ai(4)-mm-baylen-tokens' First Strike Damage Step
Phase: Ai(4)-mm-baylen-tokens' Combat Damage Step
Phase: Ai(4)-mm-baylen-tokens' End of Combat Step
Phase: Ai(4)-mm-baylen-tokens' Main phase, postcombat
Phase: Ai(4)-mm-baylen-tokens' End step
Phase: Ai(4)-mm-baylen-tokens' Cleanup step
Turn: Turn 15 (Ai(1)-mm-ur-dragon-treasure-v2)
Phase: Ai(1)-mm-ur-dragon-treasure-v2's Untap step
Phase: Ai(1)-mm-ur-dragon-treasure-v2's Upkeep step
Phase: Ai(1)-mm-ur-dragon-treasure-v2's Draw step
Phase: Ai(1)-mm-ur-dragon-treasure-v2's Main phase, precombat
Life: Life: Ai(1)-mm-ur-dragon-treasure-v2 36 > 34
Replacement Effect: As Blood Crypt enters, you may pay 2 life. If you don't, it enters tapped.
Land: Ai(1)-mm-ur-dragon-treasure-v2 played Blood Crypt (17)
Mana: Canopy Vista (69) - {T}: Add {G}.
Mana: Blood Crypt (17) - {T}: Add {R}.
Mana: Path of Ancestry (7) - {T}: Add one mana of any color in your commander's color identity. When that mana is spent to cast a creature spell that shares a creature type with your commander, scry 1. (Look at the top card of your library. You may put that card on the bottom.)
Life: Life: Ai(1)-mm-ur-dragon-treasure-v2 34 > 33
Mana: Mana Confluence (67) - {T}, Pay 1 life: Add one mana of any color.
Add To Stack: Ai(1)-mm-ur-dragon-treasure-v2 cast Skyshroud Claim
Replacement Effect: As Breeding Pool enters, you may pay 2 life. If you don't, it enters tapped.
Replacement Effect: Jetmir's Garden enters tapped.
Resolve Stack: Skyshroud Claim (82) - Ai(1)-mm-ur-dragon-treasure-v2 searches their library for  up to two Forest cards, puts them onto the battlefield, then shuffles.
Phase: Ai(1)-mm-ur-dragon-treasure-v2's Beginning of Combat Step
Phase: Ai(1)-mm-ur-dragon-treasure-v2's Declare Attackers Step
Phase: Ai(1)-mm-ur-dragon-treasure-v2's Declare Blockers Step
Phase: Ai(1)-mm-ur-dragon-treasure-v2's First Strike Damage Step
Phase: Ai(1)-mm-ur-dragon-treasure-v2's Combat Damage Step
Phase: Ai(1)-mm-ur-dragon-treasure-v2's End of Combat Step
Phase: Ai(1)-mm-ur-dragon-treasure-v2's Main phase, postcombat
Phase: Ai(1)-mm-ur-dragon-treasure-v2's End step
Phase: Ai(1)-mm-ur-dragon-treasure-v2's Cleanup step
Turn: Turn 16 (Ai(2)-mm-giada-angels)
Phase: Ai(2)-mm-giada-angels' Untap step
Phase: Ai(2)-mm-giada-angels' Upkeep step
Phase: Ai(2)-mm-giada-angels' Draw step
Phase: Ai(2)-mm-giada-angels' Main phase, precombat
Replacement Effect: As Cavern of Souls enters, choose a creature type.
Land: Ai(2)-mm-giada-angels played Cavern of Souls (157)
Mana: Plains (175) - {T}: Add {W}.
Mana: Cavern of Souls (157) - {T}: Add one mana of any color. Spend this mana only to cast a creature spell of the chosen type, and that spell can't be countered.
Mana: War Room (139) - {T}: Add {C}.
Mana: Minas Tirith (125) - {T}: Add {W}.
Add To Stack: Ai(2)-mm-giada-angels cast Linvala, Keeper of Silence
Replacement Effect: Each other Angel you control enters with an additional +1/+1 counter on it for each Angel you already control.
Resolve Stack: Linvala, Keeper of Silence - Creature 3 / 4
Phase: Ai(2)-mm-giada-angels' Beginning of Combat Step
Phase: Ai(2)-mm-giada-angels' Declare Attackers Step
Combat: Ai(2)-mm-giada-angels assigned Giada, Font of Hope (201) to attack Ai(4)-mm-baylen-tokens.
Phase: Ai(2)-mm-giada-angels' Declare Blockers Step
Combat: Ai(4)-mm-baylen-tokens didn't block Giada, Font of Hope (201).
Phase: Ai(2)-mm-giada-angels' First Strike Damage Step
Phase: Ai(2)-mm-giada-angels' Combat Damage Step
Damage: Giada, Font of Hope (201) deals 2 combat damage to Ai(4)-mm-baylen-tokens.
Life: Life: Ai(4)-mm-baylen-tokens 20 > 18
Phase: Ai(2)-mm-giada-angels' End of Combat Step
Phase: Ai(2)-mm-giada-angels' Main phase, postcombat
Phase: Ai(2)-mm-giada-angels' End step
Phase: Ai(2)-mm-giada-angels' Cleanup step
Turn: Turn 17 (Ai(3)-mm-vito)
Phase: Ai(3)-mm-vito's Untap step
Phase: Ai(3)-mm-vito's Upkeep step
Phase: Ai(3)-mm-vito's Draw step
Phase: Ai(3)-mm-vito's Main phase, precombat
Phase: Ai(3)-mm-vito's Beginning of Combat Step
Phase: Ai(3)-mm-vito's Declare Attackers Step
Combat: Ai(3)-mm-vito assigned Gray Merchant of Asphodel (219) to attack Ai(4)-mm-baylen-tokens.
Phase: Ai(3)-mm-vito's Declare Blockers Step
Combat: Ai(4)-mm-baylen-tokens assigned Hare Apparent (346) and Hare Apparent (363) to block Gray Merchant of Asphodel (219).
Phase: Ai(3)-mm-vito's First Strike Damage Step
Phase: Ai(3)-mm-vito's Combat Damage Step
Damage: Gray Merchant of Asphodel (219) deals 2 damage to Hare Apparent (346).
Damage: Hare Apparent (346) deals 2 damage to Gray Merchant of Asphodel (219).
Damage: Hare Apparent (363) deals 2 damage to Gray Merchant of Asphodel (219).
Zone Change: Gray Merchant of Asphodel (219) was put into Graveyard from Battlefield.
Zone Change: Hare Apparent (346) was put into Graveyard from Battlefield.
Phase: Ai(3)-mm-vito's End of Combat Step
Phase: Ai(3)-mm-vito's Main phase, postcombat
Replacement Effect: Bojuka Bog enters tapped.
Land: Ai(3)-mm-vito played Bojuka Bog (231)
Add To Stack: Ai(3)-mm-vito triggered Bojuka Bog targeting [Ai(1)-mm-ur-dragon-treasure-v2]
Resolve Stack: When Bojuka Bog enters, exile all cards from target player's graveyard. (Targeting: [[Ai(1)-mm-ur-dragon-treasure-v2]]) [Zone Changer: Bojuka Bog (231)]
Mana: Swamp (259) - {T}: Add {B}.
Mana: Swamp (269) - {T}: Add {B}.
Mana: Swamp (252) - {T}: Add {B}.
Mana: Sol Ring (216) - {T}: Add {C}{C}.
Mana: Swamp (258) - {T}: Add {B}.
Add To Stack: Ai(3)-mm-vito cast Bolas's Citadel
Resolve Stack: Bolas's Citadel
Phase: Ai(3)-mm-vito's End step
Phase: Ai(3)-mm-vito's Cleanup step
Turn: Turn 18 (Ai(4)-mm-baylen-tokens)
Phase: Ai(4)-mm-baylen-tokens' Untap step
Phase: Ai(4)-mm-baylen-tokens' Upkeep step
Phase: Ai(4)-mm-baylen-tokens' Draw step
Phase: Ai(4)-mm-baylen-tokens' Main phase, precombat
Land: Ai(4)-mm-baylen-tokens played Plains (391)
Phase: Ai(4)-mm-baylen-tokens' Beginning of Combat Step
Phase: Ai(4)-mm-baylen-tokens' Declare Attackers Step
Phase: Ai(4)-mm-baylen-tokens' Declare Blockers Step
Phase: Ai(4)-mm-baylen-tokens' First Strike Damage Step
Phase: Ai(4)-mm-baylen-tokens' Combat Damage Step
Phase: Ai(4)-mm-baylen-tokens' End of Combat Step
Phase: Ai(4)-mm-baylen-tokens' Main phase, postcombat
Mana: Stomping Ground (325) - {T}: Add {G}.
Mana: Mountain (387) - {T}: Add {R}.
Mana: Plains (392) - {T}: Add {W}.
Add To Stack: Ai(4)-mm-baylen-tokens cast Baylen, the Haymaker
Resolve Stack: Baylen, the Haymaker - Creature 4 / 3
Phase: Ai(4)-mm-baylen-tokens' End step
Phase: Ai(4)-mm-baylen-tokens' Cleanup step
Turn: Turn 19 (Ai(1)-mm-ur-dragon-treasure-v2)
Phase: Ai(1)-mm-ur-dragon-treasure-v2's Untap step
Phase: Ai(1)-mm-ur-dragon-treasure-v2's Upkeep step
Phase: Ai(1)-mm-ur-dragon-treasure-v2's Draw step
Phase: Ai(1)-mm-ur-dragon-treasure-v2's Main phase, precombat
Mana: Blood Crypt (17) - {T}: Add {B}.
Mana: Path of Ancestry (7) - {T}: Add one mana of any color in your commander's color identity. When that mana is spent to cast a creature spell that shares a creature type with your commander, scry 1. (Look at the top card of your library. You may put that card on the bottom.)
Mana: Breeding Pool (61) - {T}: Add {G}.
Mana: Canopy Vista (69) - {T}: Add {G}.
Mana: Jetmir's Garden (28) - {T}: Add {G}.
Add To Stack: Ai(1)-mm-ur-dragon-treasure-v2 cast Crux of Fate
Zone Change: Giada, Font of Hope (201) was put into Graveyard from Battlefield.
Zone Change: Linvala, Keeper of Silence (122) was put into Graveyard from Battlefield.
Zone Change: Nullpriest of Oblivion (220) was put into Graveyard from Battlefield.
Zone Change: Vito, Thorn of the Dusk Rose (302) was put into Graveyard from Battlefield.
Zone Change: Hare Apparent (351) was put into Graveyard from Battlefield.
Zone Change: Hare Apparent (363) was put into Graveyard from Battlefield.
Zone Change: Rabbit Token (413) was put into Graveyard from Battlefield.
Zone Change: Rabbit Token (419) was put into Graveyard from Battlefield.
Zone Change: Rabbit Token (420) was put into Graveyard from Battlefield.
Zone Change: Baylen, the Haymaker (403) was put into Graveyard from Battlefield.
Resolve Stack: Crux of Fate (12) -  Destroy all non-Dragon creatures.
Add To Stack: Ai(4)-mm-baylen-tokens triggered Skullclamp
Resolve Stack: Whenever equipped creature dies, draw two cards. [Zone Changer: Hare Apparent (351)]
Phase: Ai(1)-mm-ur-dragon-treasure-v2's Beginning of Combat Step
Phase: Ai(1)-mm-ur-dragon-treasure-v2's Declare Attackers Step
Mana: Plains (391) - {T}: Add {W}.
Mana: Spectator Seating (381) - {T}: Add {R} or {W}.
Add To Stack: Ai(4)-mm-baylen-tokens cast Secure the Wastes
Resolve Stack: Secure the Wastes (368) - Ai(4)-mm-baylen-tokens creates X 1/1 white Warrior creature tokens. (X=1)
Phase: Ai(1)-mm-ur-dragon-treasure-v2's Declare Blockers Step
Phase: Ai(1)-mm-ur-dragon-treasure-v2's First Strike Damage Step
Phase: Ai(1)-mm-ur-dragon-treasure-v2's Combat Damage Step
Phase: Ai(1)-mm-ur-dragon-treasure-v2's End of Combat Step
Phase: Ai(1)-mm-ur-dragon-treasure-v2's Main phase, postcombat
Phase: Ai(1)-mm-ur-dragon-treasure-v2's End step
Phase: Ai(1)-mm-ur-dragon-treasure-v2's Cleanup step
Turn: Turn 20 (Ai(2)-mm-giada-angels)
Phase: Ai(2)-mm-giada-angels' Untap step
Phase: Ai(2)-mm-giada-angels' Upkeep step
Phase: Ai(2)-mm-giada-angels' Draw step
Phase: Ai(2)-mm-giada-angels' Main phase, precombat
Land: Ai(2)-mm-giada-angels played Plains (194)
Phase: Ai(2)-mm-giada-angels' Beginning of Combat Step
Phase: Ai(2)-mm-giada-angels' Declare Attackers Step
Phase: Ai(2)-mm-giada-angels' Declare Blockers Step
Phase: Ai(2)-mm-giada-angels' First Strike Damage Step
Phase: Ai(2)-mm-giada-angels' Combat Damage Step
Phase: Ai(2)-mm-giada-angels' End of Combat Step
Phase: Ai(2)-mm-giada-angels' Main phase, postcombat
Mana: Plains (175) - {T}: Add {W}.
Mana: Plains (194) - {T}: Add {W}.
Mana: Cavern of Souls (157) - {T}: Add one mana of any color. Spend this mana only to cast a creature spell of the chosen type, and that spell can't be countered.
Mana: War Room (139) - {T}: Add {C}.
Add To Stack: Ai(2)-mm-giada-angels cast Gisela, the Broken Blade
Resolve Stack: Gisela, the Broken Blade - Creature 4 / 3
Phase: Ai(2)-mm-giada-angels' End step
Phase: Ai(2)-mm-giada-angels' Cleanup step
Turn: Turn 21 (Ai(3)-mm-vito)
Phase: Ai(3)-mm-vito's Untap step
Phase: Ai(3)-mm-vito's Upkeep step
Phase: Ai(3)-mm-vito's Draw step
Phase: Ai(3)-mm-vito's Main phase, precombat
Phase: Ai(3)-mm-vito's Beginning of Combat Step
Phase: Ai(3)-mm-vito's Declare Attackers Step
Phase: Ai(3)-mm-vito's Declare Blockers Step
Phase: Ai(3)-mm-vito's First Strike Damage Step
Phase: Ai(3)-mm-vito's Combat Damage Step
Phase: Ai(3)-mm-vito's End of Combat Step
Phase: Ai(3)-mm-vito's Main phase, postcombat
Land: Ai(3)-mm-vito played Swamp (256)
Life: Life: Ai(3)-mm-vito 54 > 52
Add To Stack: Ai(3)-mm-vito cast Creeping Bloodsucker
Resolve Stack: Creeping Bloodsucker - Creature 1 / 2
Mana: Swamp (259) - {T}: Add {B}.
Mana: Sol Ring (216) - {T}: Add {C}{C}.
Add To Stack: Ai(3)-mm-vito cast Marauding Blight-Priest
Resolve Stack: Marauding Blight-Priest - Creature 3 / 2
Mana: Swamp (269) - {T}: Add {B}.
Mana: Swamp (252) - {T}: Add {B}.
Mana: Swamp (258) - {T}: Add {B}.
Mana: Bojuka Bog (231) - {T}: Add {B}.
Mana: Swamp (256) - {T}: Add {B}.
Add To Stack: Ai(3)-mm-vito cast Vito, Thorn of the Dusk Rose
Resolve Stack: Vito, Thorn of the Dusk Rose - Creature 1 / 3
Phase: Ai(3)-mm-vito's End step
Phase: Ai(3)-mm-vito's Cleanup step
Turn: Turn 22 (Ai(4)-mm-baylen-tokens)
Phase: Ai(4)-mm-baylen-tokens' Untap step
Phase: Ai(4)-mm-baylen-tokens' Upkeep step
Phase: Ai(4)-mm-baylen-tokens' Draw step
Phase: Ai(4)-mm-baylen-tokens' Main phase, precombat
Land: Ai(4)-mm-baylen-tokens played Forest (326)
Phase: Ai(4)-mm-baylen-tokens' Beginning of Combat Step
Phase: Ai(4)-mm-baylen-tokens' Declare Attackers Step
Phase: Ai(4)-mm-baylen-tokens' Declare Blockers Step
Phase: Ai(4)-mm-baylen-tokens' First Strike Damage Step
Phase: Ai(4)-mm-baylen-tokens' Combat Damage Step
Phase: Ai(4)-mm-baylen-tokens' End of Combat Step
Phase: Ai(4)-mm-baylen-tokens' Main phase, postcombat
Mana: Plains (392) - {T}: Add {W}.
Mana: Plains (391) - {T}: Add {W}.
Mana: Mountain (387) - {T}: Add {R}.
Mana: Forest (326) - {T}: Add {G}.
Mana: Spectator Seating (381) - {T}: Add {R} or {W}.
Add To Stack: Ai(4)-mm-baylen-tokens cast Elspeth, Storm Slayer
Replacement Effect: Elspeth, Storm Slayer enters with five loyalty counters on it.
Resolve Stack: Elspeth, Storm Slayer
Add To Stack: Ai(4)-mm-baylen-tokens activated Elspeth, Storm Slayer targeting [Gisela, the Broken Blade (114)]
Zone Change: Gisela, the Broken Blade (114) was put into Graveyard from Battlefield.
Resolve Stack: Elspeth, Storm Slayer (400) - Destroy Gisela, the Broken Blade (114).
Phase: Ai(4)-mm-baylen-tokens' End step
Phase: Ai(4)-mm-baylen-tokens' Cleanup step
Turn: Turn 23 (Ai(1)-mm-ur-dragon-treasure-v2)
Phase: Ai(1)-mm-ur-dragon-treasure-v2's Untap step
Phase: Ai(1)-mm-ur-dragon-treasure-v2's Upkeep step
Phase: Ai(1)-mm-ur-dragon-treasure-v2's Draw step
Phase: Ai(1)-mm-ur-dragon-treasure-v2's Main phase, precombat
Phase: Ai(1)-mm-ur-dragon-treasure-v2's Beginning of Combat Step
Phase: Ai(1)-mm-ur-dragon-treasure-v2's Declare Attackers Step
Phase: Ai(1)-mm-ur-dragon-treasure-v2's Declare Blockers Step
Phase: Ai(1)-mm-ur-dragon-treasure-v2's First Strike Damage Step
Phase: Ai(1)-mm-ur-dragon-treasure-v2's Combat Damage Step
Phase: Ai(1)-mm-ur-dragon-treasure-v2's End of Combat Step
Phase: Ai(1)-mm-ur-dragon-treasure-v2's Main phase, postcombat
Mana: Blood Crypt (17) - {T}: Add {R}.
Mana: Canopy Vista (69) - {T}: Add {G}.
Mana: Breeding Pool (61) - {T}: Add {G}.
Mana: Jetmir's Garden (28) - {T}: Add {G}.
Add To Stack: Ai(1)-mm-ur-dragon-treasure-v2 cast Jolene, the Plunder Queen
Resolve Stack: Jolene, the Plunder Queen - Creature 2 / 2
Mana: Path of Ancestry (7) - {T}: Add one mana of any color in your commander's color identity. When that mana is spent to cast a creature spell that shares a creature type with your commander, scry 1. (Look at the top card of your library. You may put that card on the bottom.)
Add To Stack: Ai(1)-mm-ur-dragon-treasure-v2 cast Swords to Plowshares targeting [Marauding Blight-Priest (285)]
Zone Change: Marauding Blight-Priest (285) was put into Exile from Battlefield.
Life: Life: Ai(3)-mm-vito 52 > 55
Resolve Stack: Swords to Plowshares (57) - Exile Marauding Blight-Priest (285). Ai(3)-mm-vito gains life equal to its power.
Add To Stack: Ai(3)-mm-vito triggered Vito, Thorn of the Dusk Rose targeting [Ai(4)-mm-baylen-tokens]
Life: Life: Ai(4)-mm-baylen-tokens 18 > 15
Resolve Stack: Whenever you gain life, target opponent loses that much life. (Targeting: [[Ai(4)-mm-baylen-tokens]]) [Player: Ai(3)-mm-vito, Gained Amount: 3]
Phase: Ai(1)-mm-ur-dragon-treasure-v2's End step
Phase: Ai(1)-mm-ur-dragon-treasure-v2's Cleanup step
Turn: Turn 24 (Ai(2)-mm-giada-angels)
Phase: Ai(2)-mm-giada-angels' Untap step
Phase: Ai(2)-mm-giada-angels' Upkeep step
Phase: Ai(2)-mm-giada-angels' Draw step
Phase: Ai(2)-mm-giada-angels' Main phase, precombat
Replacement Effect: Emeria, the Sky Ruin enters tapped.
Land: Ai(2)-mm-giada-angels played Emeria, the Sky Ruin (198)
Phase: Ai(2)-mm-giada-angels' Beginning of Combat Step
Phase: Ai(2)-mm-giada-angels' Declare Attackers Step
Phase: Ai(2)-mm-giada-angels' Declare Blockers Step
Phase: Ai(2)-mm-giada-angels' First Strike Damage Step
Phase: Ai(2)-mm-giada-angels' Combat Damage Step
Phase: Ai(2)-mm-giada-angels' End of Combat Step
Phase: Ai(2)-mm-giada-angels' Main phase, postcombat
Mana: Plains (175) - {T}: Add {W}.
Mana: Plains (194) - {T}: Add {W}.
Mana: Cavern of Souls (157) - {T}: Add one mana of any color. Spend this mana only to cast a creature spell of the chosen type, and that spell can't be countered.
Mana: War Room (139) - {T}: Add {C}.
Mana: Minas Tirith (125) - {T}: Add {W}.
Add To Stack: Ai(2)-mm-giada-angels cast Archangel of Thune
Resolve Stack: Archangel of Thune - Creature 3 / 4
Phase: Ai(2)-mm-giada-angels' End step
Phase: Ai(2)-mm-giada-angels' Cleanup step
Turn: Turn 25 (Ai(3)-mm-vito)
Phase: Ai(3)-mm-vito's Untap step
Phase: Ai(3)-mm-vito's Upkeep step
Add To Stack: Ai(3)-mm-vito triggered Creeping Bloodsucker
Damage: Creeping Bloodsucker (274) deals 1 non-combat damage to Ai(4)-mm-baylen-tokens.
Damage: Creeping Bloodsucker (274) deals 1 non-combat damage to Ai(1)-mm-ur-dragon-treasure-v2.
Damage: Creeping Bloodsucker (274) deals 1 non-combat damage to Ai(2)-mm-giada-angels.
Life: Life: Ai(1)-mm-ur-dragon-treasure-v2 33 > 32
Life: Life: Ai(2)-mm-giada-angels 36 > 35
Life: Life: Ai(4)-mm-baylen-tokens 15 > 14
Life: Life: Ai(3)-mm-vito 55 > 58
Resolve Stack: At the beginning of your upkeep, Creeping Bloodsucker deals 1 damage to each opponent. You gain life equal to the damage dealt this way. [Phase: Ai(3)-mm-vito]
Add To Stack: Ai(3)-mm-vito triggered Vito, Thorn of the Dusk Rose targeting [Ai(4)-mm-baylen-tokens]
Life: Life: Ai(4)-mm-baylen-tokens 14 > 11
Resolve Stack: Whenever you gain life, target opponent loses that much life. (Targeting: [[Ai(4)-mm-baylen-tokens]]) [Player: Ai(3)-mm-vito, Gained Amount: 3]
Phase: Ai(3)-mm-vito's Draw step
Phase: Ai(3)-mm-vito's Main phase, precombat
Land: Ai(3)-mm-vito played Swamp (255)
Phase: Ai(3)-mm-vito's Beginning of Combat Step
Phase: Ai(3)-mm-vito's Declare Attackers Step
Combat: Ai(3)-mm-vito assigned Creeping Bloodsucker (274) and Vito, Thorn of the Dusk Rose (302) to attack Elspeth, Storm Slayer (400).
Phase: Ai(3)-mm-vito's Declare Blockers Step
Combat: Ai(4)-mm-baylen-tokens assigned Warrior Token (427) to block Creeping Bloodsucker (274).
Ai(4)-mm-baylen-tokens didn't block Vito, Thorn of the Dusk Rose (302).
Phase: Ai(3)-mm-vito's First Strike Damage Step
Phase: Ai(3)-mm-vito's Combat Damage Step
Damage: Creeping Bloodsucker (274) deals 1 damage to Warrior Token (427).
Damage: Warrior Token (427) deals 1 damage to Creeping Bloodsucker (274).
Zone Change: Warrior Token (427) was put into Graveyard from Battlefield.
Phase: Ai(3)-mm-vito's End of Combat Step
Phase: Ai(3)-mm-vito's Main phase, postcombat
Life: Life: Ai(3)-mm-vito 58 > 52
Add To Stack: Ai(3)-mm-vito cast Blood Tribute targeting [Ai(4)-mm-baylen-tokens]
Life: Life: Ai(4)-mm-baylen-tokens 11 > 5
Resolve Stack: Blood Tribute (207) - Ai(4)-mm-baylen-tokens loses life equal to the life lost this way. If it was kicked, ai(3)-mm-vito gains 6 life.
Life: Life: Ai(3)-mm-vito 52 > 48
Add To Stack: Ai(3)-mm-vito cast Sanctum Seeker
Resolve Stack: Sanctum Seeker - Creature 3 / 4
Life: Life: Ai(3)-mm-vito 48 > 45
Add To Stack: Ai(3)-mm-vito cast Bloodthirsty Aerialist
Resolve Stack: Bloodthirsty Aerialist - Creature 2 / 3
Life: Life: Ai(3)-mm-vito 45 > 41
Add To Stack: Ai(3)-mm-vito cast Sangromancer
Resolve Stack: Sangromancer - Creature 3 / 3
Life: Life: Ai(3)-mm-vito 41 > 37
Add To Stack: Ai(3)-mm-vito cast Bloodletter of Aclazotz
Resolve Stack: Bloodletter of Aclazotz - Creature 2 / 4
Life: Life: Ai(3)-mm-vito 37 > 32
Add To Stack: Ai(3)-mm-vito cast Epicure of Blood
Resolve Stack: Epicure of Blood - Creature 4 / 4
Mana: Swamp (259) - {T}: Add {B}.
Mana: Swamp (269) - {T}: Add {B}.
Mana: Sol Ring (216) - {T}: Add {C}{C}.
Mana: Swamp (252) - {T}: Add {B}.
Mana: Swamp (258) - {T}: Add {B}.
Mana: Bojuka Bog (231) - {T}: Add {B}.
Mana: Swamp (256) - {T}: Add {B}.
Mana: Swamp (255) - {T}: Add {B}.
Add To Stack: Ai(3)-mm-vito cast Exsanguinate
Replacement Effect: If an opponent would lose life during your turn, they lose twice that much life instead. (Damage causes loss of life.)
Life: Life: Ai(4)-mm-baylen-tokens 5 > -9
Replacement Effect: If an opponent would lose life during your turn, they lose twice that much life instead. (Damage causes loss of life.)
Life: Life: Ai(1)-mm-ur-dragon-treasure-v2 32 > 18
Replacement Effect: If an opponent would lose life during your turn, they lose twice that much life instead. (Damage causes loss of life.)
Life: Life: Ai(2)-mm-giada-angels 35 > 21
Life: Life: Ai(3)-mm-vito 32 > 74
Resolve Stack: Exsanguinate (226) - Ai(4)-mm-baylen-tokens, Ai(1)-mm-ur-dragon-treasure-v2 and Ai(2)-mm-giada-angels each lose life equal to the life lost this way. You gain life equal to the life lost this way. (X=7)
Add To Stack: Ai(3)-mm-vito triggered Vito, Thorn of the Dusk Rose targeting [Ai(1)-mm-ur-dragon-treasure-v2]
Add To Stack: Ai(3)-mm-vito triggered Epicure of Blood
Add To Stack: Ai(3)-mm-vito triggered Bloodthirsty Aerialist
Resolve Stack: Whenever you gain life, put a +1/+1 counter on Bloodthirsty Aerialist. [Player: Ai(3)-mm-vito, Gained Amount: 42]
Replacement Effect: If an opponent would lose life during your turn, they lose twice that much life instead. (Damage causes loss of life.)
Life: Life: Ai(1)-mm-ur-dragon-treasure-v2 18 > 16
Replacement Effect: If an opponent would lose life during your turn, they lose twice that much life instead. (Damage causes loss of life.)
Life: Life: Ai(2)-mm-giada-angels 21 > 19
Resolve Stack: Whenever you gain life, each opponent loses 1 life. [Player: Ai(3)-mm-vito, Gained Amount: 42]
Replacement Effect: If an opponent would lose life during your turn, they lose twice that much life instead. (Damage causes loss of life.)
Life: Life: Ai(1)-mm-ur-dragon-treasure-v2 16 > -68
Resolve Stack: Whenever you gain life, target opponent loses that much life. (Targeting: [[Ai(1)-mm-ur-dragon-treasure-v2]]) [Player: Ai(3)-mm-vito, Gained Amount: 42]
Phase: Ai(3)-mm-vito's End step
Phase: Ai(3)-mm-vito's Cleanup step
Turn: Turn 26 (Ai(2)-mm-giada-angels)
Phase: Ai(2)-mm-giada-angels' Untap step
Phase: Ai(2)-mm-giada-angels' Upkeep step
Phase: Ai(2)-mm-giada-angels' Draw step
Phase: Ai(2)-mm-giada-angels' Main phase, precombat
Phase: Ai(2)-mm-giada-angels' Beginning of Combat Step
Phase: Ai(2)-mm-giada-angels' Declare Attackers Step
Phase: Ai(2)-mm-giada-angels' Declare Blockers Step
Phase: Ai(2)-mm-giada-angels' First Strike Damage Step
Phase: Ai(2)-mm-giada-angels' Combat Damage Step
Phase: Ai(2)-mm-giada-angels' End of Combat Step
Phase: Ai(2)-mm-giada-angels' Main phase, postcombat
Mana: Plains (175) - {T}: Add {W}.
Mana: Plains (194) - {T}: Add {W}.
Mana: Emeria, the Sky Ruin (198) - {T}: Add {W}.
Mana: Cavern of Souls (157) - {T}: Add {C}.
Mana: War Room (139) - {T}: Add {C}.
Add To Stack: Ai(2)-mm-giada-angels cast Vanquisher's Banner
Replacement Effect: As Vanquisher's Banner enters, choose a creature type.
Resolve Stack: Vanquisher's Banner
Phase: Ai(2)-mm-giada-angels' End step
Phase: Ai(2)-mm-giada-angels' Cleanup step
Turn: Turn 27 (Ai(3)-mm-vito)
Phase: Ai(3)-mm-vito's Untap step
Phase: Ai(3)-mm-vito's Upkeep step
Add To Stack: Ai(3)-mm-vito triggered Creeping Bloodsucker
Damage: Creeping Bloodsucker (274) deals 1 non-combat damage to Ai(2)-mm-giada-angels.
Replacement Effect: If an opponent would lose life during your turn, they lose twice that much life instead. (Damage causes loss of life.)
Life: Life: Ai(2)-mm-giada-angels 19 > 17
Life: Life: Ai(3)-mm-vito 74 > 75
Resolve Stack: At the beginning of your upkeep, Creeping Bloodsucker deals 1 damage to each opponent. You gain life equal to the damage dealt this way. [Phase: Ai(3)-mm-vito]
Add To Stack: Ai(3)-mm-vito triggered Vito, Thorn of the Dusk Rose targeting [Ai(2)-mm-giada-angels]
Add To Stack: Ai(3)-mm-vito triggered Epicure of Blood
Add To Stack: Ai(3)-mm-vito triggered Bloodthirsty Aerialist
Resolve Stack: Whenever you gain life, put a +1/+1 counter on Bloodthirsty Aerialist. [Player: Ai(3)-mm-vito, Gained Amount: 1]
Replacement Effect: If an opponent would lose life during your turn, they lose twice that much life instead. (Damage causes loss of life.)
Life: Life: Ai(2)-mm-giada-angels 17 > 15
Resolve Stack: Whenever you gain life, each opponent loses 1 life. [Player: Ai(3)-mm-vito, Gained Amount: 1]
Replacement Effect: If an opponent would lose life during your turn, they lose twice that much life instead. (Damage causes loss of life.)
Life: Life: Ai(2)-mm-giada-angels 15 > 13
Resolve Stack: Whenever you gain life, target opponent loses that much life. (Targeting: [[Ai(2)-mm-giada-angels]]) [Player: Ai(3)-mm-vito, Gained Amount: 1]
Phase: Ai(3)-mm-vito's Draw step
Phase: Ai(3)-mm-vito's Main phase, precombat
Land: Ai(3)-mm-vito played Swamp (248)
Life: Life: Ai(3)-mm-vito 75 > 72
Add To Stack: Ai(3)-mm-vito cast Read the Bones
Resolve Stack: Ai(3)-mm-vito scried 2 card(s) to the bottom of the library
Life: Life: Ai(3)-mm-vito 72 > 70
Resolve Stack: Read the Bones (212) - Ai(3)-mm-vito scries 2. Ai(3)-mm-vito draws two cards. Ai(3)-mm-vito loses 2 life.
Life: Life: Ai(3)-mm-vito 70 > 69
Add To Stack: Ai(3)-mm-vito cast Defile targeting [Archangel of Thune (136)]
Resolve Stack: Defile (283) - Archangel of Thune (136) gets -7/-7  until end of turn.
Zone Change: Archangel of Thune (136) was put into Graveyard from Battlefield.
Add To Stack: Ai(3)-mm-vito triggered Sangromancer
Life: Life: Ai(3)-mm-vito 69 > 72
Resolve Stack: Whenever a creature an opponent controls dies, you may gain 3 life. [Zone Changer: Archangel of Thune (136)]
Add To Stack: Ai(3)-mm-vito triggered Vito, Thorn of the Dusk Rose targeting [Ai(2)-mm-giada-angels]
Add To Stack: Ai(3)-mm-vito triggered Epicure of Blood
Add To Stack: Ai(3)-mm-vito triggered Bloodthirsty Aerialist
Resolve Stack: Whenever you gain life, put a +1/+1 counter on Bloodthirsty Aerialist. [Player: Ai(3)-mm-vito, Gained Amount: 3]
Replacement Effect: If an opponent would lose life during your turn, they lose twice that much life instead. (Damage causes loss of life.)
Life: Life: Ai(2)-mm-giada-angels 13 > 11
Resolve Stack: Whenever you gain life, each opponent loses 1 life. [Player: Ai(3)-mm-vito, Gained Amount: 3]
Replacement Effect: If an opponent would lose life during your turn, they lose twice that much life instead. (Damage causes loss of life.)
Life: Life: Ai(2)-mm-giada-angels 11 > 5
Resolve Stack: Whenever you gain life, target opponent loses that much life. (Targeting: [[Ai(2)-mm-giada-angels]]) [Player: Ai(3)-mm-vito, Gained Amount: 3]
Phase: Ai(3)-mm-vito's Beginning of Combat Step
Phase: Ai(3)-mm-vito's Declare Attackers Step
Combat: Ai(3)-mm-vito assigned Bloodthirsty Aerialist (230), Epicure of Blood (208), Sanctum Seeker (204), Sangromancer (286), Bloodletter of Aclazotz (277), Creeping Bloodsucker (274) and Vito, Thorn of the Dusk Rose (302) to attack Ai(2)-mm-giada-angels.
Add To Stack: Ai(3)-mm-vito triggered Sanctum Seeker
Add To Stack: Ai(3)-mm-vito triggered Sanctum Seeker
Add To Stack: Ai(3)-mm-vito triggered Sanctum Seeker
Add To Stack: Ai(3)-mm-vito triggered Sanctum Seeker
Add To Stack: Ai(3)-mm-vito triggered Sanctum Seeker
Add To Stack: Ai(3)-mm-vito triggered Sanctum Seeker
Add To Stack: Ai(3)-mm-vito triggered Sanctum Seeker
Replacement Effect: If an opponent would lose life during your turn, they lose twice that much life instead. (Damage causes loss of life.)
Life: Life: Ai(2)-mm-giada-angels 5 > 3
Life: Life: Ai(3)-mm-vito 72 > 73
Resolve Stack: Whenever a Vampire you control attacks, each opponent loses 1 life and you gain 1 life. [Attacker: Vito, Thorn of the Dusk Rose (302)]
Add To Stack: Ai(3)-mm-vito triggered Vito, Thorn of the Dusk Rose targeting [Ai(2)-mm-giada-angels]
Add To Stack: Ai(3)-mm-vito triggered Epicure of Blood
Add To Stack: Ai(3)-mm-vito triggered Bloodthirsty Aerialist
Resolve Stack: Whenever you gain life, put a +1/+1 counter on Bloodthirsty Aerialist. [Player: Ai(3)-mm-vito, Gained Amount: 1]
Replacement Effect: If an opponent would lose life during your turn, they lose twice that much life instead. (Damage causes loss of life.)
Life: Life: Ai(2)-mm-giada-angels 3 > 1
Resolve Stack: Whenever you gain life, each opponent loses 1 life. [Player: Ai(3)-mm-vito, Gained Amount: 1]
Replacement Effect: If an opponent would lose life during your turn, they lose twice that much life instead. (Damage causes loss of life.)
Life: Life: Ai(2)-mm-giada-angels 1 > -1
Resolve Stack: Whenever you gain life, target opponent loses that much life. (Targeting: [[Ai(2)-mm-giada-angels]]) [Player: Ai(3)-mm-vito, Gained Amount: 1]
Player Control: Ai(1)-mm-ur-dragon-treasure-v2 has restored control over themself
Player Control: Ai(2)-mm-giada-angels has restored control over themself
Player Control: Ai(3)-mm-vito has restored control over themself
Player Control: Ai(4)-mm-baylen-tokens has restored control over themself
Game Outcome: Turn 14
Game Outcome: Ai(1)-mm-ur-dragon-treasure-v2 has lost because life total reached 0
Game Outcome: Ai(2)-mm-giada-angels has lost because life total reached 0
Game Outcome: Ai(3)-mm-vito has won because all opponents have lost
Game Outcome: Ai(4)-mm-baylen-tokens has lost because life total reached 0
Match Result: Ai(1)-mm-ur-dragon-treasure-v2: 0 Ai(2)-mm-giada-angels: 0 Ai(3)-mm-vito: 1 Ai(4)-mm-baylen-tokens: 0 

Game Result: Game 1 ended in 12176 ms. Ai(3)-mm-vito has won!

