2026-10-04 13:08:47 START edgar-vampires@draw-v1
  POWER PREFLIGHT   baseline 0.233 · 200 games against 412 on the other side · about 4.8 h
    this run resolves a change of +0.110 or larger (a rise to 0.343)
    smaller than that comes back INCONCLUSIVE — which is not evidence of no effect

    you want to detect      power here   games/arm needed   hours
    +0.05                         0.27               1199    28.5
    +0.10                         0.74                317     7.5
    +0.15                         0.97                147     3.5
    +0.20                         1.00                 86     2.0

    The win rate also DISCARDS clocked-out games — they have no
    winner — so the effective sample is below the games played.
    A mechanism endpoint (does the swap do its job?) is usually a
    cheaper question than the outcome (does the deck win more?).
    baseline: the standard-v3 null

  CAST PROOFS   4/4 adds PLAYED under this harness (2026-10-02)
edgar-vampires@draw-v1: 199/200 games vs sythis-enchantress, jarad-graveyard, abaddon in 13594.9s on 4 JVM(s)
  wins {'edgar-vampires@draw-v1': 43, 'sythis-enchantress': 66, 'jarad-graveyard': 19, 'abaddon': 32}  draws 2  win rate 0.269  mean round 20.3 (global turn 40.1)
  PILOTING (was the AI playing this deck, or holding it?)
    land drops per own turn    ours 0.35  pod 0.39  (89% of the pod's rate)
    spells cast per own turn   ours 0.58  pod 0.71  (82% of the pod's rate)
    COMPARABLE
    our seat was handled about as well as the pod, so an A/B between two of your own lists against this table is played equally badly on both sides and remains informative. It is still not a claim about how the deck plays in your hands.
  ENGINE CASTS (did the AI play the deck's plan? 199 games, 1935 own turns, a singleton expects ~33.5 natural draws)
    engine set: 50 cards from goldfish_targets.json + engine.json, played 156% of expected natural draws
    ENGINE PLAYED
    the AI played the deck's declared engine; a win rate from this run is about the deck.
  → /Users/michellemacrae/mana-map/data/decks/edgar-vampires/branches/draw-v1/sim/sythis-enchantress-vs-jarad-graveyard-vs-abaddon-n200-edb24d54-s1987885396-memm-edgar-vampires-podExperimental-c600-ov8c347642-aif7c3b6a8-tl9473cf35.json  (logs: sim/logs/sythis-enchantress-vs-jarad-graveyard-vs-abaddon-n200-edb24d54-s1987885396-memm-edgar-vampires-podExperimental-c600-ov8c347642-aif7c3b6a8-tl9473cf35/ (gitignored; regenerate by re-running))
  ci95 None · eliminated by None · token damage share None
  ◆ seeded (1987885396; per job [1987885396, 1987885397, 1987885398, 1987885399]) — 7 assumptions in the record; game g of job j replays as `-n g -s <seed_j>`
2026-10-04 16:55:47 END edgar-vampires@draw-v1 exit=0
